<html>
<body>
<pre>
<h1>礦ision Build Log</h1>
<h2>Tool Versions:</h2>
IDE-Version: μVision V5.14.0.0
Copyright (C) 2015 ARM Ltd and ARM Germany GmbH. All rights reserved.
License Information: 1 wx5575, 1, LIC=HN0X7-EDQ9I-FIS52-9G7IY-02QWM-XDL9G
 
Tool Versions:
Toolchain:       MDK-ARM Standard  Version: 5.14.0.0
Toolchain Path:  C:\Keil_v5\ARM\ARMCC\Bin
C Compiler:      Armcc.exe V5.05 update 1 (build 106)
Assembler:       Armasm.exe V5.05 update 1 (build 106)
Linker/Locator:  ArmLink.exe V5.05 update 1 (build 106)
Library Manager: ArmAr.exe V5.05 update 1 (build 106)
Hex Converter:   FromElf.exe V5.05 update 1 (build 106)
CPU DLL:         SARMCM3.DLL V5.14.0.0
Dialog DLL:      DCM.DLL V1.13.1.0
Target DLL:      Segger\JL2CM3.dll V2.99.13.0
Dialog DLL:      TCM.DLL V1.14.4.0
 
<h2>Project:</h2>
F:\31\支持中英文切换 - 定制CS9931YS-PT-2K\CS9931_Ultra_Y-W\project.uvprojx
Project File Date:  05/22/2017

<h2>Output:</h2>
Build target 'STM32f407'
linking...
Program Size: Code=371536 RO-data=332096 RW-data=7712 ZI-data=31248  
FromELF: creating hex file...
After Build - User command #1: fromelf.exe --bin -o ./烧录文件/PROGRAM.BIN  ../buildoutput/output/PROGRAM.axf
"..\buildoutput\output\PROGRAM.axf" - 0 Error(s), 0 Warning(s).

<h2>Collection of Component include folders:</h2>
  F:\31\支持中英文切换 - 定制CS9931YS-PT-2K\CS9931_Ultra_Y-W\RTE
  C:\Keil_v5\ARM\PACK\Keil\STM32F4xx_DFP\2.9.0

<h2>Collection of Component Files used:</h2>
</pre>
</body>
</html>
