<html>
<body>
<pre>
<h1>礦ision Build Log</h1>
<h2>Project:</h2>
E:\Work\PROJECTS\修改机型\31\2017.4.10支持中英文切换\CS9931_Ultra_Y-2016.12.14\project.uvproj
Project File Date:  03/14/2017

<h2>Output:</h2>
Build target 'STM32f407'
compiling application.c...
applications\application.c(257): warning:  #223-D: function "memory_systems_open" declared implicitly
compiling startup.c...
compiling CS99xx.c...
compiling CS9931_Config.c...
compiling board.c...
compiling stm32f4xx_it.c...
compiling usart.c...
BSP\drivers\usart.c(135): warning:  #550-D: variable "GPIO_InitStructure" was set but never used
BSP\drivers\usart.c(175): warning:  #177-D: variable "NVIC_InitStructure" was declared but never referenced
BSP\drivers\usart.c(280): warning:  #177-D: variable "USART_InitStructure" was declared but never referenced
compiling bsp_button.c...
BSP\drivers\bsp_button.c(86): warning:  #223-D: function "rt_hw_interrupt_disable" declared implicitly
BSP\drivers\bsp_button.c(108): warning:  #223-D: function "rt_hw_interrupt_enable" declared implicitly
compiling RA8875.c...
compiling bsp_sdio_sd.c...
compiling spi_flash.c...
compiling memory.c...
compiling memorymanagement.c...
compiling rtc.c...
compiling bmp.c...
compiling bsp_font.c...
compiling bsp_text.c...
compiling bsp_listbox.c...
compiling bsp_ico.c...
compiling bsp_graph.c...
compiling Usart1.c...
compiling CH376_USB_UI.C...
compiling FILE_SYS.C...
compiling HAL_BASE.C...
compiling SPI_SW.C...
compiling system_stm32f4xx.c...
compiling misc.c...
compiling stm32f4xx_adc.c...
compiling stm32f4xx_can.c...
compiling stm32f4xx_crc.c...
compiling stm32f4xx_cryp.c...
compiling stm32f4xx_cryp_aes.c...
compiling stm32f4xx_cryp_des.c...
compiling stm32f4xx_cryp_tdes.c...
compiling stm32f4xx_dac.c...
compiling stm32f4xx_dbgmcu.c...
compiling stm32f4xx_dcmi.c...
compiling stm32f4xx_dma.c...
compiling stm32f4xx_exti.c...
compiling stm32f4xx_flash.c...
compiling stm32f4xx_fsmc.c...
compiling stm32f4xx_gpio.c...
compiling stm32f4xx_hash.c...
compiling stm32f4xx_hash_md5.c...
compiling stm32f4xx_hash_sha1.c...
compiling stm32f4xx_i2c.c...
compiling stm32f4xx_iwdg.c...
compiling stm32f4xx_pwr.c...
compiling stm32f4xx_rcc.c...
compiling stm32f4xx_rng.c...
compiling stm32f4xx_rtc.c...
compiling stm32f4xx_sdio.c...
compiling stm32f4xx_spi.c...
compiling stm32f4xx_syscfg.c...
compiling stm32f4xx_tim.c...
compiling stm32f4xx_usart.c...
compiling stm32f4xx_wwdg.c...
compiling clock.c...
compiling device.c...
compiling idle.c...
compiling ipc.c...
compiling irq.c...
compiling kservice.c...
compiling mem.c...
compiling mempool.c...
compiling object.c...
compiling scheduler.c...
compiling thread.c...
compiling timer.c...
compiling cpuport.c...
compiling backtrace.c...
compiling div0.c...
compiling showmem.c...
compiling completion.c...
compiling dataqueue.c...
compiling pipe.c...
compiling ringbuffer.c...
compiling serial.c...
compiling cmd.c...
compiling finsh_compiler.c...
compiling finsh_error.c...
compiling finsh_heap.c...
compiling finsh_init.c...
compiling finsh_node.c...
compiling finsh_ops.c...
compiling finsh_parser.c...
compiling finsh_token.c...
compiling finsh_var.c...
compiling finsh_vm.c...
compiling shell.c...
compiling symbol.c...
compiling dfs.c...
compiling dfs_file.c...
compiling dfs_fs.c...
compiling dfs_posix.c...
compiling dfs_elm.c...
compiling ff.c...
compiling ui_application.c...
compiling ui_title.c...
compiling ui_menu.c...
compiling ui_home.c...
applications\UI\ui_home.c(1107): warning:  #167-D: argument of type "unsigned char *" is incompatible with parameter of type "const char *restrict"
applications\UI\ui_home.c(1203): warning:  #167-D: argument of type "unsigned char *" is incompatible with parameter of type "const char *restrict"
applications\UI\ui_home.c(1308): warning:  #167-D: argument of type "uint8_t *" is incompatible with parameter of type "const char *restrict"
applications\UI\ui_home.c(1435): warning:  #167-D: argument of type "unsigned char *" is incompatible with parameter of type "const char *restrict"
applications\UI\ui_home.c(1508): warning:  #167-D: argument of type "unsigned char *" is incompatible with parameter of type "const char *restrict"
applications\UI\ui_home.c(1686): warning:  #167-D: argument of type "unsigned char *" is incompatible with parameter of type "const char *restrict"
applications\UI\ui_home.c(1758): warning:  #167-D: argument of type "unsigned char *" is incompatible with parameter of type "const char *restrict"
compiling ui_status.c...
compiling ui_file.c...
compiling ui_step.c...
applications\UI\ui_step.c(1656): warning:  #177-D: function "step_set_scanport" was declared but never referenced
compiling ui_system.c...
applications\UI\ui_system.c(3835): warning:  #223-D: function "APP_CommProtocolLogicInit" declared implicitly
compiling ui_result.c...
applications\UI\ui_result.c(1156): warning:  #223-D: function "num_input" declared implicitly
compiling ui_help.c...
compiling ui_about.c...
compiling ui_display.c...
applications\UI\ui_display.c(11): warning:  #177-D: variable "font" was declared but never referenced
compiling ui_file_Port.c...
compiling ui_autocal.c...
compiling sui_window.c...
compiling sui_drivers.c...
compiling sui_color.c...
compiling asc16font.c...
compiling hz16font.c...
compiling asc20font.c...
compiling hz20font.c...
compiling asc24font.c...
compiling hz24font.c...
compiling asc32font.c...
compiling hz32font.c...
compiling AD_DA.c...
compiling Key_LED.c...
compiling Multiplexer.c...
compiling Relay.c...
compiling Self_Test.c...
Drivers\Self_Test.c(302): warning:  #128-D: loop is not reachable from preceding code
compiling spi_cpld.c...
compiling PLC.c...
compiling ACW_Routine.c...
compiling DCW_Routine.c...
compiling GR_Routine.c...
compiling LC_Routine.c...
compiling GR.c...
compiling LC.c...
compiling Output_Control.c...
compiling Relay_Change.c...
compiling Test_Main.c...
compiling Test_Sched.c...
compiling Cal.c...
compiling ACW_GR_Routine.c...
Test_Main\ACW_GR_Routine.c(25): warning:  #177-D: function "ACW_Test_Inerface_err" was declared but never referenced
compiling DCW_GR_Routine.c...
compiling PW_Routine.c...
compiling IR_Routine.c...
compiling IR.c...
compiling API_Sched.c...
SCPI\API_Sched.c(411): warning:  #223-D: function "memcpy" declared implicitly
SCPI\API_Sched.c(412): warning:  #223-D: function "memset" declared implicitly
compiling communication.c...
SCPI\communication.c(2998): warning:  #69-D: integer conversion resulted in truncation
SCPI\communication.c(3048): warning:  #940-D: missing return statement at end of non-void function "rt_uart_write"
compiling CS9931CInstructionTable.c...
SCPI\CS9931CInstructionTable.h(76): warning:  #1-D: last line of file ends without a newline
compiling library.c...
compiling scpi_parser.c...
SCPI\scpi_parser.c(580): warning:  #223-D: function "memset" declared implicitly
SCPI\scpi_parser.c(938): warning:  #223-D: function "strncmp" declared implicitly
SCPI\scpi_parser.c(1176): warning:  #223-D: function "strlen" declared implicitly
SCPI\scpi_parser.c(1437): warning:  #223-D: function "strcmp" declared implicitly
SCPI\scpi_parser.c(1502): warning:  #223-D: function "strlen" declared implicitly
SCPI\scpi_parser.c(1586): warning:  #223-D: function "LIB_ConvertNmubToString" declared implicitly
SCPI\scpi_parser.c(1586): warning:  #223-D: function "LIB_DataBitLenGet" declared implicitly
SCPI\scpi_parser.c(1587): warning:  #223-D: function "strlen" declared implicitly
SCPI\scpi_parser.c(1631): warning:  #223-D: function "strcmp" declared implicitly
SCPI\scpi_parser.c(1692): warning:  #223-D: function "strlen" declared implicitly
SCPI\scpi_parser.c(1700): warning:  #223-D: function "LIB_Strnpos" declared implicitly
SCPI\scpi_parser.c(1806): warning:  #223-D: function "LIB_DataBitLenGet" declared implicitly
SCPI\scpi_parser.c(1868): warning:  #223-D: function "LIB_Strpos" declared implicitly
SCPI\scpi_parser.c(1887): warning:  #223-D: function "strcmp" declared implicitly
SCPI\scpi_parser.c(1927): warning:  #223-D: function "strlen" declared implicitly
SCPI\scpi_parser.c(1958): warning:  #223-D: function "LIB_StringLsl" declared implicitly
SCPI\scpi_parser.c(1971): warning:  #223-D: function "LIB_DataBitLenGet" declared implicitly
SCPI\scpi_parser.c(2017): warning:  #223-D: function "LIB_Get10nData" declared implicitly
SCPI\scpi_parser.c(2022): warning:  #223-D: function "LIB_Get10nData" declared implicitly
SCPI\scpi_parser.c(2056): warning:  #223-D: function "LIB_Get10nData" declared implicitly
SCPI\scpi_parser.c(2076): warning:  #223-D: function "LIB_ConvertNmubToString" declared implicitly
SCPI\scpi_parser.c(2080): warning:  #223-D: function "LIB_StrInsert" declared implicitly
SCPI\scpi_parser.c(2091): warning:  #223-D: function "strlen" declared implicitly
SCPI\scpi_parser.c(2171): warning:  #223-D: function "strncpy" declared implicitly
SCPI\scpi_parser.c(2180): warning:  #223-D: function "LIB_ConvertNmubToString" declared implicitly
SCPI\scpi_parser.c(2232): warning:  #223-D: function "memset" declared implicitly
SCPI\scpi_parser.c(2239): warning:  #223-D: function "memset" declared implicitly
SCPI\scpi_parser.c(2281): warning:  #223-D: function "memcpy" declared implicitly
SCPI\scpi_parser.c(2286): warning:  #223-D: function "LIB_ConvertNmubToString" declared implicitly
SCPI\scpi_parser.c(2304): warning:  #223-D: function "strlen" declared implicitly
SCPI\scpi_parser.c(2321): warning:  #223-D: function "strlen" declared implicitly
SCPI\scpi_parser.c(2622): warning:  #223-D: function "LIB_ConvertNmubToString" declared implicitly
compiling scpiInstruction.c...
SCPI\CS9931CInstructionTable.h(76): warning:  #1-D: last line of file ends without a newline
SCPI\scpiInstruction.c(644): warning:  #83-D: type qualifier specified more than once
SCPI\scpiInstruction.c(1121): warning:  #83-D: type qualifier specified more than once
SCPI\scpiInstruction.c(153): warning:  #177-D: variable "t_ParamReal_Test_Mode_5050" was declared but never referenced
SCPI\scpiInstruction.c(158): warning:  #177-D: variable "t_ParamReal_Test_Mode_5051" was declared but never referenced
SCPI\scpiInstruction.c(281): warning:  #177-D: variable "st_TotalContainer_CurrHigh" was declared but never referenced
SCPI\scpiInstruction.c(300): warning:  #177-D: variable "st_ParamContainer_CurrLow" was declared but never referenced
SCPI\scpiInstruction.c(322): warning:  #177-D: variable "st_TotalContainer_CCurr" was declared but never referenced
SCPI\scpiInstruction.c(372): warning:  #177-D: variable "st_TotalContainer_LcFContinue" was declared but never referenced
SCPI\scpiInstruction.c(537): warning:  #177-D: variable "st_ParamContainer_Voltage_DC_5101" was declared but never referenced
SCPI\scpiInstruction.c(551): warning:  #177-D: variable "st_TotalContainer_Voltage" was declared but never referenced
SCPI\scpiInstruction.c(772): warning:  #177-D: variable "st_ParamContainer_AcwCurHigh_2676N" was declared but never referenced
SCPI\scpiInstruction.c(798): warning:  #177-D: variable "st_TotalContainer_DcwCurHigh_2676N" was declared but never referenced
SCPI\scpiInstruction.c(1320): warning:  #177-D: variable "st_InstructionStruct_SystemPassword" was declared but never referenced
SCPI\scpiInstruction.c(1333): warning:  #177-D: variable "st_InstructionStruct_SystemKeyKlock" was declared but never referenced
SCPI\scpiInstruction.c(1341): warning:  #177-D: variable "st_InstructionStruct_SystemTime" was declared but never referenced
SCPI\scpiInstruction.c(1347): warning:  #177-D: variable "st_InstructionStruct_SystemDate" was declared but never referenced
SCPI\scpiInstruction.c(1354): warning:  #177-D: variable "st_InstructionStruct_SystemLanguage" was declared but never referenced
SCPI\scpiInstruction.c(1361): warning:  #177-D: variable "st_InstructionStruct_SystemRsave" was declared but never referenced
SCPI\scpiInstruction.c(1369): warning:  #177-D: variable "st_InstructionStruct_SystemRhint" was declared but never referenced
SCPI\scpiInstruction.c(1376): warning:  #177-D: variable "st_InstructionStruct_SystemOcover" was declared but never referenced
SCPI\scpiInstruction.c(1424): warning:  #177-D: variable "t_InstructionStruct_ResuCapacity" was declared but never referenced
SCPI\scpiInstruction.c(1431): warning:  #177-D: variable "t_InstructionStruct_ResuClr" was declared but never referenced
SCPI\scpiInstruction.c(1467): warning:  #177-D: variable "t_InstructionStruct_ResuPpercent" was declared but never referenced
SCPI\scpiInstruction.c(1475): warning:  #177-D: variable "t_InstructionStruct_ResuStatistics" was declared but never referenced
compiling ModBus.c...
BSP\ZWD414B\ModBus.c(279): warning:  #223-D: function "rt_enter_critical" declared implicitly
BSP\ZWD414B\ModBus.c(280): warning:  #223-D: function "Usart_SendData" declared implicitly
BSP\ZWD414B\ModBus.c(281): warning:  #223-D: function "rt_exit_critical" declared implicitly
compiling systick.c...
compiling zwd414b.c...
compiling zwd414b_tools.c...
compiling jj98.c...
linking...
Program Size: Code=367216 RO-data=328144 RW-data=7588 ZI-data=24924  
FromELF: creating hex file...
User command #1: fromelf.exe --bin -o ./烧录文件/PROGRAM.BIN  ./buildoutput/output/project.axf
"./buildoutput/output/project.axf": Error: Q0122E: Could not open file './buildoutput/output/project.axf': No such file or directory
Finished: 0 information, 0 warning and 1 error messages.
"..\buildoutput\output\project.axf" - 0 Error(s), 84 Warning(s).
Build target 'STM32f407'
compiling ui_home.c...
applications\UI\ui_home.c(1107): warning:  #167-D: argument of type "unsigned char *" is incompatible with parameter of type "const char *restrict"
applications\UI\ui_home.c(1203): warning:  #167-D: argument of type "unsigned char *" is incompatible with parameter of type "const char *restrict"
applications\UI\ui_home.c(1308): warning:  #167-D: argument of type "uint8_t *" is incompatible with parameter of type "const char *restrict"
applications\UI\ui_home.c(1435): warning:  #167-D: argument of type "unsigned char *" is incompatible with parameter of type "const char *restrict"
applications\UI\ui_home.c(1508): warning:  #167-D: argument of type "unsigned char *" is incompatible with parameter of type "const char *restrict"
applications\UI\ui_home.c(1686): warning:  #167-D: argument of type "unsigned char *" is incompatible with parameter of type "const char *restrict"
applications\UI\ui_home.c(1758): warning:  #167-D: argument of type "unsigned char *" is incompatible with parameter of type "const char *restrict"
linking...
Program Size: Code=367216 RO-data=328144 RW-data=7588 ZI-data=24924  
FromELF: creating hex file...
User command #1: fromelf.exe --bin -o ./烧录文件/PROGRAM.BIN  ./buildoutput/output/project.axf
"./buildoutput/output/project.axf": Error: Q0122E: Could not open file './buildoutput/output/project.axf': No such file or directory
Finished: 0 information, 0 warning and 1 error messages.
"..\buildoutput\output\project.axf" - 0 Error(s), 7 Warning(s).
Load "..\\buildoutput\\output\\project.AXF" 
* JLink Info: Device "STM32F407IG" selected (1024 KB flash, 128 KB RAM).
Set JLink Project File to "E:\Work\PROJECTS\修改机型\31\2017.4.10支持中英文切换\CS9931_Ultra_Y-2016.12.14\JLinkSettings.ini"
 
JLink info:
------------
DLL: V4.40c, compiled Jan 24 2012 09:30:33
Firmware: J-Link ARM V8 compiled Nov 25 2013 19:20:08
Hardware: V8.00
S/N : 17935099 
Feature(s) : RDI,FlashDL,FlashBP,JFlash 
 
* JLink Info: Found SWD-DP with ID 0x2BA01477
* JLink Info: TPIU fitted.
* JLink Info: ETM fitted.
* JLink Info:   FPUnit: 6 code (BP) slots and 2 literal slots
* JLink Info: Found Cortex-M4 r0p1, Little endian.
ROMTableAddr = 0xE00FF003
* JLink Info: Found SWD-DP with ID 0x2BA01477
* JLink Info: TPIU fitted.
* JLink Info: ETM fitted.
* JLink Info:   FPUnit: 6 code (BP) slots and 2 literal slots
* JLink Info: Found Cortex-M4 r0p1, Little endian.
 
Target info:
------------
Device: STM32F407IG
VTarget = 3.319V
State of Pins: 
TCK: 0, TDI: 0, TDO: 0, TMS: 1, TRES: 1, TRST: 1
Hardware-Breakpoints: 6
Software-Breakpoints: 8192
Watchpoints:          4
JTAG speed: 2000 kHz
 
Erase Done.
Programming Done.
Verify OK.
* JLink Info: Found SWD-DP with ID 0x2BA01477
* JLink Info: TPIU fitted.
* JLink Info: ETM fitted.
* JLink Info:   FPUnit: 6 code (BP) slots and 2 literal slots
* JLink Info: Found Cortex-M4 r0p1, Little endian.
Application running ...
Build target 'STM32f407'
compiling ui_home.c...
applications\UI\ui_home.c(1107): warning:  #167-D: argument of type "unsigned char *" is incompatible with parameter of type "const char *restrict"
applications\UI\ui_home.c(1203): warning:  #167-D: argument of type "unsigned char *" is incompatible with parameter of type "const char *restrict"
applications\UI\ui_home.c(1308): warning:  #167-D: argument of type "uint8_t *" is incompatible with parameter of type "const char *restrict"
applications\UI\ui_home.c(1435): warning:  #167-D: argument of type "unsigned char *" is incompatible with parameter of type "const char *restrict"
applications\UI\ui_home.c(1508): warning:  #167-D: argument of type "unsigned char *" is incompatible with parameter of type "const char *restrict"
applications\UI\ui_home.c(1686): warning:  #167-D: argument of type "unsigned char *" is incompatible with parameter of type "const char *restrict"
applications\UI\ui_home.c(1758): warning:  #167-D: argument of type "unsigned char *" is incompatible with parameter of type "const char *restrict"
linking...
Program Size: Code=367216 RO-data=328144 RW-data=7588 ZI-data=24924  
FromELF: creating hex file...
User command #1: fromelf.exe --bin -o ./烧录文件/PROGRAM.BIN  ./buildoutput/output/project.axf
"./buildoutput/output/project.axf": Error: Q0122E: Could not open file './buildoutput/output/project.axf': No such file or directory
Finished: 0 information, 0 warning and 1 error messages.
"..\buildoutput\output\project.axf" - 0 Error(s), 7 Warning(s).
Load "..\\buildoutput\\output\\project.AXF" 
* JLink Info: Device "STM32F407IG" selected (1024 KB flash, 128 KB RAM).
Set JLink Project File to "E:\Work\PROJECTS\修改机型\31\2017.4.10支持中英文切换\CS9931_Ultra_Y-2016.12.14\JLinkSettings.ini"
 
JLink info:
------------
DLL: V4.40c, compiled Jan 24 2012 09:30:33
Firmware: J-Link ARM V8 compiled Nov 25 2013 19:20:08
Hardware: V8.00
S/N : 17935099 
Feature(s) : RDI,FlashDL,FlashBP,JFlash 
 
* JLink Info: Found SWD-DP with ID 0x2BA01477
* JLink Info: TPIU fitted.
* JLink Info: ETM fitted.
* JLink Info:   FPUnit: 6 code (BP) slots and 2 literal slots
* JLink Info: Found Cortex-M4 r0p1, Little endian.
ROMTableAddr = 0xE00FF003
* JLink Info: Found SWD-DP with ID 0x2BA01477
* JLink Info: TPIU fitted.
* JLink Info: ETM fitted.
* JLink Info:   FPUnit: 6 code (BP) slots and 2 literal slots
* JLink Info: Found Cortex-M4 r0p1, Little endian.
 
Target info:
------------
Device: STM32F407IG
VTarget = 3.319V
State of Pins: 
TCK: 0, TDI: 0, TDO: 0, TMS: 1, TRES: 1, TRST: 1
Hardware-Breakpoints: 6
Software-Breakpoints: 8192
Watchpoints:          4
JTAG speed: 2000 kHz
 
Erase Done.
Programming Done.
Verify OK.
* JLink Info: Found SWD-DP with ID 0x2BA01477
* JLink Info: TPIU fitted.
* JLink Info: ETM fitted.
* JLink Info:   FPUnit: 6 code (BP) slots and 2 literal slots
* JLink Info: Found Cortex-M4 r0p1, Little endian.
Application running ...
Build target 'STM32f407'
compiling ui_home.c...
applications\UI\ui_home.c(1107): warning:  #167-D: argument of type "unsigned char *" is incompatible with parameter of type "const char *restrict"
applications\UI\ui_home.c(1203): warning:  #167-D: argument of type "unsigned char *" is incompatible with parameter of type "const char *restrict"
applications\UI\ui_home.c(1308): warning:  #167-D: argument of type "uint8_t *" is incompatible with parameter of type "const char *restrict"
applications\UI\ui_home.c(1435): warning:  #167-D: argument of type "unsigned char *" is incompatible with parameter of type "const char *restrict"
applications\UI\ui_home.c(1508): warning:  #167-D: argument of type "unsigned char *" is incompatible with parameter of type "const char *restrict"
applications\UI\ui_home.c(1686): warning:  #167-D: argument of type "unsigned char *" is incompatible with parameter of type "const char *restrict"
applications\UI\ui_home.c(1758): warning:  #167-D: argument of type "unsigned char *" is incompatible with parameter of type "const char *restrict"
linking...
Program Size: Code=367216 RO-data=328144 RW-data=7588 ZI-data=24924  
FromELF: creating hex file...
User command #1: fromelf.exe --bin -o ./烧录文件/PROGRAM.BIN  ./buildoutput/output/project.axf
"./buildoutput/output/project.axf": Error: Q0122E: Could not open file './buildoutput/output/project.axf': No such file or directory
Finished: 0 information, 0 warning and 1 error messages.
"..\buildoutput\output\project.axf" - 0 Error(s), 7 Warning(s).
Build target 'STM32f407'
compiling ui_home.c...
applications\UI\ui_home.c(1107): warning:  #167-D: argument of type "unsigned char *" is incompatible with parameter of type "const char *restrict"
applications\UI\ui_home.c(1203): warning:  #167-D: argument of type "unsigned char *" is incompatible with parameter of type "const char *restrict"
applications\UI\ui_home.c(1308): warning:  #167-D: argument of type "uint8_t *" is incompatible with parameter of type "const char *restrict"
applications\UI\ui_home.c(1435): warning:  #167-D: argument of type "unsigned char *" is incompatible with parameter of type "const char *restrict"
applications\UI\ui_home.c(1508): warning:  #167-D: argument of type "unsigned char *" is incompatible with parameter of type "const char *restrict"
applications\UI\ui_home.c(1686): warning:  #167-D: argument of type "unsigned char *" is incompatible with parameter of type "const char *restrict"
applications\UI\ui_home.c(1758): warning:  #167-D: argument of type "unsigned char *" is incompatible with parameter of type "const char *restrict"
linking...
Program Size: Code=367216 RO-data=328144 RW-data=7588 ZI-data=24924  
FromELF: creating hex file...
User command #1: fromelf.exe --bin -o ./烧录文件/PROGRAM.BIN  ./buildoutput/output/project.axf
"./buildoutput/output/project.axf": Error: Q0122E: Could not open file './buildoutput/output/project.axf': No such file or directory
Finished: 0 information, 0 warning and 1 error messages.
"..\buildoutput\output\project.axf" - 0 Error(s), 7 Warning(s).
Load "..\\buildoutput\\output\\project.AXF" 
* JLink Info: Device "STM32F407IG" selected (1024 KB flash, 128 KB RAM).
Set JLink Project File to "E:\Work\PROJECTS\修改机型\31\2017.4.10支持中英文切换\CS9931_Ultra_Y-2016.12.14\JLinkSettings.ini"
 
JLink info:
------------
DLL: V4.40c, compiled Jan 24 2012 09:30:33
Firmware: J-Link ARM V8 compiled Nov 25 2013 19:20:08
Hardware: V8.00
S/N : 17935099 
Feature(s) : RDI,FlashDL,FlashBP,JFlash 
 
* JLink Info: Found SWD-DP with ID 0x2BA01477
* JLink Info: TPIU fitted.
* JLink Info: ETM fitted.
* JLink Info:   FPUnit: 6 code (BP) slots and 2 literal slots
* JLink Info: Found Cortex-M4 r0p1, Little endian.
ROMTableAddr = 0xE00FF003
* JLink Info: Found SWD-DP with ID 0x2BA01477
* JLink Info: TPIU fitted.
* JLink Info: ETM fitted.
* JLink Info:   FPUnit: 6 code (BP) slots and 2 literal slots
* JLink Info: Found Cortex-M4 r0p1, Little endian.
 
Target info:
------------
Device: STM32F407IG
VTarget = 3.319V
State of Pins: 
TCK: 0, TDI: 0, TDO: 0, TMS: 1, TRES: 1, TRST: 1
Hardware-Breakpoints: 6
Software-Breakpoints: 8192
Watchpoints:          4
JTAG speed: 2000 kHz
 
Erase Done.
Programming Done.
Verify OK.
* JLink Info: Found SWD-DP with ID 0x2BA01477
* JLink Info: TPIU fitted.
* JLink Info: ETM fitted.
* JLink Info:   FPUnit: 6 code (BP) slots and 2 literal slots
* JLink Info: Found Cortex-M4 r0p1, Little endian.
Application running ...
Build target 'STM32f407'
compiling ui_home.c...
applications\UI\ui_home.c(1107): warning:  #167-D: argument of type "unsigned char *" is incompatible with parameter of type "const char *restrict"
applications\UI\ui_home.c(1203): warning:  #167-D: argument of type "unsigned char *" is incompatible with parameter of type "const char *restrict"
applications\UI\ui_home.c(1308): warning:  #167-D: argument of type "uint8_t *" is incompatible with parameter of type "const char *restrict"
applications\UI\ui_home.c(1435): warning:  #167-D: argument of type "unsigned char *" is incompatible with parameter of type "const char *restrict"
applications\UI\ui_home.c(1508): warning:  #167-D: argument of type "unsigned char *" is incompatible with parameter of type "const char *restrict"
applications\UI\ui_home.c(1686): warning:  #167-D: argument of type "unsigned char *" is incompatible with parameter of type "const char *restrict"
applications\UI\ui_home.c(1758): warning:  #167-D: argument of type "unsigned char *" is incompatible with parameter of type "const char *restrict"
linking...
Program Size: Code=367216 RO-data=328144 RW-data=7588 ZI-data=24924  
FromELF: creating hex file...
User command #1: fromelf.exe --bin -o ./烧录文件/PROGRAM.BIN  ./buildoutput/output/project.axf
"./buildoutput/output/project.axf": Error: Q0122E: Could not open file './buildoutput/output/project.axf': No such file or directory
Finished: 0 information, 0 warning and 1 error messages.
"..\buildoutput\output\PROGRAM.axf" - 0 Error(s), 7 Warning(s).
