Component: ARM Compiler 5.05 update 1 (build 106) Tool: armlink [4d0efa]

==============================================================================

Section Cross References

    application.o(.text) refers to bsp_button.o(.text) for rt_hw_key_init
    application.o(.text) refers to ui_application.o(.text) for application_init
    application.o(.text) refers to rtc.o(.text) for rt_hw_rtc_init
    application.o(.text) refers to stm32f4xx_pwr.o(.text) for PWR_BackupRegulatorCmd
    application.o(.text) refers to cs99xx.o(.text) for cs99xx_init
    application.o(.text) refers to thread.o(.text) for rt_thread_delay
    application.o(.text) refers to spi_sw.o(.text) for USB_Device_Chg
    application.o(.text) refers to ch376_usb_ui.o(.text) for Wait376Interrupts
    application.o(.text) refers to sui_window.o(.text) for sui_window_create
    application.o(.text) refers to bsp_font.o(.text) for font_draw
    application.o(.text) refers to ipc.o(.text) for rt_mb_recv
    application.o(.text) refers to bsp_ico.o(.text) for ico_color_set
    application.o(.text) refers to bsp_sdio_sd.o(.text) for rt_hw_sdcard_init
    application.o(.text) refers to dfs.o(.text) for dfs_init
    application.o(.text) refers to dfs_elm.o(.text) for elm_init
    application.o(.text) refers to dfs_fs.o(.text) for dfs_mount
    application.o(.text) refers to kservice.o(.text) for rt_kprintf
    application.o(.text) refers to memorymanagement.o(.text) for memory_systems_open
    application.o(.text) refers to dfs_posix.o(.text) for open
    application.o(.text) refers to ra8875.o(.text) for RA8875_DrawBMP
    application.o(.text) refers to self_test.o(.text) for self_test_item_name
    application.o(.text) refers to ui_result.o(.data) for usb_mem_flag
    application.o(.text) refers to application.o(.data) for usb_host_flag
    application.o(.text) refers to cs99xx.o(.data) for panel_flag
    application.o(.text) refers to application.o(.constdata) for .constdata
    application.o(.text) refers to cs99xx.o(.bss) for system_parameter_t
    application.o(.text) refers to application.o(.bss) for modbus_mb
    application.o(.text) refers to cs9931_config.o(.data) for CS9931_Config
    application.o(.text) refers to application.o(.conststring) for .conststring
    application.o(.text) refers to ra8875.o(.bss) for bmp_buf
    startup.o(.text) refers to kservice.o(.text) for rt_kprintf
    startup.o(.text) refers to board.o(.text) for rt_hw_board_init
    startup.o(.text) refers to clock.o(.text) for rt_system_tick_init
    startup.o(.text) refers to object.o(.text) for rt_system_object_init
    startup.o(.text) refers to timer.o(.text) for rt_system_timer_init
    startup.o(.text) refers to mem.o(.text) for rt_system_heap_init
    startup.o(.text) refers to scheduler.o(.text) for rt_system_scheduler_init
    startup.o(.text) refers to application.o(.text) for rt_application_init
    startup.o(.text) refers to idle.o(.text) for rt_thread_idle_init
    startup.o(.text) refers to context_rvds.o(.text) for rt_hw_interrupt_disable
    cs99xx.o(.text) refers to memorymanagement.o(.text) for memorymanagement_init
    cs99xx.o(.text) refers to spi_sw.o(.text) for USB_Device_Chg
    cs99xx.o(.text) refers to ch376_usb_ui.o(.text) for USB_DEVICE_INIT
    cs99xx.o(.text) refers to usart1.o(.text) for usart2_init
    cs99xx.o(.text) refers to scpiinstruction.o(.text) for APP_RootParserContainerInfoGet
    cs99xx.o(.text) refers to scpi_parser.o(.text) for API_PEMInit
    cs99xx.o(.text) refers to communication.o(.text) for APP_CommProtocolLogicInit
    cs99xx.o(.text) refers to idle.o(.text) for rt_thread_idle_sethook
    cs99xx.o(.text) refers to test_sched.o(.text) for Test_Sched_Environment_Init
    cs99xx.o(.text) refers to stm32f4xx_rcc.o(.text) for RCC_AHB1PeriphClockCmd
    cs99xx.o(.text) refers to stm32f4xx_gpio.o(.text) for GPIO_PinAFConfig
    cs99xx.o(.text) refers to stm32f4xx_syscfg.o(.text) for SYSCFG_EXTILineConfig
    cs99xx.o(.text) refers to cs99xx.o(.bss) for system_parameter_t
    cs99xx.o(.text) refers to stm32f4xx_fsmc.o(.text) for FSMC_NORSRAMInit
    cs99xx.o(.text) refers to misc.o(.text) for NVIC_Init
    cs99xx.o(.text) refers to stm32f4xx_exti.o(.text) for EXTI_ClearITPendingBit
    cs99xx.o(.data) refers to cs99xx.o(.conststring) for .conststring
    board.o(.text) refers to irq.o(.text) for rt_interrupt_enter
    board.o(.text) refers to clock.o(.text) for rt_tick_increase
    board.o(.text) refers to systick.o(.text) for SysTick_Dispose
    board.o(.text) refers to test_sched.o(.text) for gfi_cycle_clear_count
    board.o(.text) refers to multiplexer.o(.text) for Multiplexer_Control_Init
    board.o(.text) refers to relay.o(.text) for Relay_Control_Init
    board.o(.text) refers to spi_cpld.o(.text) for spi_cpld_init
    board.o(.text) refers to lc.o(.text) for LC_Init
    board.o(.text) refers to output_control.o(.text) for AC_Output_Disable
    board.o(.text) refers to gr.o(.text) for GR_Output_Disable
[...]
    strtol                                   0x08079601   Thumb Code   112  strtol.o(.text)
    __I$use$fp                               0x08079671   Thumb Code     0  iusefp.o(.text)
    _float_round                             0x08079671   Thumb Code    18  fepilogue.o(.text)
    _float_epilogue                          0x08079683   Thumb Code    92  fepilogue.o(.text)
    _double_round                            0x080796df   Thumb Code    30  depilogue.o(.text)
    _double_epilogue                         0x080796fd   Thumb Code   156  depilogue.o(.text)
    __aeabi_dadd                             0x08079799   Thumb Code   322  dadd.o(.text)
    __aeabi_dsub                             0x080798db   Thumb Code     6  dadd.o(.text)
    __aeabi_drsub                            0x080798e1   Thumb Code     6  dadd.o(.text)
    __aeabi_d2ulz                            0x080798e7   Thumb Code    48  dfixul.o(.text)
    __scatterload                            0x08079919   Thumb Code    28  init.o(.text)
    __scatterload_rt2                        0x08079919   Thumb Code     0  init.o(.text)
    __aeabi_lasr                             0x0807993d   Thumb Code    36  llsshr.o(.text)
    _ll_sshift_r                             0x0807993d   Thumb Code     0  llsshr.o(.text)
    __rt_ctype_table                         0x08079961   Thumb Code     4  ctype_o.o(.text)
    _strtoul                                 0x08079969   Thumb Code   158  _strtoul.o(.text)
    __aeabi_i2d                              0x08079a07   Thumb Code    34  dflti.o(.text)
    _chval                                   0x08079a29   Thumb Code    28  _chval.o(.text)
    __decompress                             0x08079a45   Thumb Code     0  __dclz77c.o(.text)
    __decompress2                            0x08079a45   Thumb Code    94  __dclz77c.o(.text)
    __0sprintf                               0x08079aa5   Thumb Code    34  printfa.o(i.__0sprintf)
    __1sprintf                               0x08079aa5   Thumb Code     0  printfa.o(i.__0sprintf)
    __2sprintf                               0x08079aa5   Thumb Code     0  printfa.o(i.__0sprintf)
    __c89sprintf                             0x08079aa5   Thumb Code     0  printfa.o(i.__0sprintf)
    sprintf                                  0x08079aa5   Thumb Code     0  printfa.o(i.__0sprintf)
    __ARM_fpclassify                         0x08079acd   Thumb Code    48  fpclassify.o(i.__ARM_fpclassify)
    __aeabi_errno_addr                       0x08079afd   Thumb Code     4  errno.o(i.__aeabi_errno_addr)
    __rt_errno_addr                          0x08079afd   Thumb Code     0  errno.o(i.__aeabi_errno_addr)
    __hardfp_cos                             0x08079b09   Thumb Code   180  cos.o(i.__hardfp_cos)
    __ieee754_rem_pio2                       0x08079bd1   Thumb Code   938  rred.o(i.__ieee754_rem_pio2)
    __kernel_cos                             0x0807a009   Thumb Code   322  cos_i.o(i.__kernel_cos)
    __kernel_poly                            0x0807a179   Thumb Code   248  poly.o(i.__kernel_poly)
    __kernel_sin                             0x0807a271   Thumb Code   280  sin_i.o(i.__kernel_sin)
    __mathlib_dbl_infnan                     0x0807a3a1   Thumb Code    20  dunder.o(i.__mathlib_dbl_infnan)
    __mathlib_dbl_invalid                    0x0807a3b9   Thumb Code    24  dunder.o(i.__mathlib_dbl_invalid)
    __mathlib_dbl_underflow                  0x0807a3d9   Thumb Code    24  dunder.o(i.__mathlib_dbl_underflow)
    __scatterload_copy                       0x0807a3f9   Thumb Code    14  handlers.o(i.__scatterload_copy)
    __scatterload_null                       0x0807a407   Thumb Code     2  handlers.o(i.__scatterload_null)
    __scatterload_zeroinit                   0x0807a409   Thumb Code    14  handlers.o(i.__scatterload_zeroinit)
    __set_errno                              0x0807a419   Thumb Code     6  errno.o(i.__set_errno)
    fabs                                     0x0807acc1   Thumb Code    24  fabs.o(i.fabs)
    gImage_logo                              0x0807acd8   Data         804  application.o(.constdata)
    gImage_name                              0x0807affc   Data         671  application.o(.constdata)
    gImage_http                              0x0807b29b   Data         642  application.o(.constdata)
    gImage_model                             0x0807b51d   Data         907  application.o(.constdata)
    ico1_data                                0x0807b91c   Data          31  bsp_ico.o(.constdata)
    __lowest_bit_bitmap                      0x0807bbd0   Data         256  kservice.o(.constdata)
    __fsym_list_mem_name                     0x0807bcf2   Data           9  mem.o(.constdata)
    __fsym_list_mem_desc                     0x0807bcfb   Data          30  mem.o(.constdata)
    __fsym_hello_name                        0x0807bf24   Data           6  cmd.o(.constdata)
    __fsym_hello_desc                        0x0807bf2a   Data          16  cmd.o(.constdata)
    __fsym_version_name                      0x0807bf3a   Data           8  cmd.o(.constdata)
    __fsym_version_desc                      0x0807bf42   Data          35  cmd.o(.constdata)
    __fsym_list_thread_name                  0x0807bf65   Data          12  cmd.o(.constdata)
    __fsym_list_thread_desc                  0x0807bf71   Data          12  cmd.o(.constdata)
    __fsym_list_sem_name                     0x0807bf7d   Data           9  cmd.o(.constdata)
    __fsym_list_sem_desc                     0x0807bf86   Data          25  cmd.o(.constdata)
    __fsym_list_event_name                   0x0807bf9f   Data          11  cmd.o(.constdata)
    __fsym_list_event_desc                   0x0807bfaa   Data          21  cmd.o(.constdata)
    __fsym_list_mutex_name                   0x0807bfbf   Data          11  cmd.o(.constdata)
    __fsym_list_mutex_desc                   0x0807bfca   Data          21  cmd.o(.constdata)
    __fsym_list_mailbox_name                 0x0807bfdf   Data          13  cmd.o(.constdata)
    __fsym_list_mailbox_desc                 0x0807bfec   Data          24  cmd.o(.constdata)
    __fsym_list_msgqueue_name                0x0807c004   Data          14  cmd.o(.constdata)
    __fsym_list_msgqueue_desc                0x0807c012   Data          29  cmd.o(.constdata)
    __fsym_list_mempool_name                 0x0807c02f   Data          13  cmd.o(.constdata)
    __fsym_list_mempool_desc                 0x0807c03c   Data          27  cmd.o(.constdata)
    __fsym_list_timer_name                   0x0807c057   Data          11  cmd.o(.constdata)
    __fsym_list_timer_desc                   0x0807c062   Data          21  cmd.o(.constdata)
    __fsym_list_device_name                  0x0807c077   Data          12  cmd.o(.constdata)
    __fsym_list_device_desc                  0x0807c083   Data          22  cmd.o(.constdata)
    __fsym_list_name                         0x0807c099   Data           5  cmd.o(.constdata)
    __fsym_list_desc                         0x0807c09e   Data          26  cmd.o(.constdata)
    __vsym_dummy_name                        0x0807c0b8   Data           6  cmd.o(.constdata)
    __vsym_dummy_desc                        0x0807c0be   Data          25  cmd.o(.constdata)
    __fsym_ls_name                           0x0807c147   Data           3  dfs_file.o(.constdata)
    __fsym_ls_desc                           0x0807c14a   Data          24  dfs_file.o(.constdata)
    __fsym_rm_name                           0x0807c162   Data           3  dfs_file.o(.constdata)
    __fsym_rm_desc                           0x0807c165   Data          28  dfs_file.o(.constdata)
    __fsym_cat_name                          0x0807c181   Data           4  dfs_file.o(.constdata)
    __fsym_cat_desc                          0x0807c185   Data          11  dfs_file.o(.constdata)
    __fsym_copy_name                         0x0807c190   Data           5  dfs_file.o(.constdata)
    __fsym_copy_desc                         0x0807c195   Data          17  dfs_file.o(.constdata)
    __fsym_mkfs_name                         0x0807c1a6   Data           5  dfs_fs.o(.constdata)
    __fsym_mkfs_desc                         0x0807c1ab   Data          19  dfs_fs.o(.constdata)
    __fsym_df_name                           0x0807c1be   Data           3  dfs_fs.o(.constdata)
    __fsym_df_desc                           0x0807c1c1   Data          14  dfs_fs.o(.constdata)
    __fsym_mkdir_name                        0x0807c1ec   Data           6  dfs_posix.o(.constdata)
    __fsym_mkdir_desc                        0x0807c1f2   Data          19  dfs_posix.o(.constdata)
    __fsym_application_name                  0x0807c2f0   Data          12  ui_application.o(.constdata)
    __fsym_application_desc                  0x0807c2fc   Data          15  ui_application.o(.constdata)
    gImage_sw                                0x0807cddc   Data        4154  ui_home.o(.constdata)
    gImage_sw22_up                           0x0807de16   Data         157  ui_home.o(.constdata)
    gImage_sw22_down                         0x0807deb3   Data         157  ui_home.o(.constdata)
    gImage_sh_a                              0x0807df50   Data          21  ui_home.o(.constdata)
    gImage_sh_b                              0x0807df65   Data          38  ui_home.o(.constdata)
    gImage_sl_a                              0x0807df8b   Data          20  ui_home.o(.constdata)
    gImage_sl_b                              0x0807df9f   Data          36  ui_home.o(.constdata)
    gImage_sw_on                             0x0807dfc3   Data          16  ui_home.o(.constdata)
    gImage_sw_off                            0x0807dfd3   Data          16  ui_home.o(.constdata)
    gImage_Es                                0x0807dfe3   Data        2884  ui_home.o(.constdata)
    gImage_Fs                                0x0807eb27   Data        2884  ui_home.o(.constdata)
    mode_list                                0x08080314   Data          64  ui_step.o(.constdata)
    asc16_font                               0x08080a28   Data        2048  asc16font.o(.constdata)
    hz16_font                                0x08081228   Data       261696  hz16font.o(.constdata)
    hz16                                     0x080c1068   Data          20  hz16font.o(.constdata)
    asc20_font                               0x080c107c   Data        3280  asc20font.o(.constdata)
    hz20_font                                0x080c1d4c   Data        2340  hz20font.o(.constdata)
    hz20                                     0x080c2670   Data          20  hz20font.o(.constdata)
    asc24_font                               0x080c2684   Data        6144  asc24font.o(.constdata)
    hz24_font                                0x080c3e84   Data        4104  hz24font.o(.constdata)
    hz24                                     0x080c4e8c   Data          20  hz24font.o(.constdata)
    asc32_font                               0x080c4ea0   Data        4480  asc32font.o(.constdata)
    hz32_font                                0x080c6020   Data        5376  hz32font.o(.constdata)
    hz32                                     0x080c7520   Data          20  hz32font.o(.constdata)
    t_ParserContainer_Root_CS9931            0x080c78dc   Data          56  cs9931cinstructiontable.o(.constdata)
    t_InstructionStruct_Result               0x080c791c   Data          12  cs9931cinstructiontable.o(.constdata)
    t_InstructionStruct_System               0x080c7930   Data          12  cs9931cinstructiontable.o(.constdata)
    st_ParamStruct_StepInsertMode            0x080c7ab0   Data           8  cs9931cinstructiontable.o(.constdata)
    t_ParamTotalContainer_StepInsertMode     0x080c7ab8   Data           8  cs9931cinstructiontable.o(.constdata)
    API_PEM_pParserExeModulerErrCodeArray    0x080c7b48   Data          52  scpi_parser.o(.constdata)
    t_InstructionStruct_RST                  0x080c7bfc   Data          16  scpiinstruction.o(.constdata)
    t_InstructionStruct_IDN                  0x080c7c0c   Data          16  scpiinstruction.o(.constdata)
    t_InstructionStruct_SourceListFIndex     0x080c7c1c   Data          16  scpiinstruction.o(.constdata)
    t_InstructionStruct_SrcListMode          0x080c7c2c   Data          16  scpiinstruction.o(.constdata)
    t_InstructionStruct_Source               0x080c7c80   Data          12  scpiinstruction.o(.constdata)
    t_ParserContainer_SrcTest                0x080c7d78   Data          40  scpiinstruction.o(.constdata)
    t_ParserContainer_SrcLoad                0x080c7dc0   Data          16  scpiinstruction.o(.constdata)
    t_InstructionStruct_SrcListSindex        0x080c7dd0   Data          16  scpiinstruction.o(.constdata)
    t_InstructionStruct_SrcListSmessage      0x080c7de0   Data          16  scpiinstruction.o(.constdata)
    t_InstructionStruct_SrcTest              0x080c7df0   Data          12  scpiinstruction.o(.constdata)
    t_InstructionStruct_SrcLoad              0x080c7dfc   Data          12  scpiinstruction.o(.constdata)
    t_CharacterParamUnit_StepLcPHASe         0x080c808c   Data          32  scpiinstruction.o(.constdata)
    st_ParamContainer_StepLcPHASe            0x080c80b4   Data           8  scpiinstruction.o(.constdata)
    st_TotalContainer_StepLcPHASe            0x080c81b0   Data           8  scpiinstruction.o(.constdata)
    t_InstructionStruct_StepDcwVolt          0x080c81b8   Data          16  scpiinstruction.o(.constdata)
    t_InstructionStruct_StepDcwRange         0x080c81c8   Data          16  scpiinstruction.o(.constdata)
    t_InstructionStruct_StepDcwCurLow        0x080c81d8   Data          16  scpiinstruction.o(.constdata)
    t_InstructionStruct_StepDcwCurHigh       0x080c81e8   Data          16  scpiinstruction.o(.constdata)
    t_InstructionStruct_StepDcwTtime         0x080c81f8   Data          16  scpiinstruction.o(.constdata)
    t_InstructionStruct_StepDcwRtime         0x080c8208   Data          16  scpiinstruction.o(.constdata)
    t_InstructionStruct_StepDcwItime         0x080c8218   Data          16  scpiinstruction.o(.constdata)
    t_InstructionStruct_StepDcwFtime         0x080c8228   Data          16  scpiinstruction.o(.constdata)
    t_InstructionStruct_StepDcwArc           0x080c8238   Data          16  scpiinstruction.o(.constdata)
    t_InstructionStruct_StepAcwVolt          0x080c8248   Data          16  scpiinstruction.o(.constdata)
    t_InstructionStruct_StepAcwRange         0x080c8258   Data          16  scpiinstruction.o(.constdata)
    t_InstructionStruct_StepAcwCurLow        0x080c8268   Data          16  scpiinstruction.o(.constdata)
    t_InstructionStruct_StepAcwCurHigh       0x080c8278   Data          16  scpiinstruction.o(.constdata)
    t_InstructionStruct_StepAcwTtime         0x080c8288   Data          16  scpiinstruction.o(.constdata)
    t_InstructionStruct_StepAcwRtime         0x080c8298   Data          16  scpiinstruction.o(.constdata)
    t_InstructionStruct_StepAcwItime         0x080c82a8   Data          16  scpiinstruction.o(.constdata)
    t_InstructionStruct_StepAcwFtime         0x080c82b8   Data          16  scpiinstruction.o(.constdata)
    t_InstructionStruct_StepAcwArc           0x080c82c8   Data          16  scpiinstruction.o(.constdata)
    t_InstructionStruct_StepAcwFREQuency     0x080c82d8   Data          16  scpiinstruction.o(.constdata)
    t_InstructionStruct_StepGrCurr           0x080c82e8   Data          16  scpiinstruction.o(.constdata)
    t_InstructionStruct_StepGrLow            0x080c82f8   Data          16  scpiinstruction.o(.constdata)
    t_InstructionStruct_StepGrHigh           0x080c8308   Data          16  scpiinstruction.o(.constdata)
    t_InstructionStruct_StepGrTtime          0x080c8318   Data          16  scpiinstruction.o(.constdata)
    t_InstructionStruct_StepGrItime          0x080c8328   Data          16  scpiinstruction.o(.constdata)
    t_InstructionStruct_StepGrFREQuency      0x080c8338   Data          16  scpiinstruction.o(.constdata)
    t_InstructionStruct_StepIrVolt           0x080c8348   Data          16  scpiinstruction.o(.constdata)
    t_InstructionStruct_StepIrVolt_2676N     0x080c8358   Data          16  scpiinstruction.o(.constdata)
    t_InstructionStruct_StepIrArange         0x080c8368   Data          16  scpiinstruction.o(.constdata)
    t_InstructionStruct_StepIrHigh           0x080c8378   Data          16  scpiinstruction.o(.constdata)
    t_InstructionStruct_StepIrHighMax        0x080c8388   Data          16  scpiinstruction.o(.constdata)
    t_InstructionStruct_StepIrHighMin        0x080c8398   Data          16  scpiinstruction.o(.constdata)
    t_InstructionStruct_StepIrLowMax         0x080c83a8   Data          16  scpiinstruction.o(.constdata)
    t_InstructionStruct_StepIrLowMin         0x080c83b8   Data          16  scpiinstruction.o(.constdata)
    t_InstructionStruct_StepIrLow            0x080c83c8   Data          16  scpiinstruction.o(.constdata)
    t_InstructionStruct_StepIrTtime          0x080c83d8   Data          16  scpiinstruction.o(.constdata)
    t_InstructionStruct_StepIrRtime          0x080c83e8   Data          16  scpiinstruction.o(.constdata)
    t_InstructionStruct_StepIrItime          0x080c83f8   Data          16  scpiinstruction.o(.constdata)
    t_InstructionStruct_StepIrDtime          0x080c8408   Data          16  scpiinstruction.o(.constdata)
    t_InstructionStruct_StepIrFtime          0x080c8418   Data          16  scpiinstruction.o(.constdata)
    t_InstructionStruct_StepIrHrange         0x080c8428   Data          16  scpiinstruction.o(.constdata)
    t_InstructionStruct_StepIrOmode          0x080c8438   Data          16  scpiinstruction.o(.constdata)
    t_InstructionStruct_StepLcVolt           0x080c8448   Data          16  scpiinstruction.o(.constdata)
    t_InstructionStruct_StepLcRange          0x080c8458   Data          16  scpiinstruction.o(.constdata)
    t_InstructionStruct_StepLcCurLow         0x080c8468   Data          16  scpiinstruction.o(.constdata)
    t_InstructionStruct_StepLcCurHigh        0x080c8478   Data          16  scpiinstruction.o(.constdata)
    t_InstructionStruct_StepLcTtime          0x080c8488   Data          16  scpiinstruction.o(.constdata)
    t_InstructionStruct_StepLcRtime          0x080c8498   Data          16  scpiinstruction.o(.constdata)
    t_InstructionStruct_StepLcItime          0x080c84a8   Data          16  scpiinstruction.o(.constdata)
    t_InstructionStruct_StepLcFREQuency      0x080c84b8   Data          16  scpiinstruction.o(.constdata)
    t_InstructionStruct_StepLcPHASe          0x080c84c8   Data          16  scpiinstruction.o(.constdata)
    t_CharacterParamUnit_StepLcMDNEt         0x080c84d8   Data          24  scpiinstruction.o(.constdata)
    st_ParamContainer_StepLcMDNEt            0x080c84f8   Data           8  scpiinstruction.o(.constdata)
    st_TotalContainer_StepLcMDNEt            0x080c8500   Data           8  scpiinstruction.o(.constdata)
    t_InstructionStruct_StepLcMDNEt          0x080c8508   Data          16  scpiinstruction.o(.constdata)
    t_InstructionStruct_StepLcMDVOl          0x080c8518   Data          16  scpiinstruction.o(.constdata)
    t_InstructionStruct_StepLcASSVOl         0x080c8528   Data          16  scpiinstruction.o(.constdata)
    t_InstructionStruct_StepLcMDCOm          0x080c8550   Data          16  scpiinstruction.o(.constdata)
    t_ParamContainer_SysDateYear             0x080c8568   Data           8  scpiinstruction.o(.constdata)
    t_ParamContainer_SysDateMonth            0x080c8570   Data           8  scpiinstruction.o(.constdata)
    t_ParamContainer_SysDateDay              0x080c8578   Data           8  scpiinstruction.o(.constdata)
    t_ParamContainer_SysTimeHour             0x080c8590   Data           8  scpiinstruction.o(.constdata)
    t_ParamContainer_SysTimeMinute           0x080c8598   Data           8  scpiinstruction.o(.constdata)
    t_ParamContainer_SysTimeSecond           0x080c85a0   Data           8  scpiinstruction.o(.constdata)
    t_InstructionStruct_SystemOALArm         0x080c85c4   Data          16  scpiinstruction.o(.constdata)
    t_InstructionStruct_SystemKeyVolume      0x080c8644   Data          16  scpiinstruction.o(.constdata)
    t_InstructionStruct_ResuFetch            0x080c86fc   Data          12  scpiinstruction.o(.constdata)
    __t_ParamContainer_FileRange             0x080c870c   Data           8  scpiinstruction.o(.constdata)
    __t_ParamTotalContainer_FileRange        0x080c8714   Data           8  scpiinstruction.o(.constdata)
    t_ParamContainer_CommSaddr_1             0x080c8720   Data           8  scpiinstruction.o(.constdata)
    t_ParamContainer_CommStr                 0x080c8728   Data           8  scpiinstruction.o(.constdata)
    t_ParserContainer_Communication          0x080c87ac   Data          32  scpiinstruction.o(.constdata)
    t_InstructionStruct_Communication        0x080c87cc   Data          12  scpiinstruction.o(.constdata)
    __t_InstructionStruct_File               0x080c87e8   Data          12  scpiinstruction.o(.constdata)
    __ctype_table                            0x080c8b64   Data         129  ctype_o.o(.constdata)
    FSymTab$$Base                            0x080cbb64   Number         0  mem.o(FSymTab)
    __fsym_list_mem                          0x080cbb64   Data          12  mem.o(FSymTab)
    __fsym_hello                             0x080cbb70   Data          12  cmd.o(FSymTab)
    __fsym_version                           0x080cbb7c   Data          12  cmd.o(FSymTab)
    __fsym_list_thread                       0x080cbb88   Data          12  cmd.o(FSymTab)
    __fsym_list_sem                          0x080cbb94   Data          12  cmd.o(FSymTab)
    __fsym_list_event                        0x080cbba0   Data          12  cmd.o(FSymTab)
    __fsym_list_mutex                        0x080cbbac   Data          12  cmd.o(FSymTab)
    __fsym_list_mailbox                      0x080cbbb8   Data          12  cmd.o(FSymTab)
    __fsym_list_msgqueue                     0x080cbbc4   Data          12  cmd.o(FSymTab)
    __fsym_list_mempool                      0x080cbbd0   Data          12  cmd.o(FSymTab)
    __fsym_list_timer                        0x080cbbdc   Data          12  cmd.o(FSymTab)
    __fsym_list_device                       0x080cbbe8   Data          12  cmd.o(FSymTab)
    __fsym_list                              0x080cbbf4   Data          12  cmd.o(FSymTab)
    __fsym_ls                                0x080cbc00   Data          12  dfs_file.o(FSymTab)
    __fsym_rm                                0x080cbc0c   Data          12  dfs_file.o(FSymTab)
    __fsym_cat                               0x080cbc18   Data          12  dfs_file.o(FSymTab)
    __fsym_copy                              0x080cbc24   Data          12  dfs_file.o(FSymTab)
    __fsym_mkfs                              0x080cbc30   Data          12  dfs_fs.o(FSymTab)
    __fsym_df                                0x080cbc3c   Data          12  dfs_fs.o(FSymTab)
    __fsym_mkdir                             0x080cbc48   Data          12  dfs_posix.o(FSymTab)
    __fsym_application                       0x080cbc54   Data          12  ui_application.o(FSymTab)
    FSymTab$$Limit                           0x080cbc60   Number         0  ui_application.o(FSymTab)
    Region$$Table$$Base                      0x080cbc60   Number         0  anon$$obj.o(Region$$Table)
    Region$$Table$$Limit                     0x080cbc80   Number         0  anon$$obj.o(Region$$Table)
    VSymTab$$Base                            0x080cbc80   Number         0  cmd.o(VSymTab)
    __vsym_dummy                             0x080cbc80   Data          16  cmd.o(VSymTab)
    VSymTab$$Limit                           0x080cbc90   Number         0  cmd.o(VSymTab)
    usb_host_flag                            0x20000000   Data           1  application.o(.data)
    update_barcode_st                        0x20000001   Data           1  application.o(.data)
    selfcheck                                0x20000002   Data           1  application.o(.data)
    test_flag                                0x2000000c   Data           8  cs99xx.o(.data)
    panel_flag                               0x20000014   Data           1  cs99xx.o(.data)
    startup_flag                             0x20000015   Data           1  cs99xx.o(.data)
    current_file_num                         0x20000016   Data           1  cs99xx.o(.data)
    current_step_num                         0x20000017   Data           1  cs99xx.o(.data)
    version_name                             0x20000018   Data          80  cs99xx.o(.data)
    mode_name                                0x20000068   Data          52  cs99xx.o(.data)
    curgear_name                             0x2000009c   Data          24  cs99xx.o(.data)
    curgear_name_LC                          0x200000b4   Data          24  cs99xx.o(.data)
    curgear_name_DCW                         0x200000cc   Data          24  cs99xx.o(.data)
    boolean_name                             0x200000e4   Data          16  cs99xx.o(.data)
    single_boolean_name                      0x200000f4   Data          16  cs99xx.o(.data)
    sw_status_name                           0x20000104   Data          16  cs99xx.o(.data)
    sw_status_name_static                    0x20000114   Data          16  cs99xx.o(.data)
    lc_phase_name                            0x20000124   Data          16  cs99xx.o(.data)
    lc_detection_name                        0x20000134   Data          16  cs99xx.o(.data)
    lc_MDnetwork_name                        0x20000144   Data          32  cs99xx.o(.data)
    workmode_name                            0x20000164   Data           8  cs99xx.o(.data)
    error_name                               0x2000016c   Data          80  cs99xx.o(.data)
    CS9931_Config                            0x200001bc   Data         188  cs9931_config.o(.data)
    keym_disable                             0x2000027c   Data           1  bsp_button.o(.data)
    KEY_BUFFER                               0x2000027e   Data           2  bsp_button.o(.data)
    LED_SINGLE                               0x20000280   Data           4  bsp_button.o(.data)
    keyf_down_flag                           0x20000284   Data           1  bsp_button.o(.data)
    keyf_name                                0x20000288   Data         800  bsp_button.o(.data)
    buzzer_timer                             0x200005a8   Data           1  bsp_button.o(.data)
    StopCondition                            0x200005bc   Data           4  bsp_sdio_sd.o(.data)
    TransferError                            0x200005c0   Data           1  bsp_sdio_sd.o(.data)
    TransferEnd                              0x200005c4   Data           4  bsp_sdio_sd.o(.data)
    DMAEndOfTransfer                         0x200005c8   Data           4  bsp_sdio_sd.o(.data)
    chipselect                               0x200005cc   Data           1  spi_flash.o(.data)
    g_cur_step                               0x200005d4   Data           4  memory.o(.data)
    num_keys                                 0x200005d8   Data          40  bsp_text.o(.data)
    mem_item                                 0x20000600   Data           2  bsp_listbox.o(.data)
    listbox_font                             0x20000604   Data          12  bsp_listbox.o(.data)
    ICO_ALPHA                                0x20000610   Data           1  bsp_ico.o(.data)
    ICO_COLOR                                0x20000612   Data           2  bsp_ico.o(.data)
    ICO_BCOLOR                               0x20000614   Data           2  bsp_ico.o(.data)
    ReceiveDataNum                           0x20000616   Data           1  usart1.o(.data)
    SetupGetHidDes                           0x20000617   Data           8  ch376_usb_ui.o(.data)
    SetupSetReport                           0x2000061f   Data           8  ch376_usb_ui.o(.data)
    Endpoint_desc                            0x20000627   Data           7  ch376_usb_ui.o(.data)
    Endpoint_desc2                           0x2000062e   Data           7  ch376_usb_ui.o(.data)
    receive_mode                             0x20000635   Data           1  ch376_usb_ui.o(.data)
    send_mode                                0x20000636   Data           1  ch376_usb_ui.o(.data)
    Endpoint_tog                             0x20000637   Data           2  ch376_usb_ui.o(.data)
    NumLock                                  0x20000639   Data           1  ch376_usb_ui.o(.data)
    scan_buf_w                               0x2000063a   Data           1  ch376_usb_ui.o(.data)
    scan_buf_r                               0x2000063b   Data           1  ch376_usb_ui.o(.data)
    SystemCoreClock                          0x20000658   Data           4  system_stm32f4xx.o(.data)
    AHBPrescTable                            0x2000065c   Data          16  system_stm32f4xx.o(.data)
    rt_interrupt_nest                        0x20000684   Data           1  irq.o(.data)
    rt_object_container                      0x200006b0   Data         144  object.o(.data)
    rt_object_trytake_hook                   0x20000748   Data           4  object.o(.data)
    rt_object_take_hook                      0x2000074c   Data           4  object.o(.data)
    rt_object_put_hook                       0x20000750   Data           4  object.o(.data)
    rt_current_thread                        0x20000758   Data           4  scheduler.o(.data)
    rt_current_priority                      0x2000075c   Data           1  scheduler.o(.data)
    rt_thread_ready_priority_group           0x20000760   Data           4  scheduler.o(.data)
    rt_thread_defunct                        0x20000764   Data           8  scheduler.o(.data)
    rt_interrupt_from_thread                 0x20000780   Data           4  cpuport.o(.data)
    rt_interrupt_to_thread                   0x20000784   Data           4  cpuport.o(.data)
    rt_thread_switch_interrupt_flag          0x20000788   Data           4  cpuport.o(.data)
    global_sysvar_list                       0x20000794   Data           4  finsh_var.o(.data)
    finsh_sp                                 0x20000798   Data           4  finsh_vm.o(.data)
    finsh_pc                                 0x2000079c   Data           4  finsh_vm.o(.data)
    global_syscall_list                      0x200007a0   Data           4  finsh_vm.o(.data)
    _syscall_table_begin                     0x200007a4   Data           4  symbol.o(.data)
    _syscall_table_end                       0x200007a8   Data           4  symbol.o(.data)
    _sysvar_table_begin                      0x200007ac   Data           4  symbol.o(.data)
    _sysvar_table_end                        0x200007b0   Data           4  symbol.o(.data)
    com_tid                                  0x200007c8   Data           4  ui_application.o(.data)
    panel_title                              0x200007cc   Data          12  ui_application.o(.data)
    panel_title_back                         0x200007d8   Data          12  ui_application.o(.data)
    panel_menu                               0x200007e4   Data          12  ui_application.o(.data)
    panel_key                                0x200007f0   Data          12  ui_application.o(.data)
    panel_home                               0x200007fc   Data          12  ui_application.o(.data)
    panel_homeback                           0x20000808   Data          12  ui_application.o(.data)
    panel_status                             0x20000814   Data          12  ui_application.o(.data)
    bar_code_flag                            0x20000824   Data           1  ui_home.o(.data)
    test                                     0x20000826   Data          10  ui_home.o(.data)
    name_list                                0x20000830   Data          32  ui_home.o(.data)
    lc_phase                                 0x20000850   Data          16  ui_home.o(.data)
    SW_ST                                    0x20000860   Data           8  ui_home.o(.data)
    SW_ST_ENG                                0x20000868   Data           8  ui_home.o(.data)
    file_title_name                          0x20000ba0   Data          60  ui_file.o(.data)
    list_box                                 0x20000be4   Data          20  ui_file.o(.data)
    file_new_name                            0x20000bf8   Data          48  ui_file.o(.data)
    step_title_name                          0x20000c28   Data          60  ui_step.o(.data)
    step_list_box                            0x20000c6c   Data          20  ui_step.o(.data)
    step_acw_name                            0x20000c80   Data         144  ui_step.o(.data)
    step_dcw_name                            0x20000d10   Data         136  ui_step.o(.data)
    step_ir_name                             0x20000d98   Data          96  ui_step.o(.data)
    step_gr_name                             0x20000df8   Data          96  ui_step.o(.data)
    step_lc_name                             0x20000e58   Data         128  ui_step.o(.data)
    step_pw_name                             0x20000ed8   Data         128  ui_step.o(.data)
    step_acw_gr_name                         0x20000f58   Data         144  ui_step.o(.data)
    step_dcw_gr_name                         0x20000fe8   Data         136  ui_step.o(.data)
    IR_Gear_Name                             0x20001070   Data          24  ui_step.o(.data)
    step_set_help_name                       0x20001088   Data        2080  ui_step.o(.data)
    CW_GR_name                               0x200018a8   Data         104  ui_step.o(.data)
    system_title_name                        0x20001910   Data          12  ui_system.o(.data)
    system_list_box                          0x2000191c   Data          20  ui_system.o(.data)
    usb_mem_flag                             0x20001bc4   Data           1  ui_result.o(.data)
    result_title_name                        0x20001bc8   Data          60  ui_result.o(.data)
    result_list_box                          0x20001c0c   Data          20  ui_result.o(.data)
    help_title                               0x20001c28   Data           8  ui_help.o(.data)
    help_list                                0x20001c30   Data          64  ui_help.o(.data)
    autocal_title                            0x20001c80   Data           4  ui_autocal.o(.data)
    asc16                                    0x20001c90   Data          20  asc16font.o(.data)
    asc20                                    0x20001ca4   Data          20  asc20font.o(.data)
    asc24                                    0x20001cb8   Data          20  asc24font.o(.data)
    asc32                                    0x20001ccc   Data          20  asc32font.o(.data)
    cur_vol                                  0x20001d28   Data           2  lc.o(.data)
    Test_Sampling_Timer                      0x20001d3c   Data           4  test_sched.o(.data)
    cur_ave                                  0x20001d4a   Data           2  test_sched.o(.data)
    vol_ave                                  0x20001d4c   Data           2  test_sched.o(.data)
    sampling_mutex_flag                      0x20001d50   Data           4  test_sched.o(.data)
    t_InstrumentAttrConfig                   0x20001d74   Data          12  communication.o(.data)
    t_EnvParam                               0x20001d80   Data           2  communication.o(.data)
    mem_str_realcur                          0x20001d82   Data          20  communication.o(.data)
    Usart2_Tx_Pra                            0x20001d9c   Data           8  communication.o(.data)
    Usart2_Rx_Flag                           0x20001da4   Data           8  communication.o(.data)
    usart2_send_st                           0x20001dac   Data           1  communication.o(.data)
    usart2_busy_st                           0x20001dad   Data           1  communication.o(.data)
    t_ParamContainer_SysDate                 0x20001de0   Data          12  scpiinstruction.o(.data)
    t_ParamContainer_SysTime                 0x20001dec   Data          12  scpiinstruction.o(.data)
    t_Stringhehe                             0x20001df8   Data           4  scpiinstruction.o(.data)
    t_ParamContainer_CommSaddr               0x20001dfc   Data          12  scpiinstruction.o(.data)
    this_target_address                      0x20001e0a   Data           1  zwd414b.o(.data)
    receive_timeout_counter                  0x20001e0b   Data           1  zwd414b.o(.data)
    send_jj98_frame                          0x20001e0c   Data           4  jj98.o(.data)
    rece_jj98_frame                          0x20001e10   Data           4  jj98.o(.data)
    vol                                      0x20001e14   Data           4  jj98.o(.data)
    thread_led                               0x20001f20   Data         128  application.o(.bss)
    startup_mb                               0x20001fa0   Data          48  application.o(.bss)
    modbus_mb                                0x20001fd0   Data          48  application.o(.bss)
    system_parameter_t                       0x20002000   Data          80  cs99xx.o(.bss)
    file_info                                0x20002050   Data        2040  cs99xx.o(.bss)
    key_mb                                   0x20002870   Data          48  bsp_button.o(.bss)
    bmp_buf                                  0x200028e0   Data        1600  ra8875.o(.bss)
    SDCardInfo                               0x20002f50   Data          88  bsp_sdio_sd.o(.bss)
    SDIO_InitStructure                       0x20002fa8   Data          24  bsp_sdio_sd.o(.bss)
    SDIO_CmdInitStructure                    0x20002fc0   Data          20  bsp_sdio_sd.o(.bss)
    SDIO_DataInitStructure                   0x20002fd4   Data          24  bsp_sdio_sd.o(.bss)
    g_tSF                                    0x2000325c   Data          28  spi_flash.o(.bss)
    step_pool                                0x20004278   Data        2560  memory.o(.bss)
    cs99xx_list                              0x20004c78   Data          12  memory.o(.bss)
    flash_info                               0x20004c84   Data          20  memorymanagement.o(.bss)
    result_headinfo                          0x20004c98   Data          28  memorymanagement.o(.bss)
    Usart1Receive_Data                       0x20004d68   Data         100  usart1.o(.bss)
    Device_desc                              0x20004dcc   Data          18  ch376_usb_ui.o(.bss)
    Config_desc                              0x20004dde   Data           9  ch376_usb_ui.o(.bss)
    Interface_desc                           0x20004de7   Data           9  ch376_usb_ui.o(.bss)
    Class_desc                               0x20004df0   Data           9  ch376_usb_ui.o(.bss)
    data_buf                                 0x20004df9   Data         180  ch376_usb_ui.o(.bss)
    Interface_desc2                          0x20004ead   Data           9  ch376_usb_ui.o(.bss)
    Class_desc2                              0x20004eb6   Data           9  ch376_usb_ui.o(.bss)
    scan_buf                                 0x20004ebf   Data          64  ch376_usb_ui.o(.bss)
    rt_thread_priority_table                 0x20005420   Data         256  scheduler.o(.bss)
    filesystem_operation_table               0x20005520   Data          16  dfs.o(.bss)
    filesystem_table                         0x20005530   Data          32  dfs.o(.bss)
    fd_table                                 0x20005574   Data         128  dfs.o(.bss)
    screen_mb                                0x20005718   Data          48  ui_application.o(.bss)
    barcode_buf                              0x200057c8   Data         100  ui_application.o(.bss)
    bar_code                                 0x20005838   Data          40  ui_home.o(.bss)
    __panel                                  0x2000590c   Data          12  sui_window.o(.bss)
    DAC_DATA                                 0x20005918   Data          16  ad_da.o(.bss)
    ADC_VALUE                                0x20005928   Data          80  ad_da.o(.bss)
    Wrong_info                               0x20005996   Data          40  self_test.o(.bss)
    lc_fs                                    0x20005af0   Data          80  lc_routine.o(.bss)
    acw_fs                                   0x20005b40   Data          80  lc_routine.o(.bss)
    Test_Sched_Param                         0x20005c10   Data          16  test_sched.o(.bss)
    test_sever_mb                            0x20005c20   Data          48  test_sched.o(.bss)
    test_sever_clock_mb                      0x20005c50   Data          48  test_sched.o(.bss)
    thread_Test_Sched_Sever                  0x20005c80   Data         128  test_sched.o(.bss)
    cur_sample_buf                           0x20006d00   Data        4000  test_sched.o(.bss)
    lc_sample_buf                            0x20007ca0   Data        2064  test_sched.o(.bss)
    Global_Cal_Facter                        0x200084b0   Data        2056  cal.o(.bss)
    st_InsulationInfo                        0x20008e7c   Data          48  communication.o(.bss)
    mem_str_vol                              0x20008eac   Data          20  communication.o(.bss)
    mem_str_cur                              0x20008ec0   Data          20  communication.o(.bss)
    mem_str_res                              0x20008ed4   Data          20  communication.o(.bss)
    mem_str_time                             0x20008ee8   Data          20  communication.o(.bss)
    st_ParamInfo                             0x20008efc   Data          88  communication.o(.bss)
    t_FentchInfo                             0x20008f54   Data          16  communication.o(.bss)
    Usart2_tx_buf                            0x20008f64   Data         256  communication.o(.bss)
    Usart2_rx_buf                            0x20009064   Data         256  communication.o(.bss)
    t_ParserExeModuler                       0x20009164   Data         248  scpi_parser.o(.bss)
    paramQueue                               0x2000925c   Data         100  scpi_parser.o(.bss)
    send_msg                                 0x200092c0   Data         259  modbus.o(.bss)
    Zwd414b_Receive_data                     0x200093c4   Data          96  zwd414b.o(.bss)
    Image$$RW_IRAM1$$ZI$$Limit               0x20009830   Number         0  anon$$obj.o ABSOLUTE
    __initial_sp                             0x20009830   Data           0  startup_stm32f4xx.o(STACK)



==============================================================================

Memory Map of the image

  Image Entry point : 0x08020189

  Load Region LR_IROM1 (Base: 0x08020000, Size: 0x000adab0, Max: 0x00100000, ABSOLUTE, COMPRESSED[0x000ac658])

    Execution Region ER_IROM1 (Base: 0x08020000, Size: 0x000abc90, Max: 0x00100000, ABSOLUTE)

    Base Addr    Size         Type   Attr      Idx    E Section Name        Object

    0x08020000   0x00000188   Data   RO          952    RESET               startup_stm32f4xx.o
    0x08020188   0x00000000   Code   RO         4264  * .ARM.Collect$$$$00000000  mc_w.l(entry.o)
    0x08020188   0x00000004   Code   RO         4603    .ARM.Collect$$$$00000001  mc_w.l(entry2.o)
    0x0802018c   0x00000004   Code   RO         4606    .ARM.Collect$$$$00000004  mc_w.l(entry5.o)
    0x08020190   0x00000000   Code   RO         4608    .ARM.Collect$$$$00000008  mc_w.l(entry7b.o)
    0x08020190   0x00000000   Code   RO         4610    .ARM.Collect$$$$0000000A  mc_w.l(entry8b.o)
    0x08020190   0x00000008   Code   RO         4611    .ARM.Collect$$$$0000000B  mc_w.l(entry9a.o)
    0x08020198   0x00000000   Code   RO         4613    .ARM.Collect$$$$0000000D  mc_w.l(entry10a.o)
    0x08020198   0x00000000   Code   RO         4615    .ARM.Collect$$$$0000000F  mc_w.l(entry11a.o)
    0x08020198   0x00000004   Code   RO         4604    .ARM.Collect$$$$00002712  mc_w.l(entry2.o)
    0x0802019c   0x000007f4   Code   RO            3    .text               application.o
    0x08020990   0x000000b4   Code   RO          248    .text               startup.o
    0x08020a44   0x00000734   Code   RO          279    .text               cs99xx.o
    0x08021178   0x00000144   Code   RO          382    .text               board.o
    0x080212bc   0x0000024c   Code   RO          410    .text               stm32f4xx_it.o
    0x08021508   0x00000036   Code   RO          445    .text               usart.o
    0x0802153e   0x00000002   PAD
    0x08021540   0x00000980   Code   RO          474    .text               bsp_button.o
    0x08021ec0   0x00000488   Code   RO          510    .text               ra8875.o
    0x08022348   0x00001ddc   Code   RO          536    .text               bsp_sdio_sd.o
    0x08024124   0x00000644   Code   RO          564    .text               spi_flash.o
    0x08024768   0x00000b3c   Code   RO          594    .text               memory.o
    0x080252a4   0x00000778   Code   RO          626    .text               memorymanagement.o
    0x08025a1c   0x0000030c   Code   RO          661    .text               rtc.o
    0x08025d28   0x00000218   Code   RO          687    .text               bmp.o
    0x08025f40   0x00000380   Code   RO          710    .text               bsp_font.o
    0x080262c0   0x000005f8   Code   RO          734    .text               bsp_text.o
    0x080268b8   0x000000c8   Code   RO          759    .text               bsp_listbox.o
    0x08026980   0x000002e8   Code   RO          785    .text               bsp_ico.o
    0x08026c68   0x00000126   Code   RO          812    .text               bsp_graph.o
    0x08026d8e   0x00000002   PAD
    0x08026d90   0x00000260   Code   RO          835    .text               usart1.o
    0x08026ff0   0x000006b8   Code   RO          877    .text               ch376_usb_ui.o
    0x080276a8   0x000005a8   Code   RO          901    .text               file_sys.o
    0x08027c50   0x0000003c   Code   RO          916    .text               hal_base.o
    0x08027c8c   0x00000318   Code   RO          930    .text               spi_sw.o
    0x08027fa4   0x00000024   Code   RO          953    .text               startup_stm32f4xx.o
    0x08027fc8   0x00000204   Code   RO          959    .text               system_stm32f4xx.o
    0x080281cc   0x000001f0   Code   RO          985    .text               misc.o
    0x080283bc   0x00001080   Code   RO         1005    .text               stm32f4xx_adc.o
    0x0802943c   0x00000614   Code   RO         1246    .text               stm32f4xx_dac.o
    0x08029a50   0x000013d0   Code   RO         1306    .text               stm32f4xx_dma.o
    0x0802ae20   0x00000310   Code   RO         1326    .text               stm32f4xx_exti.o
    0x0802b130   0x00000da0   Code   RO         1366    .text               stm32f4xx_fsmc.o
    0x0802bed0   0x0000091a   Code   RO         1386    .text               stm32f4xx_gpio.o
    0x0802c7ea   0x00000002   PAD
    0x0802c7ec   0x00000248   Code   RO         1506    .text               stm32f4xx_pwr.o
    0x0802ca34   0x00000d80   Code   RO         1526    .text               stm32f4xx_rcc.o
    0x0802d7b4   0x0000178c   Code   RO         1568    .text               stm32f4xx_rtc.o
    0x0802ef40   0x00000660   Code   RO         1588    .text               stm32f4xx_sdio.o
    0x0802f5a0   0x00000bcc   Code   RO         1608    .text               stm32f4xx_spi.o
    0x0803016c   0x00000188   Code   RO         1628    .text               stm32f4xx_syscfg.o
    0x080302f4   0x00003298   Code   RO         1648    .text               stm32f4xx_tim.o
    0x0803358c   0x00000fe8   Code   RO         1668    .text               stm32f4xx_usart.o
    0x08034574   0x00000064   Code   RO         1706    .text               clock.o
    0x080345d8   0x00000438   Code   RO         1742    .text               device.o
    0x08034a10   0x00000168   Code   RO         1758    .text               idle.o
    0x08034b78   0x00001af8   Code   RO         1784    .text               ipc.o
    0x08036670   0x00000048   Code   RO         1804    .text               irq.o
    0x080366b8   0x000009d0   Code   RO         1819    .text               kservice.o
    0x08037088   0x000009b4   Code   RO         1836    .text               mem.o
    0x08037a3c   0x00000348   Code   RO         1886    .text               object.o
    0x08037d84   0x00000334   Code   RO         1906    .text               scheduler.o
    0x080380b8   0x000006b4   Code   RO         1927    .text               thread.o
    0x0803876c   0x00000560   Code   RO         1944    .text               timer.o
    0x08038ccc   0x000001c0   Code   RO         1963    .text               cpuport.o
    0x08038e8c   0x00000110   Code   RO         1979    .text               context_rvds.o
    0x08038f9c   0x00000b94   Code   RO         2123    .text               cmd.o
    0x08039b30   0x000003fc   Code   RO         2388    .text               dfs.o
    0x08039f2c   0x0000098c   Code   RO         2421    .text               dfs_file.o
    0x0803a8b8   0x000005ec   Code   RO         2451    .text               dfs_fs.o
    0x0803aea4   0x00000550   Code   RO         2477    .text               dfs_posix.o
    0x0803b3f4   0x00000b60   Code   RO         2496    .text               dfs_elm.o
    0x0803bf54   0x0000294c   Code   RO         2534    .text               ff.o
    0x0803e8a0   0x000009e8   Code   RO         2551    .text               ui_application.o
    0x0803f288   0x00005b00   Code   RO         2669    .text               ui_home.o
    0x08044d88   0x000021dc   Code   RO         2741    .text               ui_file.o
    0x08046f64   0x0000e392   Code   RO         2785    .text               ui_step.o
    0x080552f6   0x00000002   PAD
    0x080552f8   0x00007af0   Code   RO         2814    .text               ui_system.o
    0x0805cde8   0x00005128   Code   RO         2849    .text               ui_result.o
    0x08061f10   0x00000144   Code   RO         2892    .text               ui_help.o
    0x08062054   0x00000a88   Code   RO         2917    .text               ui_about.o
    0x08062adc   0x00000084   Code   RO         2940    .text               ui_display.o
    0x08062b60   0x00000e7c   Code   RO         2961    .text               ui_file_port.o
    0x080639dc   0x000017f0   Code   RO         2982    .text               ui_autocal.o
    0x080651cc   0x00000188   Code   RO         3008    .text               sui_window.o
    0x08065354   0x00000024   Code   RO         3038    .text               sui_drivers.o
    0x08065378   0x000001cc   Code   RO         3136    .text               hz20font.o
    0x08065544   0x000002c2   Code   RO         3177    .text               hz24font.o
    0x08065806   0x00000162   Code   RO         3200    .text               asc32font.o
    0x08065968   0x00000212   Code   RO         3227    .text               hz32font.o
    0x08065b7a   0x00000002   PAD
    0x08065b7c   0x000007b4   Code   RO         3250    .text               ad_da.o
    0x08066330   0x000002b4   Code   RO         3280    .text               key_led.o
    0x080665e4   0x000002a0   Code   RO         3305    .text               multiplexer.o
    0x08066884   0x000002e0   Code   RO         3333    .text               relay.o
    0x08066b64   0x00000738   Code   RO         3358    .text               self_test.o
    0x0806729c   0x00000464   Code   RO         3401    .text               spi_cpld.o
    0x08067700   0x0000006c   Code   RO         3428    .text               plc.o
    0x0806776c   0x00001504   Code   RO         3451    .text               acw_routine.o
    0x08068c70   0x00001214   Code   RO         3490    .text               dcw_routine.o
    0x08069e84   0x00000c94   Code   RO         3518    .text               gr_routine.o
    0x0806ab18   0x0000189c   Code   RO         3546    .text               lc_routine.o
    0x0806c3b4   0x00000484   Code   RO         3579    .text               gr.o
    0x0806c838   0x00000e94   Code   RO         3607    .text               lc.o
    0x0806d6cc   0x0000091c   Code   RO         3639    .text               output_control.o
    0x0806dfe8   0x0000009c   Code   RO         3660    .text               relay_change.o
    0x0806e084   0x00000d58   Code   RO         3708    .text               test_sched.o
    0x0806eddc   0x0000054c   Code   RO         3738    .text               cal.o
    0x0806f328   0x00001dbc   Code   RO         3764    .text               acw_gr_routine.o
    0x080710e4   0x00001bf0   Code   RO         3789    .text               dcw_gr_routine.o
    0x08072cd4   0x00000a2c   Code   RO         3814    .text               pw_routine.o
    0x08073700   0x00000e58   Code   RO         3839    .text               ir_routine.o
    0x08074558   0x0000018c   Code   RO         3867    .text               ir.o
    0x080746e4   0x00002424   Code   RO         3920    .text               communication.o
    0x08076b08   0x000004a8   Code   RO         3987    .text               library.o
    0x08076fb0   0x000014f8   Code   RO         4018    .text               scpi_parser.o
    0x080784a8   0x00000024   Code   RO         4058    .text               scpiinstruction.o
    0x080784cc   0x00000330   Code   RO         4094    .text               modbus.o
    0x080787fc   0x00000088   Code   RO         4136    .text               systick.o
    0x08078884   0x00000510   Code   RO         4163    .text               zwd414b.o
    0x08078d94   0x000000a4   Code   RO         4194    .text               zwd414b_tools.o
    0x08078e38   0x000001c8   Code   RO         4227    .text               jj98.o
    0x08079000   0x00000062   Code   RO         4267    .text               mc_w.l(uldiv.o)
    0x08079062   0x0000001e   Code   RO         4269    .text               mc_w.l(llshl.o)
    0x08079080   0x000000a8   Code   RO         4271    .text               mc_w.l(mktime.o)
    0x08079128   0x00000024   Code   RO         4274    .text               mc_w.l(memcpya.o)
    0x0807914c   0x00000024   Code   RO         4276    .text               mc_w.l(memseta.o)
    0x08079170   0x00000018   Code   RO         4278    .text               mc_w.l(strcat.o)
    0x08079188   0x00000018   Code   RO         4280    .text               mc_w.l(strncpy.o)
    0x080791a0   0x0000000e   Code   RO         4282    .text               mc_w.l(strlen.o)
    0x080791ae   0x0000001c   Code   RO         4284    .text               mc_w.l(strcmp.o)
    0x080791ca   0x0000001a   Code   RO         4286    .text               mc_w.l(memcmp.o)
    0x080791e4   0x00000012   Code   RO         4288    .text               mc_w.l(strcpy.o)
    0x080791f6   0x0000001e   Code   RO         4290    .text               mc_w.l(strncmp.o)
    0x08079214   0x00000020   Code   RO         4292    .text               mc_w.l(strrchr.o)
    0x08079234   0x0000001a   Code   RO         4557    .text               mc_w.l(atoi.o)
    0x0807924e   0x000000e4   Code   RO         4559    .text               mf_w.l(dmul.o)
    0x08079332   0x000000de   Code   RO         4561    .text               mf_w.l(ddiv.o)
    0x08079410   0x0000001a   Code   RO         4563    .text               mf_w.l(dfltui.o)
    0x0807942a   0x0000003e   Code   RO         4565    .text               mf_w.l(dfixi.o)
    0x08079468   0x00000032   Code   RO         4567    .text               mf_w.l(dfixui.o)
    0x0807949a   0x00000026   Code   RO         4569    .text               mf_w.l(f2d.o)
    0x080794c0   0x00000030   Code   RO         4571    .text               mf_w.l(cdrcmple.o)
    0x080794f0   0x00000038   Code   RO         4573    .text               mf_w.l(d2f.o)
    0x08079528   0x0000002c   Code   RO         4620    .text               mc_w.l(uidiv.o)
    0x08079554   0x00000020   Code   RO         4622    .text               mc_w.l(llushr.o)
    0x08079574   0x0000008c   Code   RO         4627    .text               mc_w.l(localtime_i.o)
    0x08079600   0x00000070   Code   RO         4637    .text               mc_w.l(strtol.o)
    0x08079670   0x00000000   Code   RO         4639    .text               mc_w.l(iusefp.o)
    0x08079670   0x0000006e   Code   RO         4640    .text               mf_w.l(fepilogue.o)
    0x080796de   0x000000ba   Code   RO         4642    .text               mf_w.l(depilogue.o)
    0x08079798   0x0000014e   Code   RO         4644    .text               mf_w.l(dadd.o)
    0x080798e6   0x00000030   Code   RO         4648    .text               mf_w.l(dfixul.o)
    0x08079916   0x00000002   PAD
    0x08079918   0x00000024   Code   RO         4660    .text               mc_w.l(init.o)
    0x0807993c   0x00000024   Code   RO         4663    .text               mc_w.l(llsshr.o)
    0x08079960   0x00000008   Code   RO         4665    .text               mc_w.l(ctype_o.o)
    0x08079968   0x0000009e   Code   RO         4693    .text               mc_w.l(_strtoul.o)
    0x08079a06   0x00000022   Code   RO         4696    .text               mf_w.l(dflti.o)
    0x08079a28   0x0000001c   Code   RO         4698    .text               mc_w.l(_chval.o)
    0x08079a44   0x0000005e   Code   RO         4708    .text               mc_w.l(__dclz77c.o)
    0x08079aa2   0x00000002   PAD
    0x08079aa4   0x00000028   Code   RO         4531    i.__0sprintf        mc_w.l(printfa.o)
    0x08079acc   0x00000030   Code   RO         4656    i.__ARM_fpclassify  m_wm.l(fpclassify.o)
    0x08079afc   0x00000008   Code   RO         4630    i.__aeabi_errno_addr  mc_w.l(errno.o)
    0x08079b04   0x00000004   PAD
    0x08079b08   0x000000c8   Code   RO         4252    i.__hardfp_cos      m_wm.l(cos.o)
    0x08079bd0   0x00000438   Code   RO         4592    i.__ieee754_rem_pio2  m_wm.l(rred.o)
    0x0807a008   0x00000170   Code   RO         4575    i.__kernel_cos      m_wm.l(cos_i.o)
    0x0807a178   0x000000f8   Code   RO         4658    i.__kernel_poly     m_wm.l(poly.o)
    0x0807a270   0x00000130   Code   RO         4597    i.__kernel_sin      m_wm.l(sin_i.o)
    0x0807a3a0   0x00000014   Code   RO         4579    i.__mathlib_dbl_infnan  m_wm.l(dunder.o)
    0x0807a3b4   0x00000004   PAD
    0x0807a3b8   0x00000020   Code   RO         4581    i.__mathlib_dbl_invalid  m_wm.l(dunder.o)
    0x0807a3d8   0x00000020   Code   RO         4584    i.__mathlib_dbl_underflow  m_wm.l(dunder.o)
    0x0807a3f8   0x0000000e   Code   RO         4702    i.__scatterload_copy  mc_w.l(handlers.o)
    0x0807a406   0x00000002   Code   RO         4703    i.__scatterload_null  mc_w.l(handlers.o)
    0x0807a408   0x0000000e   Code   RO         4704    i.__scatterload_zeroinit  mc_w.l(handlers.o)
    0x0807a416   0x00000002   PAD
    0x0807a418   0x0000000c   Code   RO         4632    i.__set_errno       mc_w.l(errno.o)
    0x0807a424   0x00000164   Code   RO         4536    i._fp_digits        mc_w.l(printfa.o)
    0x0807a588   0x000006dc   Code   RO         4537    i._printf_core      mc_w.l(printfa.o)
    0x0807ac64   0x00000024   Code   RO         4538    i._printf_post_padding  mc_w.l(printfa.o)
    0x0807ac88   0x0000002e   Code   RO         4539    i._printf_pre_padding  mc_w.l(printfa.o)
    0x0807acb6   0x0000000a   Code   RO         4541    i._sputc            mc_w.l(printfa.o)
    0x0807acc0   0x00000018   Code   RO         4652    i.fabs              m_wm.l(fabs.o)
    0x0807acd8   0x00000bfc   Data   RO            5    .constdata          application.o
    0x0807b8d4   0x00000018   Data   RO          476    .constdata          bsp_button.o
    0x0807b8ec   0x00000012   Data   RO          538    .constdata          bsp_sdio_sd.o
    0x0807b8fe   0x0000000f   Data   RO          663    .constdata          rtc.o
    0x0807b90d   0x00000003   PAD
    0x0807b910   0x0000000c   Data   RO          735    .constdata          bsp_text.o
    0x0807b91c   0x0000001f   Data   RO          786    .constdata          bsp_ico.o
    0x0807b93b   0x000000a8   Data   RO         1743    .constdata          device.o
    0x0807b9e3   0x00000016   Data   RO         1760    .constdata          idle.o
    0x0807b9f9   0x000001d7   Data   RO         1785    .constdata          ipc.o
    0x0807bbd0   0x00000122   Data   RO         1821    .constdata          kservice.o
    0x0807bcf2   0x0000006d   Data   RO         1838    .constdata          mem.o
    0x0807bd5f   0x0000005e   Data   RO         1887    .constdata          object.o
    0x0807bdbd   0x0000004e   Data   RO         1908    .constdata          scheduler.o
    0x0807be0b   0x000000aa   Data   RO         1928    .constdata          thread.o
    0x0807beb5   0x0000005c   Data   RO         1945    .constdata          timer.o
    0x0807bf11   0x00000013   Data   RO         1964    .constdata          cpuport.o
    0x0807bf24   0x00000200   Data   RO         2124    .constdata          cmd.o
    0x0807c124   0x00000023   Data   RO         2390    .constdata          dfs.o
    0x0807c147   0x0000005f   Data   RO         2423    .constdata          dfs_file.o
    0x0807c1a6   0x00000046   Data   RO         2452    .constdata          dfs_fs.o
    0x0807c1ec   0x00000019   Data   RO         2478    .constdata          dfs_posix.o
    0x0807c205   0x00000003   PAD
    0x0807c208   0x000000b9   Data   RO         2497    .constdata          dfs_elm.o
    0x0807c2c1   0x00000001   PAD
    0x0807c2c2   0x0000002c   Data   RO         2535    .constdata          ff.o
    0x0807c2ee   0x00000002   PAD
    0x0807c2f0   0x000000ec   Data   RO         2553    .constdata          ui_application.o
    0x0807c3dc   0x00003e90   Data   RO         2671    .constdata          ui_home.o
    0x0808026c   0x000000a8   Data   RO         2742    .constdata          ui_file.o
    0x08080314   0x00000240   Data   RO         2786    .constdata          ui_step.o
    0x08080554   0x00000128   Data   RO         2815    .constdata          ui_system.o
    0x0808067c   0x00000094   Data   RO         2850    .constdata          ui_result.o
    0x08080710   0x0000000c   Data   RO         2893    .constdata          ui_help.o
    0x0808071c   0x00000020   Data   RO         2918    .constdata          ui_about.o
    0x0808073c   0x0000000c   Data   RO         2941    .constdata          ui_display.o
    0x08080748   0x00000038   Data   RO         2962    .constdata          ui_file_port.o
    0x08080780   0x0000029c   Data   RO         2984    .constdata          ui_autocal.o
    0x08080a1c   0x0000000c   Data   RO         3010    .constdata          sui_window.o
    0x08080a28   0x00000800   Data   RO         3083    .constdata          asc16font.o
    0x08081228   0x0003fe54   Data   RO         3101    .constdata          hz16font.o
    0x080c107c   0x00000cd0   Data   RO         3118    .constdata          asc20font.o
    0x080c1d4c   0x00000938   Data   RO         3137    .constdata          hz20font.o
    0x080c2684   0x00001800   Data   RO         3159    .constdata          asc24font.o
    0x080c3e84   0x0000101c   Data   RO         3178    .constdata          hz24font.o
    0x080c4ea0   0x00001180   Data   RO         3201    .constdata          asc32font.o
    0x080c6020   0x00001514   Data   RO         3228    .constdata          hz32font.o
    0x080c7534   0x00000084   Data   RO         3453    .constdata          acw_routine.o
    0x080c75b8   0x00000084   Data   RO         3492    .constdata          dcw_routine.o
    0x080c763c   0x00000044   Data   RO         3520    .constdata          gr_routine.o
    0x080c7680   0x00000044   Data   RO         3548    .constdata          lc_routine.o
    0x080c76c4   0x00000028   Data   RO         3710    .constdata          test_sched.o
    0x080c76ec   0x000000b0   Data   RO         3766    .constdata          acw_gr_routine.o
    0x080c779c   0x000000b0   Data   RO         3791    .constdata          dcw_gr_routine.o
    0x080c784c   0x00000044   Data   RO         3816    .constdata          pw_routine.o
    0x080c7890   0x00000034   Data   RO         3841    .constdata          ir_routine.o
    0x080c78c4   0x00000018   Data   RO         3868    .constdata          ir.o
    0x080c78dc   0x0000026c   Data   RO         3967    .constdata          cs9931cinstructiontable.o
    0x080c7b48   0x000000b4   Data   RO         4020    .constdata          scpi_parser.o
    0x080c7bfc   0x00000c30   Data   RO         4059    .constdata          scpiinstruction.o
    0x080c882c   0x00000200   Data   RO         4096    .constdata          modbus.o
    0x080c8a2c   0x0000000c   Data   RO         4272    .constdata          mc_w.l(mktime.o)
    0x080c8a38   0x00000030   Data   RO         4576    .constdata          m_wm.l(cos_i.o)
    0x080c8a68   0x000000c8   Data   RO         4594    .constdata          m_wm.l(rred.o)
    0x080c8b30   0x00000028   Data   RO         4598    .constdata          m_wm.l(sin_i.o)
    0x080c8b58   0x0000000c   Data   RO         4628    .constdata          mc_w.l(localtime_i.o)
    0x080c8b64   0x00000081   Data   RO         4666    .constdata          mc_w.l(ctype_o.o)
    0x080c8be5   0x00000003   PAD
    0x080c8be8   0x00000004   Data   RO         4667    .constdata          mc_w.l(ctype_o.o)
    0x080c8bec   0x00000045   Data   RO            6    .conststring        application.o
    0x080c8c31   0x00000003   PAD
    0x080c8c34   0x000001a9   Data   RO          281    .conststring        cs99xx.o
    0x080c8ddd   0x00000003   PAD
    0x080c8de0   0x00000146   Data   RO          477    .conststring        bsp_button.o
    0x080c8f26   0x00000002   PAD
    0x080c8f28   0x00000050   Data   RO          736    .conststring        bsp_text.o
    0x080c8f78   0x000000ed   Data   RO         1839    .conststring        mem.o
    0x080c9065   0x00000003   PAD
    0x080c9068   0x0000019d   Data   RO         2125    .conststring        cmd.o
    0x080c9205   0x00000003   PAD
    0x080c9208   0x00000048   Data   RO         2498    .conststring        dfs_elm.o
    0x080c9250   0x000000a3   Data   RO         2554    .conststring        ui_application.o
    0x080c92f3   0x00000001   PAD
    0x080c92f4   0x0000040b   Data   RO         2672    .conststring        ui_home.o
    0x080c96ff   0x00000001   PAD
    0x080c9700   0x000000fb   Data   RO         2743    .conststring        ui_file.o
    0x080c97fb   0x00000001   PAD
    0x080c97fc   0x00000695   Data   RO         2787    .conststring        ui_step.o
    0x080c9e91   0x00000003   PAD
    0x080c9e94   0x0000138e   Data   RO         2816    .conststring        ui_system.o
    0x080cb222   0x00000002   PAD
    0x080cb224   0x000000bd   Data   RO         2851    .conststring        ui_result.o
    0x080cb2e1   0x00000003   PAD
    0x080cb2e4   0x0000033b   Data   RO         2894    .conststring        ui_help.o
    0x080cb61f   0x00000001   PAD
    0x080cb620   0x00000129   Data   RO         2919    .conststring        ui_about.o
    0x080cb749   0x00000003   PAD
    0x080cb74c   0x00000016   Data   RO         2985    .conststring        ui_autocal.o
    0x080cb762   0x00000002   PAD
    0x080cb764   0x0000001f   Data   RO         3922    .conststring        communication.o
    0x080cb783   0x00000001   PAD
    0x080cb784   0x0000001f   Data   RO         3968    .conststring        cs9931cinstructiontable.o
    0x080cb7a3   0x00000001   PAD
    0x080cb7a4   0x0000018f   Data   RO         4021    .conststring        scpi_parser.o
    0x080cb933   0x00000001   PAD
    0x080cb934   0x0000022e   Data   RO         4060    .conststring        scpiinstruction.o
    0x080cbb62   0x00000002   PAD
    0x080cbb64   0x0000000c   Data   RO         1841    FSymTab             mem.o
    0x080cbb70   0x00000090   Data   RO         2127    FSymTab             cmd.o
    0x080cbc00   0x00000030   Data   RO         2424    FSymTab             dfs_file.o
    0x080cbc30   0x00000018   Data   RO         2453    FSymTab             dfs_fs.o
    0x080cbc48   0x0000000c   Data   RO         2479    FSymTab             dfs_posix.o
    0x080cbc54   0x0000000c   Data   RO         2556    FSymTab             ui_application.o
    0x080cbc60   0x00000020   Data   RO         4700    Region$$Table       anon$$obj.o
    0x080cbc80   0x00000010   Data   RO         2128    VSymTab             cmd.o


    Execution Region RW_IRAM1 (Base: 0x20000000, Size: 0x00009830, Max: 0x00020000, ABSOLUTE, COMPRESSED[0x000009c8])

    Base Addr    Size         Type   Attr      Idx    E Section Name        Object

    0x20000000   0x0000000b   Data   RW            7    .data               application.o
    0x2000000b   0x00000001   PAD
    0x2000000c   0x000001b0   Data   RW          282    .data               cs99xx.o
    0x200001bc   0x000000bc   Data   RW          368    .data               cs9931_config.o
    0x20000278   0x00000004   Data   RW          383    .data               board.o
    0x2000027c   0x00000338   Data   RW          478    .data               bsp_button.o
    0x200005b4   0x00000018   Data   RW          539    .data               bsp_sdio_sd.o
    0x200005cc   0x00000001   Data   RW          566    .data               spi_flash.o
    0x200005cd   0x00000003   PAD
    0x200005d0   0x00000008   Data   RW          596    .data               memory.o
    0x200005d8   0x00000028   Data   RW          737    .data               bsp_text.o
    0x20000600   0x00000010   Data   RW          760    .data               bsp_listbox.o
    0x20000610   0x00000006   Data   RW          787    .data               bsp_ico.o
    0x20000616   0x00000001   Data   RW          837    .data               usart1.o
    0x20000617   0x00000025   Data   RW          879    .data               ch376_usb_ui.o
    0x2000063c   0x0000001c   Data   RW          931    .data               spi_sw.o
    0x20000658   0x00000014   Data   RW          960    .data               system_stm32f4xx.o
    0x2000066c   0x00000010   Data   RW         1527    .data               stm32f4xx_rcc.o
    0x2000067c   0x00000004   Data   RW         1707    .data               clock.o
    0x20000680   0x00000004   Data   RW         1761    .data               idle.o
    0x20000684   0x00000001   Data   RW         1805    .data               irq.o
    0x20000685   0x00000003   PAD
    0x20000688   0x00000008   Data   RW         1822    .data               kservice.o
    0x20000690   0x00000020   Data   RW         1840    .data               mem.o
    0x200006b0   0x000000a4   Data   RW         1888    .data               object.o
    0x20000754   0x0000001c   Data   RW         1909    .data               scheduler.o
    0x20000770   0x00000010   Data   RW         1946    .data               timer.o
    0x20000780   0x00000010   Data   RW         1965    .data               cpuport.o
    0x20000790   0x00000004   Data   RW         2126    .data               cmd.o
    0x20000794   0x00000004   Data   RW         2306    .data               finsh_var.o
    0x20000798   0x0000000c   Data   RW         2329    .data               finsh_vm.o
    0x200007a4   0x00000010   Data   RW         2375    .data               symbol.o
    0x200007b4   0x00000008   Data   RW         2499    .data               dfs_elm.o
    0x200007bc   0x0000000a   Data   RW         2536    .data               ff.o
    0x200007c6   0x00000002   PAD
    0x200007c8   0x0000005c   Data   RW         2555    .data               ui_application.o
    0x20000824   0x0000037c   Data   RW         2673    .data               ui_home.o
    0x20000ba0   0x00000088   Data   RW         2744    .data               ui_file.o
    0x20000c28   0x00000ce8   Data   RW         2788    .data               ui_step.o
    0x20001910   0x000002b4   Data   RW         2817    .data               ui_system.o
    0x20001bc4   0x00000064   Data   RW         2852    .data               ui_result.o
    0x20001c28   0x00000048   Data   RW         2895    .data               ui_help.o
    0x20001c70   0x0000001d   Data   RW         2986    .data               ui_autocal.o
    0x20001c8d   0x00000003   PAD
    0x20001c90   0x00000014   Data   RW         3084    .data               asc16font.o
    0x20001ca4   0x00000014   Data   RW         3119    .data               asc20font.o
    0x20001cb8   0x00000014   Data   RW         3160    .data               asc24font.o
    0x20001ccc   0x00000014   Data   RW         3202    .data               asc32font.o
    0x20001ce0   0x00000003   Data   RW         3252    .data               ad_da.o
    0x20001ce3   0x00000002   Data   RW         3281    .data               key_led.o
    0x20001ce5   0x00000005   Data   RW         3306    .data               multiplexer.o
    0x20001cea   0x00000002   PAD
    0x20001cec   0x00000004   Data   RW         3334    .data               relay.o
    0x20001cf0   0x00000002   Data   RW         3360    .data               self_test.o
    0x20001cf2   0x00000002   PAD
    0x20001cf4   0x0000000d   Data   RW         3403    .data               spi_cpld.o
    0x20001d01   0x00000003   PAD
    0x20001d04   0x00000005   Data   RW         3454    .data               acw_routine.o
    0x20001d09   0x00000003   PAD
    0x20001d0c   0x00000004   Data   RW         3493    .data               dcw_routine.o
    0x20001d10   0x00000008   Data   RW         3521    .data               gr_routine.o
    0x20001d18   0x00000008   Data   RW         3549    .data               lc_routine.o
    0x20001d20   0x00000002   Data   RW         3580    .data               gr.o
    0x20001d22   0x0000000c   Data   RW         3608    .data               lc.o
    0x20001d2e   0x00000005   Data   RW         3640    .data               output_control.o
    0x20001d33   0x00000001   PAD
    0x20001d34   0x00000002   Data   RW         3661    .data               relay_change.o
    0x20001d36   0x00000002   PAD
    0x20001d38   0x0000002c   Data   RW         3711    .data               test_sched.o
    0x20001d64   0x00000004   Data   RW         3767    .data               acw_gr_routine.o
    0x20001d68   0x00000004   Data   RW         3792    .data               dcw_gr_routine.o
    0x20001d6c   0x00000004   Data   RW         3817    .data               pw_routine.o
    0x20001d70   0x00000004   Data   RW         3842    .data               ir_routine.o
    0x20001d74   0x00000040   Data   RW         3923    .data               communication.o
    0x20001db4   0x00000024   Data   RW         4022    .data               scpi_parser.o
    0x20001dd8   0x00000030   Data   RW         4061    .data               scpiinstruction.o
    0x20001e08   0x00000002   Data   RW         4137    .data               systick.o
    0x20001e0a   0x00000002   Data   RW         4165    .data               zwd414b.o
    0x20001e0c   0x00000010   Data   RW         4229    .data               jj98.o
    0x20001e1c   0x00000004   Data   RW         4633    .data               mc_w.l(errno.o)
    0x20001e20   0x000001e0   Zero   RW            4    .bss                application.o
    0x20002000   0x00000848   Zero   RW          280    .bss                cs99xx.o
    0x20002848   0x00000098   Zero   RW          475    .bss                bsp_button.o
    0x200028e0   0x00000640   Zero   RW          511    .bss                ra8875.o
    0x20002f20   0x0000033c   Zero   RW          537    .bss                bsp_sdio_sd.o
    0x2000325c   0x0000101c   Zero   RW          565    .bss                spi_flash.o
    0x20004278   0x00000a0c   Zero   RW          595    .bss                memory.o
    0x20004c84   0x000000a4   Zero   RW          627    .bss                memorymanagement.o
    0x20004d28   0x00000040   Zero   RW          662    .bss                rtc.o
    0x20004d68   0x00000064   Zero   RW          836    .bss                usart1.o
    0x20004dcc   0x00000133   Zero   RW          878    .bss                ch376_usb_ui.o
    0x20004eff   0x00000001   PAD
    0x20004f00   0x00000480   Zero   RW         1759    .bss                idle.o
    0x20005380   0x00000080   Zero   RW         1820    .bss                kservice.o
    0x20005400   0x00000020   Zero   RW         1837    .bss                mem.o
    0x20005420   0x00000100   Zero   RW         1907    .bss                scheduler.o
    0x20005520   0x000000d4   Zero   RW         2389    .bss                dfs.o
    0x200055f4   0x00000124   Zero   RW         2422    .bss                dfs_file.o
    0x20005718   0x00000120   Zero   RW         2552    .bss                ui_application.o
    0x20005838   0x00000034   Zero   RW         2670    .bss                ui_home.o
    0x2000586c   0x000000a0   Zero   RW         2983    .bss                ui_autocal.o
    0x2000590c   0x0000000c   Zero   RW         3009    .bss                sui_window.o
    0x20005918   0x0000007e   Zero   RW         3251    .bss                ad_da.o
    0x20005996   0x00000028   Zero   RW         3359    .bss                self_test.o
    0x200059be   0x00000002   PAD
    0x200059c0   0x00000020   Zero   RW         3402    .bss                spi_cpld.o
    0x200059e0   0x00000060   Zero   RW         3452    .bss                acw_routine.o
    0x20005a40   0x0000005c   Zero   RW         3491    .bss                dcw_routine.o
    0x20005a9c   0x00000054   Zero   RW         3519    .bss                gr_routine.o
    0x20005af0   0x0000011c   Zero   RW         3547    .bss                lc_routine.o
    0x20005c0c   0x00000004   PAD
    0x20005c10   0x000028a0   Zero   RW         3709    .bss                test_sched.o
    0x200084b0   0x00000808   Zero   RW         3739    .bss                cal.o
    0x20008cb8   0x00000090   Zero   RW         3765    .bss                acw_gr_routine.o
    0x20008d48   0x00000090   Zero   RW         3790    .bss                dcw_gr_routine.o
    0x20008dd8   0x00000048   Zero   RW         3815    .bss                pw_routine.o
    0x20008e20   0x0000005c   Zero   RW         3840    .bss                ir_routine.o
    0x20008e7c   0x000002e8   Zero   RW         3921    .bss                communication.o
    0x20009164   0x0000015c   Zero   RW         4019    .bss                scpi_parser.o
    0x200092c0   0x00000103   Zero   RW         4095    .bss                modbus.o
    0x200093c3   0x00000001   PAD
    0x200093c4   0x00000060   Zero   RW         4164    .bss                zwd414b.o
    0x20009424   0x0000000a   Zero   RW         4228    .bss                jj98.o
    0x2000942e   0x00000002   PAD
    0x20009430   0x00000400   Zero   RW          950    STACK               startup_stm32f4xx.o


==============================================================================

Image component sizes


      Code (inc. data)   RO Data    RW Data    ZI Data      Debug   Object Name

      7612        728        176          4        144       7834   acw_gr_routine.o
      5380        642        132          5         96       6199   acw_routine.o
      1972         76          0          3        126       7408   ad_da.o
      2036        568       3137         11        480     360308   application.o
         0          0       2048         20          0        675   asc16font.o
         0          0       3280         20          0        675   asc20font.o
         0          0       6144         20          0        675   asc24font.o
       354         92       4480         20          0       1678   asc32font.o
       536         76          0          0          0       2485   bmp.o
       324         26          0          4          0      28199   board.o
      2432        146        350        824        152       7348   bsp_button.o
       896         34          0          0          0       4237   bsp_font.o
       294          0          0          0          0       2177   bsp_graph.o
       744         78         31          6          0       3615   bsp_ico.o
       200          8          0         16          0       1855   bsp_listbox.o
      7644        402         18         24        828      28187   bsp_sdio_sd.o
      1528         32         92         40          0       4891   bsp_text.o
      1356         32          0          0       2056       5152   cal.o
      1720         94          0         37        307      17851   ch376_usb_ui.o
       100          6          0          4          0       9940   clock.o
      2964       1200       1085          4          0      14530   cmd.o
      9252        464         31         64        744      47773   communication.o
       272         24          0          0          0        840   context_rvds.o
       448        220         19         16          0       3851   cpuport.o
         0          0          0        188          0       1352   cs9931_config.o
         0          0        651          0          0       1849   cs9931cinstructiontable.o
      1844         70        425        432       2120      15975   cs99xx.o
      7152        654        176          4        144       7832   dcw_gr_routine.o
      4628        546        132          4         92       5832   dcw_routine.o
      1080        166        168          0          0       5237   device.o
      1020        160         35          0        212       8864   dfs.o
      2912        262        257          8          0      22517   dfs_elm.o
      2444        324        143          0        292      13615   dfs_file.o
      1516        284         94          0          0      10344   dfs_fs.o
      1360         48         37          0          0       8891   dfs_posix.o
     10572        120         44         10          0      25145   ff.o
      1448          6          0          0          0      19933   file_sys.o
         0          0          0          4          0       5309   finsh_var.o
         0          0          0         12          0       6005   finsh_vm.o
      1156         22          0          2          0       2924   gr.o
      3220        402         68          8         84       5026   gr_routine.o
        60          0          0          0          0        812   hal_base.o
         0          0     261716          0          0        677   hz16font.o
       460          0       2360          0          0       1587   hz20font.o
       706          0       4124          0          0       1659   hz24font.o
       530          0       5396          0          0       1667   hz32font.o
       360        104         22          4       1152       3031   idle.o
      6904        466        471          0          0      21455   ipc.o
       396         16         24          0          0       1904   ir.o
      3672        526         52          4         92       5312   ir_routine.o
        72          6          0          1          0       1514   irq.o
       456         22          0         16         10       3543   jj98.o
       692         20          0          2          0       4113   key_led.o
      2512        168        290          8        128      11108   kservice.o
      3732        100          0         12          0      13585   lc.o
      6300        562         68          8        284      10599   lc_routine.o
      1192         18          0          0          0       9707   library.o
      2484        592        358         32         32      10090   mem.o
      2876         30          0          8       2572      10061   memory.o
      1912         88          0          0        164       6973   memorymanagement.o
       496         78          0          0          0       2145   misc.o
       816         22        512          0        259       7264   modbus.o
       672         12          0          5          0       4399   multiplexer.o
       840        184         94        164          0       6032   object.o
      2332         42          0          5          0       4649   output_control.o
       108          4          0          0          0       1027   plc.o
      2604        320         68          4         72       4082   pw_routine.o
      1160          6          0          0       1600       5411   ra8875.o
       736         26          0          4          0       5043   relay.o
       156         18          0          2          0       1155   relay_change.o
         0          0          0          0          0        392   ringbuffer.o
       780         78         15          0         64       3728   rtc.o
       820        180         78         28        256       4989   scheduler.o
      5368        138        579         36        348      28759   scpi_parser.o
        36         12       3678         48          0      16683   scpiinstruction.o
      1848        590          0          2         40       3646   self_test.o
      1124         76          0         13         32       4062   spi_cpld.o
      1604         62          0          1       4124       7547   spi_flash.o
       792         34          0         28          0       4389   spi_sw.o
       180         88          0          0          0       1419   startup.o
        36          8        392          0       1024        924   startup_stm32f4xx.o
      4224        152          0          0          0      12806   stm32f4xx_adc.o
         0          0          0          0          0     313184   stm32f4xx_cryp_aes.o
      1556         74          0          0          0       5653   stm32f4xx_dac.o
      5072        356          0          0          0       8785   stm32f4xx_dma.o
       784         74          0          0          0       2847   stm32f4xx_exti.o
      3488         80          0          0          0       6747   stm32f4xx_fsmc.o
      2330        136          0          0          0       5337   stm32f4xx_gpio.o
       588         28          0          0          0       3597   stm32f4xx_it.o
       584         78          0          0          0       2884   stm32f4xx_pwr.o
      3456        266          0         16          0      13095   stm32f4xx_rcc.o
      6028        118          0          0          0      16888   stm32f4xx_rtc.o
      1632         92          0          0          0       8368   stm32f4xx_sdio.o
      3020        122          0          0          0       8261   stm32f4xx_spi.o
       392         76          0          0          0       1879   stm32f4xx_syscfg.o
     12952        674          0          0          0      29372   stm32f4xx_tim.o
      4072        170          0          0          0      10574   stm32f4xx_usart.o
        36          0          0          0          0       1717   sui_drivers.o
       392         16         12          0         12       2835   sui_window.o
         0          0          0         16          0       4253   symbol.o
       516         44          0         20          0       2123   system_stm32f4xx.o
       136         12          0          2          0       2770   systick.o
      3416        410         40         44      10400      10088   test_sched.o
      1716        246        170          0          0       7930   thread.o
      1376        150         92         16          0       7649   timer.o
      2696       1218        329          0          0       2496   ui_about.o
      2536        708        411         92        288      12032   ui_application.o
      6128        402        690         29        160       8356   ui_autocal.o
       132         22         12          0          0        616   ui_display.o
      8668        692        419        136          0       9413   ui_file.o
      3708        702         56          0          0       4274   ui_file_port.o
       324         48        839         72          0       1488   ui_help.o
     23296       2434      17051        892         52      19793   ui_home.o
     20776       3072        337        100          0      23123   ui_result.o
     58258       3098       2261       3304          0      39471   ui_step.o
     31472       3032       5302        692          0      27765   ui_system.o
         0          0          0          0          0      10197   ui_title.o
        54          0          0          0          0        955   usart.o
       608         32          0          1        100       3747   usart1.o
      1296         60          0          2         96       6244   zwd414b.o
       164          0          0          0          0       2429   zwd414b_tools.o

    ----------------------------------------------------------------------
    364132      31602     331648       7708      31248    1634216   Object Totals
         0          0         32          0          0          0   (incl. Generated)
        10          0         45         25         10          0   (incl. Padding)

    ----------------------------------------------------------------------

      Code (inc. data)   RO Data    RW Data    ZI Data      Debug   Library Member Name

       200         20          0          0          0        164   cos.o
       368         46         48          0          0        200   cos_i.o
        84         16          0          0          0        372   dunder.o
        24          0          0          0          0        124   fabs.o
        48          0          0          0          0        124   fpclassify.o
       248          0          0          0          0        152   poly.o
      1080        142        200          0          0        188   rred.o
       304         24         40          0          0        208   sin_i.o
        94          0          0          0          0          0   __dclz77c.o
        28          0          0          0          0         68   _chval.o
       158          0          0          0          0         92   _strtoul.o
        26          0          0          0          0         80   atoi.o
         8          4        133          0          0         68   ctype_o.o
         0          0          0          0          0          0   entry.o
         0          0          0          0          0          0   entry10a.o
         0          0          0          0          0          0   entry11a.o
         8          4          0          0          0          0   entry2.o
         4          0          0          0          0          0   entry5.o
         0          0          0          0          0          0   entry7b.o
         0          0          0          0          0          0   entry8b.o
         8          4          0          0          0          0   entry9a.o
        20         10          0          4          0        136   errno.o
        30          0          0          0          0          0   handlers.o
        36          8          0          0          0         68   init.o
         0          0          0          0          0          0   iusefp.o
        30          0          0          0          0         68   llshl.o
        36          0          0          0          0         68   llsshr.o
        32          0          0          0          0         68   llushr.o
       140          6         12          0          0         76   localtime_i.o
        26          0          0          0          0         80   memcmp.o
        36          0          0          0          0         68   memcpya.o
        36          0          0          0          0        108   memseta.o
       168         18         12          0          0         80   mktime.o
      2244         86          0          0          0        512   printfa.o
        24          0          0          0          0         68   strcat.o
        28          0          0          0          0         76   strcmp.o
        18          0          0          0          0         68   strcpy.o
        14          0          0          0          0         68   strlen.o
        30          0          0          0          0         80   strncmp.o
        24          0          0          0          0         76   strncpy.o
        32          0          0          0          0         68   strrchr.o
       112          0          0          0          0         88   strtol.o
        44          0          0          0          0         80   uidiv.o
        98          0          0          0          0         92   uldiv.o
        48          0          0          0          0         68   cdrcmple.o
        56          0          0          0          0         88   d2f.o
       334          0          0          0          0        148   dadd.o
       222          0          0          0          0        100   ddiv.o
       186          0          0          0          0        176   depilogue.o
        62          0          0          0          0         80   dfixi.o
        50          0          0          0          0         76   dfixui.o
        48          0          0          0          0         68   dfixul.o
        34          0          0          0          0         76   dflti.o
        26          0          0          0          0         76   dfltui.o
       228          0          0          0          0         96   dmul.o
        38          0          0          0          0         68   f2d.o
       110          0          0          0          0        168   fepilogue.o

    ----------------------------------------------------------------------
      7404        392        448          4          0       5224   Library Totals
        14          4          3          0          0          0   (incl. Padding)

    ----------------------------------------------------------------------

      Code (inc. data)   RO Data    RW Data    ZI Data      Debug   Library Name

      2356        248        288          0          0       1532   m_wm.l
      3592        140        157          4          0       2404   mc_w.l
      1442          0          0          0          0       1288   mf_w.l

    ----------------------------------------------------------------------
      7404        392        448          4          0       5224   Library Totals

    ----------------------------------------------------------------------

==============================================================================


      Code (inc. data)   RO Data    RW Data    ZI Data      Debug   

    371536      31994     332096       7712      31248    1616344   Grand Totals
    371536      31994     332096       2504      31248    1616344   ELF Image Totals (compressed)
    371536      31994     332096       2504          0          0   ROM Totals

==============================================================================

    Total RO  Size (Code + RO Data)               703632 ( 687.14kB)
    Total RW  Size (RW Data + ZI Data)             38960 (  38.05kB)
    Total ROM Size (Code + RO Data + RW Data)     706136 ( 689.59kB)

==============================================================================

