ARM Linker, 4.1 [Build 894] [Standard]

==============================================================================

Section Cross References

    application.o(.text) refers to bsp_button.o(.text) for rt_hw_key_init
    application.o(.text) refers to ui_application.o(.text) for application_init
    application.o(.text) refers to rtc.o(.text) for rt_hw_rtc_init
    application.o(.text) refers to stm32f4xx_pwr.o(.text) for PWR_BackupRegulatorCmd
    application.o(.text) refers to cs99xx.o(.text) for cs99xx_init
    application.o(.text) refers to thread.o(.text) for rt_thread_delay
    application.o(.text) refers to spi_sw.o(.text) for USB_Device_Chg
    application.o(.text) refers to ch376_usb_ui.o(.text) for Wait376Interrupts
    application.o(.text) refers to sui_window.o(.text) for sui_window_create
    application.o(.text) refers to bsp_font.o(.text) for font_draw
    application.o(.text) refers to ipc.o(.text) for rt_mb_recv
    application.o(.text) refers to bsp_ico.o(.text) for ico_color_set
    application.o(.text) refers to bsp_sdio_sd.o(.text) for rt_hw_sdcard_init
    application.o(.text) refers to dfs.o(.text) for dfs_init
    application.o(.text) refers to dfs_elm.o(.text) for elm_init
    application.o(.text) refers to dfs_fs.o(.text) for dfs_mount
    application.o(.text) refers to kservice.o(.text) for rt_kprintf
    application.o(.text) refers to memorymanagement.o(.text) for memory_systems_open
    application.o(.text) refers to dfs_posix.o(.text) for open
    application.o(.text) refers to ra8875.o(.text) for RA8875_DrawBMP
    application.o(.text) refers to self_test.o(.text) for self_test_item_name
    application.o(.text) refers to ui_result.o(.data) for usb_mem_flag
    application.o(.text) refers to application.o(.data) for usb_host_flag
    application.o(.text) refers to cs99xx.o(.data) for panel_flag
    application.o(.text) refers to application.o(.constdata) for .constdata
    application.o(.text) refers to cs99xx.o(.bss) for system_parameter_t
    application.o(.text) refers to application.o(.bss) for modbus_mb
    application.o(.text) refers to cs9931_config.o(.data) for CS9931_Config
    application.o(.text) refers to ra8875.o(.bss) for bmp_buf
    startup.o(.text) refers to kservice.o(.text) for rt_kprintf
    startup.o(.text) refers to board.o(.text) for rt_hw_board_init
    startup.o(.text) refers to clock.o(.text) for rt_system_tick_init
    startup.o(.text) refers to object.o(.text) for rt_system_object_init
    startup.o(.text) refers to timer.o(.text) for rt_system_timer_init
    startup.o(.text) refers to mem.o(.text) for rt_system_heap_init
    startup.o(.text) refers to scheduler.o(.text) for rt_system_scheduler_init
    startup.o(.text) refers to application.o(.text) for rt_application_init
    startup.o(.text) refers to idle.o(.text) for rt_thread_idle_init
    startup.o(.text) refers to context_rvds.o(.text) for rt_hw_interrupt_disable
    cs99xx.o(.text) refers to memorymanagement.o(.text) for memorymanagement_init
    cs99xx.o(.text) refers to test_sched.o(.text) for Test_Sched_Environment_Init
    cs99xx.o(.text) refers to spi_sw.o(.text) for USB_Device_Chg
    cs99xx.o(.text) refers to ch376_usb_ui.o(.text) for USB_DEVICE_INIT
    cs99xx.o(.text) refers to usart1.o(.text) for usart2_init
    cs99xx.o(.text) refers to scpiinstruction.o(.text) for APP_RootParserContainerInfoGet
    cs99xx.o(.text) refers to scpi_parser.o(.text) for API_PEMInit
    cs99xx.o(.text) refers to communication.o(.text) for APP_CommProtocolLogicInit
    cs99xx.o(.text) refers to idle.o(.text) for rt_thread_idle_sethook
    cs99xx.o(.text) refers to stm32f4xx_rcc.o(.text) for RCC_AHB1PeriphClockCmd
    cs99xx.o(.text) refers to stm32f4xx_gpio.o(.text) for GPIO_PinAFConfig
    cs99xx.o(.text) refers to stm32f4xx_syscfg.o(.text) for SYSCFG_EXTILineConfig
    cs99xx.o(.text) refers to cs99xx.o(.bss) for system_parameter_t
    cs99xx.o(.text) refers to stm32f4xx_fsmc.o(.text) for FSMC_NORSRAMInit
    cs99xx.o(.text) refers to misc.o(.text) for NVIC_Init
    cs99xx.o(.text) refers to stm32f4xx_exti.o(.text) for EXTI_ClearITPendingBit
    cs99xx.o(.data) refers to cs99xx.o(.conststring) for .conststring
    board.o(.text) refers to irq.o(.text) for rt_interrupt_enter
    board.o(.text) refers to clock.o(.text) for rt_tick_increase
    board.o(.text) refers to systick.o(.text) for SysTick_Dispose
    board.o(.text) refers to test_sched.o(.text) for gfi_cycle_clear_count
    board.o(.text) refers to multiplexer.o(.text) for Multiplexer_Control_Init
    board.o(.text) refers to relay.o(.text) for Relay_Control_Init
    board.o(.text) refers to spi_cpld.o(.text) for spi_cpld_init
    board.o(.text) refers to lc.o(.text) for LC_Init
    board.o(.text) refers to output_control.o(.text) for AC_Output_Disable
    board.o(.text) refers to gr.o(.text) for GR_Output_Disable
    board.o(.text) refers to usart.o(.text) for rt_hw_usart_init
[...]
    Uint16ToChar                             0x08077ec5   Thumb Code     8  zwd414b_tools.o(.text)
    Sort                                     0x08077ed7   Thumb Code    74  zwd414b_tools.o(.text)
    __aeabi_uldivmod                         0x08077f21   Thumb Code    98  uldiv.o(.text)
    __aeabi_llsl                             0x08077f83   Thumb Code    30  llshl.o(.text)
    _ll_shift_l                              0x08077f83   Thumb Code     0  llshl.o(.text)
    mktime                                   0x08077fa1   Thumb Code   142  mktime.o(.text)
    __aeabi_memcpy                           0x08078041   Thumb Code    36  memcpya.o(.text)
    __aeabi_memcpy4                          0x08078041   Thumb Code     0  memcpya.o(.text)
    __aeabi_memcpy8                          0x08078041   Thumb Code     0  memcpya.o(.text)
    __aeabi_memset                           0x08078065   Thumb Code    14  memseta.o(.text)
    __aeabi_memset4                          0x08078065   Thumb Code     0  memseta.o(.text)
    __aeabi_memset8                          0x08078065   Thumb Code     0  memseta.o(.text)
    __aeabi_memclr                           0x08078073   Thumb Code     4  memseta.o(.text)
    __aeabi_memclr4                          0x08078073   Thumb Code     0  memseta.o(.text)
    __aeabi_memclr8                          0x08078073   Thumb Code     0  memseta.o(.text)
    _memset$wrapper                          0x08078077   Thumb Code    20  memseta.o(.text)
    strcat                                   0x0807808b   Thumb Code    28  strcat.o(.text)
    strncpy                                  0x080780a7   Thumb Code    24  strncpy.o(.text)
    strlen                                   0x080780bf   Thumb Code    16  strlen.o(.text)
    strcmp                                   0x080780cf   Thumb Code    28  strcmp.o(.text)
    memcmp                                   0x080780eb   Thumb Code    26  memcmp.o(.text)
    strcpy                                   0x08078105   Thumb Code    18  strcpy.o(.text)
    strncmp                                  0x08078117   Thumb Code    30  strncmp.o(.text)
    strrchr                                  0x08078135   Thumb Code    32  strrchr.o(.text)
    atoi                                     0x08078155   Thumb Code    26  atoi.o(.text)
    __aeabi_dmul                             0x0807816f   Thumb Code   224  dmul.o(.text)
    __aeabi_ddiv                             0x0807824f   Thumb Code   222  ddiv.o(.text)
    __aeabi_ui2d                             0x0807832d   Thumb Code    26  dfltui.o(.text)
    __aeabi_d2iz                             0x08078347   Thumb Code    62  dfixi.o(.text)
    __aeabi_d2uiz                            0x08078385   Thumb Code    46  dfixui.o(.text)
    __aeabi_f2d                              0x080783b3   Thumb Code    44  f2d.o(.text)
    __aeabi_cdrcmple                         0x080783e1   Thumb Code    38  cdrcmple.o(.text)
    __aeabi_d2f                              0x08078409   Thumb Code    56  d2f.o(.text)
    __aeabi_uidiv                            0x08078441   Thumb Code     0  uidiv.o(.text)
    __aeabi_uidivmod                         0x08078441   Thumb Code    44  uidiv.o(.text)
    __aeabi_llsr                             0x0807846d   Thumb Code    32  llushr.o(.text)
    _ll_ushift_r                             0x0807846d   Thumb Code     0  llushr.o(.text)
    _localtime                               0x0807848d   Thumb Code   122  localtime_i.o(.text)
    strtol                                   0x0807850d   Thumb Code   112  strtol.o(.text)
    __I$use$fp                               0x0807857d   Thumb Code     0  iusefp.o(.text)
    _float_round                             0x0807857d   Thumb Code    18  fepilogue.o(.text)
    _float_epilogue                          0x0807858f   Thumb Code    90  fepilogue.o(.text)
    _double_round                            0x080785e9   Thumb Code    26  depilogue.o(.text)
    _double_epilogue                         0x08078603   Thumb Code   164  depilogue.o(.text)
    __aeabi_dadd                             0x080786a7   Thumb Code   320  dadd.o(.text)
    __aeabi_dsub                             0x080787e7   Thumb Code     6  dadd.o(.text)
    __aeabi_drsub                            0x080787ed   Thumb Code     6  dadd.o(.text)
    __aeabi_d2ulz                            0x080787f3   Thumb Code    48  dfixul.o(.text)
    __scatterload                            0x08078825   Thumb Code    28  init.o(.text)
    __scatterload_rt2                        0x08078825   Thumb Code     0  init.o(.text)
    __aeabi_lasr                             0x08078849   Thumb Code    36  llsshr.o(.text)
    _ll_sshift_r                             0x08078849   Thumb Code     0  llsshr.o(.text)
    __rt_ctype_table                         0x0807886d   Thumb Code     4  ctype_o.o(.text)
    _strtoul                                 0x08078875   Thumb Code   158  _strtoul.o(.text)
    __aeabi_i2d                              0x08078913   Thumb Code    34  dflti.o(.text)
    _chval                                   0x08078935   Thumb Code    28  _chval.o(.text)
    __decompress                             0x08078951   Thumb Code     0  __dclz77c.o(.text)
    __decompress2                            0x08078951   Thumb Code    96  __dclz77c.o(.text)
    __0sprintf                               0x080789b1   Thumb Code    34  printfa.o(i.__0sprintf)
    __1sprintf                               0x080789b1   Thumb Code     0  printfa.o(i.__0sprintf)
    __2sprintf                               0x080789b1   Thumb Code     0  printfa.o(i.__0sprintf)
    __c89sprintf                             0x080789b1   Thumb Code     0  printfa.o(i.__0sprintf)
    sprintf                                  0x080789b1   Thumb Code     0  printfa.o(i.__0sprintf)
    __ARM_fpclassify                         0x080789d9   Thumb Code    48  fpclassify.o(i.__ARM_fpclassify)
    __aeabi_errno_addr                       0x08078a09   Thumb Code     4  errno.o(i.__aeabi_errno_addr)
    __rt_errno_addr                          0x08078a09   Thumb Code     0  errno.o(i.__aeabi_errno_addr)
    __hardfp_cos                             0x08078a11   Thumb Code   200  cos.o(i.__hardfp_cos)
    __ieee754_rem_pio2                       0x08078ae9   Thumb Code   962  rred.o(i.__ieee754_rem_pio2)
    __kernel_cos                             0x08078f39   Thumb Code   322  cos_i.o(i.__kernel_cos)
    __kernel_poly                            0x080790a9   Thumb Code   248  poly.o(i.__kernel_poly)
    __kernel_sin                             0x080791a1   Thumb Code   280  sin_i.o(i.__kernel_sin)
    __mathlib_dbl_underflow                  0x080792d1   Thumb Code    24  dunder.o(i.__mathlib_dbl_underflow)
    __scatterload_copy                       0x080792f1   Thumb Code    14  handlers.o(i.__scatterload_copy)
    __scatterload_null                       0x080792ff   Thumb Code     2  handlers.o(i.__scatterload_null)
    __scatterload_zeroinit                   0x08079301   Thumb Code    14  handlers.o(i.__scatterload_zeroinit)
    __set_errno                              0x08079311   Thumb Code     6  errno.o(i.__set_errno)
    fabs                                     0x08079bd9   Thumb Code    32  fabs.o(i.fabs)
    gImage_logo                              0x08079bf8   Data         804  application.o(.constdata)
    gImage_name                              0x08079f1c   Data         671  application.o(.constdata)
    gImage_http                              0x0807a1bb   Data         642  application.o(.constdata)
    gImage_model                             0x0807a43d   Data         907  application.o(.constdata)
    ico1_data                                0x0807a880   Data          31  bsp_ico.o(.constdata)
    __lowest_bit_bitmap                      0x0807ab34   Data         256  kservice.o(.constdata)
    __fsym_list_mem_name                     0x0807ac58   Data           9  mem.o(.constdata)
    __fsym_list_mem_desc                     0x0807ac61   Data          30  mem.o(.constdata)
    __fsym_hello_name                        0x0807af80   Data           6  cmd.o(.constdata)
    __fsym_hello_desc                        0x0807af86   Data          16  cmd.o(.constdata)
    __fsym_version_name                      0x0807af96   Data           8  cmd.o(.constdata)
    __fsym_version_desc                      0x0807af9e   Data          35  cmd.o(.constdata)
    __fsym_list_thread_name                  0x0807afc1   Data          12  cmd.o(.constdata)
    __fsym_list_thread_desc                  0x0807afcd   Data          12  cmd.o(.constdata)
    __fsym_list_sem_name                     0x0807afd9   Data           9  cmd.o(.constdata)
    __fsym_list_sem_desc                     0x0807afe2   Data          25  cmd.o(.constdata)
    __fsym_list_event_name                   0x0807affb   Data          11  cmd.o(.constdata)
    __fsym_list_event_desc                   0x0807b006   Data          21  cmd.o(.constdata)
    __fsym_list_mutex_name                   0x0807b01b   Data          11  cmd.o(.constdata)
    __fsym_list_mutex_desc                   0x0807b026   Data          21  cmd.o(.constdata)
    __fsym_list_mailbox_name                 0x0807b03b   Data          13  cmd.o(.constdata)
    __fsym_list_mailbox_desc                 0x0807b048   Data          24  cmd.o(.constdata)
    __fsym_list_msgqueue_name                0x0807b060   Data          14  cmd.o(.constdata)
    __fsym_list_msgqueue_desc                0x0807b06e   Data          29  cmd.o(.constdata)
    __fsym_list_mempool_name                 0x0807b08b   Data          13  cmd.o(.constdata)
    __fsym_list_mempool_desc                 0x0807b098   Data          27  cmd.o(.constdata)
    __fsym_list_timer_name                   0x0807b0b3   Data          11  cmd.o(.constdata)
    __fsym_list_timer_desc                   0x0807b0be   Data          21  cmd.o(.constdata)
    __fsym_list_device_name                  0x0807b0d3   Data          12  cmd.o(.constdata)
    __fsym_list_device_desc                  0x0807b0df   Data          22  cmd.o(.constdata)
    __fsym_list_name                         0x0807b0f5   Data           5  cmd.o(.constdata)
    __fsym_list_desc                         0x0807b0fa   Data          26  cmd.o(.constdata)
    __vsym_dummy_name                        0x0807b114   Data           6  cmd.o(.constdata)
    __vsym_dummy_desc                        0x0807b11a   Data          25  cmd.o(.constdata)
    __fsym_ls_name                           0x0807b236   Data           3  dfs_file.o(.constdata)
    __fsym_ls_desc                           0x0807b239   Data          24  dfs_file.o(.constdata)
    __fsym_rm_name                           0x0807b251   Data           3  dfs_file.o(.constdata)
    __fsym_rm_desc                           0x0807b254   Data          28  dfs_file.o(.constdata)
    __fsym_cat_name                          0x0807b270   Data           4  dfs_file.o(.constdata)
    __fsym_cat_desc                          0x0807b274   Data          11  dfs_file.o(.constdata)
    __fsym_copy_name                         0x0807b27f   Data           5  dfs_file.o(.constdata)
    __fsym_copy_desc                         0x0807b284   Data          17  dfs_file.o(.constdata)
    __fsym_mkfs_name                         0x0807b295   Data           5  dfs_fs.o(.constdata)
    __fsym_mkfs_desc                         0x0807b29a   Data          19  dfs_fs.o(.constdata)
    __fsym_df_name                           0x0807b2ad   Data           3  dfs_fs.o(.constdata)
    __fsym_df_desc                           0x0807b2b0   Data          14  dfs_fs.o(.constdata)
    __fsym_mkdir_name                        0x0807b2db   Data           6  dfs_posix.o(.constdata)
    __fsym_mkdir_desc                        0x0807b2e1   Data          19  dfs_posix.o(.constdata)
    __fsym_application_name                  0x0807b420   Data          12  ui_application.o(.constdata)
    __fsym_application_desc                  0x0807b42c   Data          15  ui_application.o(.constdata)
    gImage_sw                                0x0807bf80   Data        4154  ui_home.o(.constdata)
    gImage_sw22_up                           0x0807cfba   Data         157  ui_home.o(.constdata)
    gImage_sw22_down                         0x0807d057   Data         157  ui_home.o(.constdata)
    gImage_sh_a                              0x0807d0f4   Data          21  ui_home.o(.constdata)
    gImage_sh_b                              0x0807d109   Data          38  ui_home.o(.constdata)
    gImage_sl_a                              0x0807d12f   Data          20  ui_home.o(.constdata)
    gImage_sl_b                              0x0807d143   Data          36  ui_home.o(.constdata)
    gImage_sw_on                             0x0807d167   Data          16  ui_home.o(.constdata)
    gImage_sw_off                            0x0807d177   Data          16  ui_home.o(.constdata)
    gImage_Es                                0x0807d187   Data        2884  ui_home.o(.constdata)
    gImage_Fs                                0x0807dccb   Data        2884  ui_home.o(.constdata)
    gImage_Gs                                0x0807e80f   Data        2884  ui_home.o(.constdata)
    mode_list                                0x0807f4b4   Data          64  ui_step.o(.constdata)
    asc16_font                               0x0807fcf4   Data        2048  asc16font.o(.constdata)
    hz16_font                                0x080804f4   Data       261696  hz16font.o(.constdata)
    hz16                                     0x080c0334   Data          20  hz16font.o(.constdata)
    asc20_font                               0x080c0348   Data        3280  asc20font.o(.constdata)
    hz20_font                                0x080c1018   Data        2340  hz20font.o(.constdata)
    hz20                                     0x080c193c   Data          20  hz20font.o(.constdata)
    asc24_font                               0x080c1950   Data        6144  asc24font.o(.constdata)
    hz24_font                                0x080c3150   Data        4104  hz24font.o(.constdata)
    hz24                                     0x080c4158   Data          20  hz24font.o(.constdata)
    asc32_font                               0x080c416c   Data        2432  asc32font.o(.constdata)
    hz32_font                                0x080c4aec   Data        4608  hz32font.o(.constdata)
    hz32                                     0x080c5cec   Data          20  hz32font.o(.constdata)
    t_ParserContainer_Root_CS9931            0x080c60a0   Data          56  cs9931cinstructiontable.o(.constdata)
    t_InstructionStruct_Result               0x080c60e0   Data          12  cs9931cinstructiontable.o(.constdata)
    t_InstructionStruct_System               0x080c60f4   Data          12  cs9931cinstructiontable.o(.constdata)
    st_ParamStruct_StepInsertMode            0x080c6274   Data           8  cs9931cinstructiontable.o(.constdata)
    t_ParamTotalContainer_StepInsertMode     0x080c627c   Data           8  cs9931cinstructiontable.o(.constdata)
    API_PEM_pParserExeModulerErrCodeArray    0x080c630c   Data          52  scpi_parser.o(.constdata)
    t_InstructionStruct_RST                  0x080c63c0   Data          16  scpiinstruction.o(.constdata)
    t_InstructionStruct_IDN                  0x080c63d0   Data          16  scpiinstruction.o(.constdata)
    t_InstructionStruct_SourceListFIndex     0x080c63e0   Data          16  scpiinstruction.o(.constdata)
    t_InstructionStruct_SrcListMode          0x080c63f0   Data          16  scpiinstruction.o(.constdata)
    t_InstructionStruct_Source               0x080c6444   Data          12  scpiinstruction.o(.constdata)
    t_ParserContainer_SrcTest                0x080c653c   Data          40  scpiinstruction.o(.constdata)
    t_ParserContainer_SrcLoad                0x080c6584   Data          16  scpiinstruction.o(.constdata)
    t_InstructionStruct_SrcListSindex        0x080c6594   Data          16  scpiinstruction.o(.constdata)
    t_InstructionStruct_SrcListSmessage      0x080c65a4   Data          16  scpiinstruction.o(.constdata)
    t_InstructionStruct_SrcTest              0x080c65b4   Data          12  scpiinstruction.o(.constdata)
    t_InstructionStruct_SrcLoad              0x080c65c0   Data          12  scpiinstruction.o(.constdata)
    t_CharacterParamUnit_StepLcPHASe         0x080c6850   Data          32  scpiinstruction.o(.constdata)
    st_ParamContainer_StepLcPHASe            0x080c6878   Data           8  scpiinstruction.o(.constdata)
    st_TotalContainer_StepLcPHASe            0x080c6974   Data           8  scpiinstruction.o(.constdata)
    t_InstructionStruct_StepDcwVolt          0x080c697c   Data          16  scpiinstruction.o(.constdata)
    t_InstructionStruct_StepDcwRange         0x080c698c   Data          16  scpiinstruction.o(.constdata)
    t_InstructionStruct_StepDcwCurLow        0x080c699c   Data          16  scpiinstruction.o(.constdata)
    t_InstructionStruct_StepDcwCurHigh       0x080c69ac   Data          16  scpiinstruction.o(.constdata)
    t_InstructionStruct_StepDcwTtime         0x080c69bc   Data          16  scpiinstruction.o(.constdata)
    t_InstructionStruct_StepDcwRtime         0x080c69cc   Data          16  scpiinstruction.o(.constdata)
    t_InstructionStruct_StepDcwItime         0x080c69dc   Data          16  scpiinstruction.o(.constdata)
    t_InstructionStruct_StepDcwFtime         0x080c69ec   Data          16  scpiinstruction.o(.constdata)
    t_InstructionStruct_StepDcwArc           0x080c69fc   Data          16  scpiinstruction.o(.constdata)
    t_InstructionStruct_StepAcwVolt          0x080c6a0c   Data          16  scpiinstruction.o(.constdata)
    t_InstructionStruct_StepAcwRange         0x080c6a1c   Data          16  scpiinstruction.o(.constdata)
    t_InstructionStruct_StepAcwCurLow        0x080c6a2c   Data          16  scpiinstruction.o(.constdata)
    t_InstructionStruct_StepAcwCurHigh       0x080c6a3c   Data          16  scpiinstruction.o(.constdata)
    t_InstructionStruct_StepAcwTtime         0x080c6a4c   Data          16  scpiinstruction.o(.constdata)
    t_InstructionStruct_StepAcwRtime         0x080c6a5c   Data          16  scpiinstruction.o(.constdata)
    t_InstructionStruct_StepAcwItime         0x080c6a6c   Data          16  scpiinstruction.o(.constdata)
    t_InstructionStruct_StepAcwFtime         0x080c6a7c   Data          16  scpiinstruction.o(.constdata)
    t_InstructionStruct_StepAcwArc           0x080c6a8c   Data          16  scpiinstruction.o(.constdata)
    t_InstructionStruct_StepAcwFREQuency     0x080c6a9c   Data          16  scpiinstruction.o(.constdata)
    t_InstructionStruct_StepGrCurr           0x080c6aac   Data          16  scpiinstruction.o(.constdata)
    t_InstructionStruct_StepGrLow            0x080c6abc   Data          16  scpiinstruction.o(.constdata)
    t_InstructionStruct_StepGrHigh           0x080c6acc   Data          16  scpiinstruction.o(.constdata)
    t_InstructionStruct_StepGrTtime          0x080c6adc   Data          16  scpiinstruction.o(.constdata)
    t_InstructionStruct_StepGrItime          0x080c6aec   Data          16  scpiinstruction.o(.constdata)
    t_InstructionStruct_StepGrFREQuency      0x080c6afc   Data          16  scpiinstruction.o(.constdata)
    t_InstructionStruct_StepIrVolt           0x080c6b0c   Data          16  scpiinstruction.o(.constdata)
    t_InstructionStruct_StepIrVolt_2676N     0x080c6b1c   Data          16  scpiinstruction.o(.constdata)
    t_InstructionStruct_StepIrArange         0x080c6b2c   Data          16  scpiinstruction.o(.constdata)
    t_InstructionStruct_StepIrHigh           0x080c6b3c   Data          16  scpiinstruction.o(.constdata)
    t_InstructionStruct_StepIrHighMax        0x080c6b4c   Data          16  scpiinstruction.o(.constdata)
    t_InstructionStruct_StepIrHighMin        0x080c6b5c   Data          16  scpiinstruction.o(.constdata)
    t_InstructionStruct_StepIrLowMax         0x080c6b6c   Data          16  scpiinstruction.o(.constdata)
    t_InstructionStruct_StepIrLowMin         0x080c6b7c   Data          16  scpiinstruction.o(.constdata)
    t_InstructionStruct_StepIrLow            0x080c6b8c   Data          16  scpiinstruction.o(.constdata)
    t_InstructionStruct_StepIrTtime          0x080c6b9c   Data          16  scpiinstruction.o(.constdata)
    t_InstructionStruct_StepIrRtime          0x080c6bac   Data          16  scpiinstruction.o(.constdata)
    t_InstructionStruct_StepIrItime          0x080c6bbc   Data          16  scpiinstruction.o(.constdata)
    t_InstructionStruct_StepIrDtime          0x080c6bcc   Data          16  scpiinstruction.o(.constdata)
    t_InstructionStruct_StepIrFtime          0x080c6bdc   Data          16  scpiinstruction.o(.constdata)
    t_InstructionStruct_StepIrHrange         0x080c6bec   Data          16  scpiinstruction.o(.constdata)
    t_InstructionStruct_StepIrOmode          0x080c6bfc   Data          16  scpiinstruction.o(.constdata)
    t_InstructionStruct_StepLcVolt           0x080c6c0c   Data          16  scpiinstruction.o(.constdata)
    t_InstructionStruct_StepLcRange          0x080c6c1c   Data          16  scpiinstruction.o(.constdata)
    t_InstructionStruct_StepLcCurLow         0x080c6c2c   Data          16  scpiinstruction.o(.constdata)
    t_InstructionStruct_StepLcCurHigh        0x080c6c3c   Data          16  scpiinstruction.o(.constdata)
    t_InstructionStruct_StepLcTtime          0x080c6c4c   Data          16  scpiinstruction.o(.constdata)
    t_InstructionStruct_StepLcRtime          0x080c6c5c   Data          16  scpiinstruction.o(.constdata)
    t_InstructionStruct_StepLcItime          0x080c6c6c   Data          16  scpiinstruction.o(.constdata)
    t_InstructionStruct_StepLcFREQuency      0x080c6c7c   Data          16  scpiinstruction.o(.constdata)
    t_InstructionStruct_StepLcPHASe          0x080c6c8c   Data          16  scpiinstruction.o(.constdata)
    t_CharacterParamUnit_StepLcMDNEt         0x080c6c9c   Data          24  scpiinstruction.o(.constdata)
    st_ParamContainer_StepLcMDNEt            0x080c6cbc   Data           8  scpiinstruction.o(.constdata)
    st_TotalContainer_StepLcMDNEt            0x080c6cc4   Data           8  scpiinstruction.o(.constdata)
    t_InstructionStruct_StepLcMDNEt          0x080c6ccc   Data          16  scpiinstruction.o(.constdata)
    t_InstructionStruct_StepLcMDVOl          0x080c6cdc   Data          16  scpiinstruction.o(.constdata)
    t_InstructionStruct_StepLcASSVOl         0x080c6cec   Data          16  scpiinstruction.o(.constdata)
    t_InstructionStruct_StepLcMDCOm          0x080c6d14   Data          16  scpiinstruction.o(.constdata)
    t_ParamContainer_SysDateYear             0x080c6d2c   Data           8  scpiinstruction.o(.constdata)
    t_ParamContainer_SysDateMonth            0x080c6d34   Data           8  scpiinstruction.o(.constdata)
    t_ParamContainer_SysDateDay              0x080c6d3c   Data           8  scpiinstruction.o(.constdata)
    t_ParamContainer_SysTimeHour             0x080c6d54   Data           8  scpiinstruction.o(.constdata)
    t_ParamContainer_SysTimeMinute           0x080c6d5c   Data           8  scpiinstruction.o(.constdata)
    t_ParamContainer_SysTimeSecond           0x080c6d64   Data           8  scpiinstruction.o(.constdata)
    t_InstructionStruct_SystemOALArm         0x080c6d88   Data          16  scpiinstruction.o(.constdata)
    t_InstructionStruct_SystemKeyVolume      0x080c6e08   Data          16  scpiinstruction.o(.constdata)
    t_InstructionStruct_ResuFetch            0x080c6ec0   Data          12  scpiinstruction.o(.constdata)
    __t_ParamContainer_FileRange             0x080c6ed0   Data           8  scpiinstruction.o(.constdata)
    __t_ParamTotalContainer_FileRange        0x080c6ed8   Data           8  scpiinstruction.o(.constdata)
    t_ParamContainer_CommSaddr_1             0x080c6ee4   Data           8  scpiinstruction.o(.constdata)
    t_ParamContainer_CommStr                 0x080c6eec   Data           8  scpiinstruction.o(.constdata)
    t_ParserContainer_Communication          0x080c6f70   Data          32  scpiinstruction.o(.constdata)
    t_InstructionStruct_Communication        0x080c6f90   Data          12  scpiinstruction.o(.constdata)
    __t_InstructionStruct_File               0x080c6fac   Data          12  scpiinstruction.o(.constdata)
    __ctype_table                            0x080c732c   Data         129  ctype_o.o(.constdata)
    FSymTab$$Base                            0x080c9b14   Number         0  mem.o(FSymTab)
    __fsym_list_mem                          0x080c9b14   Data          12  mem.o(FSymTab)
    __fsym_hello                             0x080c9b20   Data          12  cmd.o(FSymTab)
    __fsym_version                           0x080c9b2c   Data          12  cmd.o(FSymTab)
    __fsym_list_thread                       0x080c9b38   Data          12  cmd.o(FSymTab)
    __fsym_list_sem                          0x080c9b44   Data          12  cmd.o(FSymTab)
    __fsym_list_event                        0x080c9b50   Data          12  cmd.o(FSymTab)
    __fsym_list_mutex                        0x080c9b5c   Data          12  cmd.o(FSymTab)
    __fsym_list_mailbox                      0x080c9b68   Data          12  cmd.o(FSymTab)
    __fsym_list_msgqueue                     0x080c9b74   Data          12  cmd.o(FSymTab)
    __fsym_list_mempool                      0x080c9b80   Data          12  cmd.o(FSymTab)
    __fsym_list_timer                        0x080c9b8c   Data          12  cmd.o(FSymTab)
    __fsym_list_device                       0x080c9b98   Data          12  cmd.o(FSymTab)
    __fsym_list                              0x080c9ba4   Data          12  cmd.o(FSymTab)
    __fsym_ls                                0x080c9bb0   Data          12  dfs_file.o(FSymTab)
    __fsym_rm                                0x080c9bbc   Data          12  dfs_file.o(FSymTab)
    __fsym_cat                               0x080c9bc8   Data          12  dfs_file.o(FSymTab)
    __fsym_copy                              0x080c9bd4   Data          12  dfs_file.o(FSymTab)
    __fsym_mkfs                              0x080c9be0   Data          12  dfs_fs.o(FSymTab)
    __fsym_df                                0x080c9bec   Data          12  dfs_fs.o(FSymTab)
    __fsym_mkdir                             0x080c9bf8   Data          12  dfs_posix.o(FSymTab)
    __fsym_application                       0x080c9c04   Data          12  ui_application.o(FSymTab)
    FSymTab$$Limit                           0x080c9c10   Number         0  ui_application.o(FSymTab)
    Region$$Table$$Base                      0x080c9c10   Number         0  anon$$obj.o(Region$$Table)
    Region$$Table$$Limit                     0x080c9c30   Number         0  anon$$obj.o(Region$$Table)
    VSymTab$$Base                            0x080c9c30   Number         0  cmd.o(VSymTab)
    __vsym_dummy                             0x080c9c30   Data          16  cmd.o(VSymTab)
    VSymTab$$Limit                           0x080c9c40   Number         0  cmd.o(VSymTab)
    usb_host_flag                            0x20000000   Data           1  application.o(.data)
    selfcheck                                0x20000001   Data           1  application.o(.data)
    panel_flag                               0x2000000c   Data           1  cs99xx.o(.data)
    startup_flag                             0x2000000d   Data           1  cs99xx.o(.data)
    current_step_num                         0x2000000e   Data           1  cs99xx.o(.data)
    version_name                             0x2000000f   Data          80  cs99xx.o(.data)
    mode_name                                0x20000060   Data          52  cs99xx.o(.data)
    curgear_name                             0x20000094   Data          24  cs99xx.o(.data)
    curgear_name_LC                          0x200000ac   Data          24  cs99xx.o(.data)
    curgear_name_DCW                         0x200000c4   Data          24  cs99xx.o(.data)
    boolean_name                             0x200000dc   Data          16  cs99xx.o(.data)
    single_boolean_name                      0x200000ec   Data          16  cs99xx.o(.data)
    sw_status_name                           0x200000fc   Data          16  cs99xx.o(.data)
    sw_status_name_static                    0x2000010c   Data          16  cs99xx.o(.data)
    lc_phase_name                            0x2000011c   Data          16  cs99xx.o(.data)
    lc_detection_name                        0x2000012c   Data          16  cs99xx.o(.data)
    lc_MDnetwork_name                        0x2000013c   Data          32  cs99xx.o(.data)
    workmode_name                            0x2000015c   Data           8  cs99xx.o(.data)
    error_name                               0x20000164   Data          80  cs99xx.o(.data)
    test_flag                                0x200001b4   Data           8  cs99xx.o(.data)
    current_file_num                         0x200001bc   Data           1  cs99xx.o(.data)
    CS9931_Config                            0x200001bd   Data         148  cs9931_config.o(.data)
    KEY_BUFFER                               0x20000258   Data           2  bsp_button.o(.data)
    LED_SINGLE                               0x2000025c   Data           4  bsp_button.o(.data)
    keyf_down_flag                           0x20000260   Data           1  bsp_button.o(.data)
    keyf_name                                0x20000264   Data         800  bsp_button.o(.data)
    buzzer_timer                             0x20000584   Data           1  bsp_button.o(.data)
    keym_disable                             0x2000058c   Data           1  bsp_button.o(.data)
    StopCondition                            0x2000059c   Data           4  bsp_sdio_sd.o(.data)
    TransferError                            0x200005a0   Data           1  bsp_sdio_sd.o(.data)
    TransferEnd                              0x200005a4   Data           4  bsp_sdio_sd.o(.data)
    DMAEndOfTransfer                         0x200005a8   Data           4  bsp_sdio_sd.o(.data)
    chipselect                               0x200005ac   Data           1  spi_flash.o(.data)
    g_cur_step                               0x200005b4   Data           4  memory.o(.data)
    num_keys                                 0x200005b8   Data          40  bsp_text.o(.data)
    listbox_font                             0x200005e0   Data          12  bsp_listbox.o(.data)
    mem_item                                 0x200005ec   Data           2  bsp_listbox.o(.data)
    ICO_ALPHA                                0x200005ee   Data           1  bsp_ico.o(.data)
    ICO_COLOR                                0x200005f0   Data           2  bsp_ico.o(.data)
    ICO_BCOLOR                               0x200005f2   Data           2  bsp_ico.o(.data)
    ReceiveDataNum                           0x200005f4   Data           1  usart1.o(.data)
    SetupGetHidDes                           0x200005f5   Data           8  ch376_usb_ui.o(.data)
    SetupSetReport                           0x200005fd   Data           8  ch376_usb_ui.o(.data)
    receive_mode                             0x20000605   Data           1  ch376_usb_ui.o(.data)
    send_mode                                0x20000606   Data           1  ch376_usb_ui.o(.data)
    Endpoint_tog                             0x20000607   Data           2  ch376_usb_ui.o(.data)
    NumLock                                  0x20000609   Data           1  ch376_usb_ui.o(.data)
    scan_buf_w                               0x2000060a   Data           1  ch376_usb_ui.o(.data)
    scan_buf_r                               0x2000060b   Data           1  ch376_usb_ui.o(.data)
    Endpoint_desc                            0x2000060c   Data           7  ch376_usb_ui.o(.data)
    Endpoint_desc2                           0x20000613   Data           7  ch376_usb_ui.o(.data)
    SystemCoreClock                          0x20000638   Data           4  system_stm32f4xx.o(.data)
    AHBPrescTable                            0x2000063c   Data          16  system_stm32f4xx.o(.data)
    rt_interrupt_nest                        0x20000664   Data           1  irq.o(.data)
    rt_object_container                      0x20000690   Data         144  object.o(.data)
    rt_object_trytake_hook                   0x20000728   Data           4  object.o(.data)
    rt_object_take_hook                      0x2000072c   Data           4  object.o(.data)
    rt_object_put_hook                       0x20000730   Data           4  object.o(.data)
    rt_current_thread                        0x20000738   Data           4  scheduler.o(.data)
    rt_current_priority                      0x2000073c   Data           1  scheduler.o(.data)
    rt_thread_ready_priority_group           0x20000740   Data           4  scheduler.o(.data)
    rt_thread_defunct                        0x20000744   Data           8  scheduler.o(.data)
    rt_interrupt_from_thread                 0x20000764   Data           4  cpuport.o(.data)
    rt_interrupt_to_thread                   0x20000768   Data           4  cpuport.o(.data)
    rt_thread_switch_interrupt_flag          0x2000076c   Data           4  cpuport.o(.data)
    global_sysvar_list                       0x20000774   Data           4  finsh_var.o(.data)
    global_syscall_list                      0x20000778   Data           4  finsh_vm.o(.data)
    finsh_sp                                 0x2000077c   Data           4  finsh_vm.o(.data)
    finsh_pc                                 0x20000780   Data           4  finsh_vm.o(.data)
    _syscall_table_begin                     0x20000784   Data           4  symbol.o(.data)
    _syscall_table_end                       0x20000788   Data           4  symbol.o(.data)
    _sysvar_table_begin                      0x2000078c   Data           4  symbol.o(.data)
    _sysvar_table_end                        0x20000790   Data           4  symbol.o(.data)
    panel_title                              0x200007a8   Data          12  ui_application.o(.data)
    panel_menu                               0x200007b4   Data          12  ui_application.o(.data)
    panel_key                                0x200007c0   Data          12  ui_application.o(.data)
    panel_home                               0x200007cc   Data          12  ui_application.o(.data)
    panel_homeback                           0x200007d8   Data          12  ui_application.o(.data)
    panel_status                             0x200007e4   Data          12  ui_application.o(.data)
    com_tid                                  0x200007f4   Data           4  ui_application.o(.data)
    bar_code_flag                            0x200007f8   Data           1  ui_home.o(.data)
    test                                     0x200007fa   Data          10  ui_home.o(.data)
    name_list                                0x20000804   Data          32  ui_home.o(.data)
    SW_ST                                    0x20000824   Data           8  ui_home.o(.data)
    SW_ST_ENG                                0x2000082c   Data           8  ui_home.o(.data)
    file_title_name                          0x20000b60   Data          60  ui_file.o(.data)
    list_box                                 0x20000ba4   Data          20  ui_file.o(.data)
    file_new_name                            0x20000bb8   Data          48  ui_file.o(.data)
    step_title_name                          0x20000be8   Data          60  ui_step.o(.data)
    step_list_box                            0x20000c2c   Data          20  ui_step.o(.data)
    step_acw_name                            0x20000c40   Data         144  ui_step.o(.data)
    step_dcw_name                            0x20000cd0   Data         136  ui_step.o(.data)
    step_ir_name                             0x20000d58   Data          96  ui_step.o(.data)
    step_gr_name                             0x20000db8   Data          96  ui_step.o(.data)
    step_lc_name                             0x20000e18   Data         128  ui_step.o(.data)
    step_pw_name                             0x20000e98   Data         128  ui_step.o(.data)
    step_acw_gr_name                         0x20000f18   Data         144  ui_step.o(.data)
    step_dcw_gr_name                         0x20000fa8   Data         136  ui_step.o(.data)
    IR_Gear_Name                             0x20001030   Data          24  ui_step.o(.data)
    step_set_help_name                       0x20001048   Data        2080  ui_step.o(.data)
    CW_GR_name                               0x20001868   Data         104  ui_step.o(.data)
    system_title_name                        0x200018d0   Data          12  ui_system.o(.data)
    system_list_box                          0x200018dc   Data          20  ui_system.o(.data)
    usb_mem_flag                             0x20001b80   Data           1  ui_result.o(.data)
    result_title_name                        0x20001b84   Data          60  ui_result.o(.data)
    result_list_box                          0x20001bc8   Data          20  ui_result.o(.data)
    help_title                               0x20001be4   Data           8  ui_help.o(.data)
    help_list                                0x20001bec   Data          64  ui_help.o(.data)
    autocal_title                            0x20001c38   Data           4  ui_autocal.o(.data)
    asc16                                    0x20001c48   Data          20  asc16font.o(.data)
    asc20                                    0x20001c5c   Data          20  asc20font.o(.data)
    asc24                                    0x20001c70   Data          20  asc24font.o(.data)
    asc32                                    0x20001c84   Data          20  asc32font.o(.data)
    t_InstrumentAttrConfig                   0x20001d0c   Data          12  communication.o(.data)
    mem_str_realcur                          0x20001d18   Data          20  communication.o(.data)
    Usart2_Tx_Pra                            0x20001d30   Data           8  communication.o(.data)
    Usart2_Rx_Flag                           0x20001d38   Data           8  communication.o(.data)
    t_EnvParam                               0x20001d44   Data           2  communication.o(.data)
    usart2_send_st                           0x20001d46   Data           1  communication.o(.data)
    t_ParamContainer_SysDate                 0x20001d74   Data          12  scpiinstruction.o(.data)
    t_ParamContainer_SysTime                 0x20001d80   Data          12  scpiinstruction.o(.data)
    t_Stringhehe                             0x20001d8c   Data           4  scpiinstruction.o(.data)
    t_ParamContainer_CommSaddr               0x20001d90   Data          12  scpiinstruction.o(.data)
    this_target_address                      0x20001d9e   Data           1  zwd414b.o(.data)
    receive_timeout_counter                  0x20001d9f   Data           1  zwd414b.o(.data)
    thread_led                               0x20001ea4   Data         128  application.o(.bss)
    startup_mb                               0x20001f24   Data          48  application.o(.bss)
    modbus_mb                                0x20001f54   Data          48  application.o(.bss)
    system_parameter_t                       0x20001f84   Data          80  cs99xx.o(.bss)
    file_info                                0x20001fd4   Data        2040  cs99xx.o(.bss)
    key_mb                                   0x200027f4   Data          48  bsp_button.o(.bss)
    bmp_buf                                  0x20002864   Data        1600  ra8875.o(.bss)
    SDCardInfo                               0x20002ed8   Data          88  bsp_sdio_sd.o(.bss)
    SDIO_InitStructure                       0x20002f30   Data          24  bsp_sdio_sd.o(.bss)
    SDIO_CmdInitStructure                    0x20002f48   Data          20  bsp_sdio_sd.o(.bss)
    SDIO_DataInitStructure                   0x20002f5c   Data          24  bsp_sdio_sd.o(.bss)
    g_tSF                                    0x200031e4   Data          28  spi_flash.o(.bss)
    step_pool                                0x20004200   Data        2560  memory.o(.bss)
    cs99xx_list                              0x20004c00   Data          12  memory.o(.bss)
    flash_info                               0x20004c80   Data          20  memorymanagement.o(.bss)
    result_headinfo                          0x20004c94   Data          28  memorymanagement.o(.bss)
    Usart1Receive_Data                       0x20004cf0   Data         100  usart1.o(.bss)
    Device_desc                              0x20004d54   Data          18  ch376_usb_ui.o(.bss)
    Config_desc                              0x20004d66   Data           9  ch376_usb_ui.o(.bss)
    Interface_desc                           0x20004d6f   Data           9  ch376_usb_ui.o(.bss)
    Class_desc                               0x20004d78   Data           9  ch376_usb_ui.o(.bss)
    data_buf                                 0x20004d81   Data         180  ch376_usb_ui.o(.bss)
    Interface_desc2                          0x20004e35   Data           9  ch376_usb_ui.o(.bss)
    Class_desc2                              0x20004e3e   Data           9  ch376_usb_ui.o(.bss)
    scan_buf                                 0x20004e47   Data          64  ch376_usb_ui.o(.bss)
    rt_thread_priority_table                 0x200053a8   Data         256  scheduler.o(.bss)
    filesystem_operation_table               0x200054a8   Data          16  dfs.o(.bss)
    filesystem_table                         0x200054b8   Data          32  dfs.o(.bss)
    fd_table                                 0x200054fc   Data         128  dfs.o(.bss)
    screen_mb                                0x200056a0   Data          48  ui_application.o(.bss)
    bar_code                                 0x20005750   Data          40  ui_home.o(.bss)
    lc_main_vol_ratio                        0x20005778   Data          52  ui_system.o(.bss)
    __panel                                  0x2000584c   Data          12  sui_window.o(.bss)
    DAC_DATA                                 0x2000586c   Data          16  ad_da.o(.bss)
    ADC_VALUE                                0x2000587c   Data          80  ad_da.o(.bss)
    Wrong_info                               0x200058d6   Data          40  self_test.o(.bss)
    Test_Sched_Param                         0x20005aa0   Data          16  test_sched.o(.bss)
    test_sever_mb                            0x20005ab0   Data          48  test_sched.o(.bss)
    test_sever_clock_mb                      0x20005ae0   Data          48  test_sched.o(.bss)
    thread_Test_Sched_Sever                  0x20005b10   Data         128  test_sched.o(.bss)
    Global_Cal_Facter                        0x20006b90   Data        2048  cal.o(.bss)
    mem_str_vol                              0x20007554   Data          20  communication.o(.bss)
    mem_str_cur                              0x20007568   Data          20  communication.o(.bss)
    mem_str_res                              0x2000757c   Data          20  communication.o(.bss)
    mem_str_time                             0x20007590   Data          20  communication.o(.bss)
    st_InsulationInfo                        0x200075a4   Data          48  communication.o(.bss)
    st_ParamInfo                             0x200075d4   Data          88  communication.o(.bss)
    t_FentchInfo                             0x2000762c   Data          16  communication.o(.bss)
    Usart2_tx_buf                            0x2000763c   Data         256  communication.o(.bss)
    Usart2_rx_buf                            0x2000773c   Data         256  communication.o(.bss)
    t_ParserExeModuler                       0x2000783c   Data         248  scpi_parser.o(.bss)
    paramQueue                               0x20007934   Data         100  scpi_parser.o(.bss)
    send_msg                                 0x20007998   Data         259  modbus.o(.bss)
    Zwd414b_Receive_data                     0x20007a9c   Data          96  zwd414b.o(.bss)
    Image$$RW_IRAM1$$ZI$$Limit               0x20007f00   Number         0  startup_stm32f4xx.o(STACK)
    __initial_sp                             0x20007f00   Data           0  startup_stm32f4xx.o(STACK)



==============================================================================

Memory Map of the image

  Image Entry point : 0x08020189

  Load Region LR_IROM1 (Base: 0x08020000, Size: 0x000ab9e4, Max: 0x00100000, ABSOLUTE, COMPRESSED[0x000aa618])

    Execution Region ER_IROM1 (Base: 0x08020000, Size: 0x000a9c40, Max: 0x00100000, ABSOLUTE)

    Base Addr    Size         Type   Attr      Idx    E Section Name        Object

    0x08020000   0x00000188   Data   RO          951    RESET               startup_stm32f4xx.o
    0x08020188   0x00000000   Code   RO         3995  * .ARM.Collect$$$$00000000  mc_w.l(entry.o)
    0x08020188   0x00000004   Code   RO         4320    .ARM.Collect$$$$00000001  mc_w.l(entry2.o)
    0x0802018c   0x00000004   Code   RO         4323    .ARM.Collect$$$$00000004  mc_w.l(entry5.o)
    0x08020190   0x00000000   Code   RO         4325    .ARM.Collect$$$$00000008  mc_w.l(entry7b.o)
    0x08020190   0x00000008   Code   RO         4326    .ARM.Collect$$$$00000009  mc_w.l(entry8.o)
    0x08020198   0x00000004   Code   RO         4321    .ARM.Collect$$$$00002712  mc_w.l(entry2.o)
    0x0802019c   0x00000788   Code   RO            3    .text               application.o
    0x08020924   0x000000b4   Code   RO          247    .text               startup.o
    0x080209d8   0x00000734   Code   RO          278    .text               cs99xx.o
    0x0802110c   0x00000144   Code   RO          381    .text               board.o
    0x08021250   0x0000024c   Code   RO          409    .text               stm32f4xx_it.o
    0x0802149c   0x00000036   Code   RO          444    .text               usart.o
    0x080214d2   0x00000002   PAD
    0x080214d4   0x00000970   Code   RO          473    .text               bsp_button.o
    0x08021e44   0x00000490   Code   RO          509    .text               ra8875.o
    0x080222d4   0x00001d70   Code   RO          535    .text               bsp_sdio_sd.o
    0x08024044   0x00000648   Code   RO          563    .text               spi_flash.o
    0x0802468c   0x00000b68   Code   RO          593    .text               memory.o
    0x080251f4   0x00000794   Code   RO          625    .text               memorymanagement.o
    0x08025988   0x000002a8   Code   RO          660    .text               rtc.o
    0x08025c30   0x00000248   Code   RO          686    .text               bmp.o
    0x08025e78   0x0000038c   Code   RO          709    .text               bsp_font.o
    0x08026204   0x000005f6   Code   RO          733    .text               bsp_text.o
    0x080267fa   0x00000002   PAD
    0x080267fc   0x000000c8   Code   RO          758    .text               bsp_listbox.o
    0x080268c4   0x00000274   Code   RO          784    .text               bsp_ico.o
    0x08026b38   0x00000120   Code   RO          811    .text               bsp_graph.o
    0x08026c58   0x00000260   Code   RO          834    .text               usart1.o
    0x08026eb8   0x000006b4   Code   RO          876    .text               ch376_usb_ui.o
    0x0802756c   0x000005a8   Code   RO          900    .text               file_sys.o
    0x08027b14   0x0000003c   Code   RO          915    .text               hal_base.o
    0x08027b50   0x00000318   Code   RO          929    .text               spi_sw.o
    0x08027e68   0x00000024   Code   RO          952    .text               startup_stm32f4xx.o
    0x08027e8c   0x000001f4   Code   RO          958    .text               system_stm32f4xx.o
    0x08028080   0x000001f0   Code   RO          984    .text               misc.o
    0x08028270   0x0000107c   Code   RO         1004    .text               stm32f4xx_adc.o
    0x080292ec   0x000005f4   Code   RO         1144    .text               stm32f4xx_dac.o
    0x080298e0   0x000013bc   Code   RO         1204    .text               stm32f4xx_dma.o
    0x0802ac9c   0x00000310   Code   RO         1224    .text               stm32f4xx_exti.o
    0x0802afac   0x00000dc0   Code   RO         1264    .text               stm32f4xx_fsmc.o
    0x0802bd6c   0x0000090e   Code   RO         1284    .text               stm32f4xx_gpio.o
    0x0802c67a   0x00000002   PAD
    0x0802c67c   0x0000024c   Code   RO         1404    .text               stm32f4xx_pwr.o
    0x0802c8c8   0x00000d70   Code   RO         1424    .text               stm32f4xx_rcc.o
    0x0802d638   0x00001764   Code   RO         1466    .text               stm32f4xx_rtc.o
    0x0802ed9c   0x00000660   Code   RO         1486    .text               stm32f4xx_sdio.o
    0x0802f3fc   0x00000bd0   Code   RO         1506    .text               stm32f4xx_spi.o
    0x0802ffcc   0x00000188   Code   RO         1526    .text               stm32f4xx_syscfg.o
    0x08030154   0x00003220   Code   RO         1546    .text               stm32f4xx_tim.o
    0x08033374   0x00000fe0   Code   RO         1566    .text               stm32f4xx_usart.o
    0x08034354   0x00000064   Code   RO         1604    .text               clock.o
    0x080343b8   0x00000408   Code   RO         1619    .text               device.o
    0x080347c0   0x00000168   Code   RO         1635    .text               idle.o
    0x08034928   0x00001a10   Code   RO         1661    .text               ipc.o
    0x08036338   0x00000048   Code   RO         1681    .text               irq.o
    0x08036380   0x000009b4   Code   RO         1696    .text               kservice.o
    0x08036d34   0x00000978   Code   RO         1713    .text               mem.o
    0x080376ac   0x00000330   Code   RO         1763    .text               object.o
    0x080379dc   0x00000324   Code   RO         1783    .text               scheduler.o
    0x08037d00   0x000006b0   Code   RO         1804    .text               thread.o
    0x080383b0   0x00000554   Code   RO         1821    .text               timer.o
    0x08038904   0x000001b0   Code   RO         1840    .text               cpuport.o
    0x08038ab4   0x00000110   Code   RO         1856    .text               context_rvds.o
    0x08038bc4   0x00000be8   Code   RO         2000    .text               cmd.o
    0x080397ac   0x000003f0   Code   RO         2265    .text               dfs.o
    0x08039b9c   0x0000098c   Code   RO         2295    .text               dfs_file.o
    0x0803a528   0x000005dc   Code   RO         2322    .text               dfs_fs.o
    0x0803ab04   0x00000550   Code   RO         2348    .text               dfs_posix.o
    0x0803b054   0x00000b48   Code   RO         2367    .text               dfs_elm.o
    0x0803bb9c   0x00002924   Code   RO         2398    .text               ff.o
    0x0803e4c0   0x000008d4   Code   RO         2415    .text               ui_application.o
    0x0803ed94   0x000058e4   Code   RO         2494    .text               ui_home.o
    0x08044678   0x000021b4   Code   RO         2558    .text               ui_file.o
    0x0804682c   0x0000e356   Code   RO         2586    .text               ui_step.o
    0x08054b82   0x00000002   PAD
    0x08054b84   0x00007c4c   Code   RO         2612    .text               ui_system.o
    0x0805c7d0   0x00004f44   Code   RO         2656    .text               ui_result.o
    0x08061714   0x00000144   Code   RO         2681    .text               ui_help.o
    0x08061858   0x00000a74   Code   RO         2706    .text               ui_about.o
    0x080622cc   0x00000080   Code   RO         2728    .text               ui_display.o
    0x0806234c   0x00000e74   Code   RO         2749    .text               ui_file_port.o
    0x080631c0   0x000017e8   Code   RO         2770    .text               ui_autocal.o
    0x080649a8   0x0000018c   Code   RO         2796    .text               sui_window.o
    0x08064b34   0x0000002c   Code   RO         2826    .text               sui_drivers.o
    0x08064b60   0x000001ca   Code   RO         2917    .text               hz20font.o
    0x08064d2a   0x000002c6   Code   RO         2958    .text               hz24font.o
    0x08064ff0   0x000000f0   Code   RO         2981    .text               asc32font.o
    0x080650e0   0x000001b0   Code   RO         3008    .text               hz32font.o
    0x08065290   0x00000780   Code   RO         3031    .text               ad_da.o
    0x08065a10   0x000002b4   Code   RO         3061    .text               key_led.o
    0x08065cc4   0x0000029c   Code   RO         3086    .text               multiplexer.o
    0x08065f60   0x000002b4   Code   RO         3111    .text               relay.o
    0x08066214   0x0000072c   Code   RO         3136    .text               self_test.o
    0x08066940   0x000004b0   Code   RO         3170    .text               spi_cpld.o
    0x08066df0   0x0000006c   Code   RO         3197    .text               plc.o
    0x08066e5c   0x00001510   Code   RO         3220    .text               acw_routine.o
    0x0806836c   0x00001100   Code   RO         3259    .text               dcw_routine.o
    0x0806946c   0x00000c38   Code   RO         3287    .text               gr_routine.o
    0x0806a0a4   0x0000169c   Code   RO         3315    .text               lc_routine.o
    0x0806b740   0x00000480   Code   RO         3343    .text               gr.o
    0x0806bbc0   0x00000d88   Code   RO         3371    .text               lc.o
    0x0806c948   0x00000928   Code   RO         3406    .text               output_control.o
    0x0806d270   0x0000009c   Code   RO         3427    .text               relay_change.o
    0x0806d30c   0x00000aa4   Code   RO         3469    .text               test_sched.o
    0x0806ddb0   0x00000500   Code   RO         3498    .text               cal.o
    0x0806e2b0   0x00001dc0   Code   RO         3524    .text               acw_gr_routine.o
    0x08070070   0x00001c3c   Code   RO         3549    .text               dcw_gr_routine.o
    0x08071cac   0x00000a48   Code   RO         3574    .text               pw_routine.o
    0x080726f4   0x00000e88   Code   RO         3599    .text               ir_routine.o
    0x0807357c   0x00000184   Code   RO         3627    .text               ir.o
    0x08073700   0x00002490   Code   RO         3680    .text               communication.o
    0x08075b90   0x000004c0   Code   RO         3747    .text               library.o
    0x08076050   0x00001564   Code   RO         3775    .text               scpi_parser.o
    0x080775b4   0x00000024   Code   RO         3812    .text               scpiinstruction.o
    0x080775d8   0x00000330   Code   RO         3845    .text               modbus.o
    0x08077908   0x00000088   Code   RO         3884    .text               systick.o
    0x08077990   0x000004ec   Code   RO         3911    .text               zwd414b.o
    0x08077e7c   0x000000a4   Code   RO         3939    .text               zwd414b_tools.o
    0x08077f20   0x00000062   Code   RO         3998    .text               mc_w.l(uldiv.o)
    0x08077f82   0x0000001e   Code   RO         4000    .text               mc_w.l(llshl.o)
    0x08077fa0   0x000000a0   Code   RO         4002    .text               mc_w.l(mktime.o)
    0x08078040   0x00000024   Code   RO         4005    .text               mc_w.l(memcpya.o)
    0x08078064   0x00000026   Code   RO         4007    .text               mc_w.l(memseta.o)
    0x0807808a   0x0000001c   Code   RO         4009    .text               mc_w.l(strcat.o)
    0x080780a6   0x00000018   Code   RO         4011    .text               mc_w.l(strncpy.o)
    0x080780be   0x00000010   Code   RO         4013    .text               mc_w.l(strlen.o)
    0x080780ce   0x0000001c   Code   RO         4015    .text               mc_w.l(strcmp.o)
    0x080780ea   0x0000001a   Code   RO         4017    .text               mc_w.l(memcmp.o)
    0x08078104   0x00000012   Code   RO         4019    .text               mc_w.l(strcpy.o)
    0x08078116   0x0000001e   Code   RO         4021    .text               mc_w.l(strncmp.o)
    0x08078134   0x00000020   Code   RO         4023    .text               mc_w.l(strrchr.o)
    0x08078154   0x0000001a   Code   RO         4288    .text               mc_w.l(atoi.o)
    0x0807816e   0x000000e0   Code   RO         4290    .text               mf_w.l(dmul.o)
    0x0807824e   0x000000de   Code   RO         4292    .text               mf_w.l(ddiv.o)
    0x0807832c   0x0000001a   Code   RO         4294    .text               mf_w.l(dfltui.o)
    0x08078346   0x0000003e   Code   RO         4296    .text               mf_w.l(dfixi.o)
    0x08078384   0x0000002e   Code   RO         4298    .text               mf_w.l(dfixui.o)
    0x080783b2   0x0000002c   Code   RO         4300    .text               mf_w.l(f2d.o)
    0x080783de   0x00000002   PAD
    0x080783e0   0x00000028   Code   RO         4302    .text               mf_w.l(cdrcmple.o)
    0x08078408   0x00000038   Code   RO         4304    .text               mf_w.l(d2f.o)
    0x08078440   0x0000002c   Code   RO         4330    .text               mc_w.l(uidiv.o)
    0x0807846c   0x00000020   Code   RO         4332    .text               mc_w.l(llushr.o)
    0x0807848c   0x00000080   Code   RO         4337    .text               mc_w.l(localtime_i.o)
    0x0807850c   0x00000070   Code   RO         4347    .text               mc_w.l(strtol.o)
    0x0807857c   0x00000000   Code   RO         4349    .text               mc_w.l(iusefp.o)
    0x0807857c   0x0000006c   Code   RO         4350    .text               mf_w.l(fepilogue.o)
    0x080785e8   0x000000be   Code   RO         4352    .text               mf_w.l(depilogue.o)
    0x080786a6   0x0000014c   Code   RO         4354    .text               mf_w.l(dadd.o)
    0x080787f2   0x00000030   Code   RO         4358    .text               mf_w.l(dfixul.o)
    0x08078822   0x00000002   PAD
    0x08078824   0x00000024   Code   RO         4372    .text               mc_w.l(init.o)
    0x08078848   0x00000024   Code   RO         4375    .text               mc_w.l(llsshr.o)
    0x0807886c   0x00000008   Code   RO         4377    .text               mc_w.l(ctype_o.o)
    0x08078874   0x0000009e   Code   RO         4405    .text               mc_w.l(_strtoul.o)
    0x08078912   0x00000022   Code   RO         4408    .text               mf_w.l(dflti.o)
    0x08078934   0x0000001c   Code   RO         4410    .text               mc_w.l(_chval.o)
    0x08078950   0x00000060   Code   RO         4420    .text               mc_w.l(__dclz77c.o)
    0x080789b0   0x00000028   Code   RO         4262    i.__0sprintf        mc_w.l(printfa.o)
    0x080789d8   0x00000030   Code   RO         4368    i.__ARM_fpclassify  m_wm.l(fpclassify.o)
    0x08078a08   0x00000008   Code   RO         4340    i.__aeabi_errno_addr  mc_w.l(errno.o)
    0x08078a10   0x000000d8   Code   RO         3983    i.__hardfp_cos      m_wm.l(cos.o)
    0x08078ae8   0x00000450   Code   RO         4309    i.__ieee754_rem_pio2  m_wm.l(rred.o)
    0x08078f38   0x00000170   Code   RO         4306    i.__kernel_cos      m_wm.l(cos_i.o)
    0x080790a8   0x000000f8   Code   RO         4370    i.__kernel_poly     m_wm.l(poly.o)
    0x080791a0   0x00000130   Code   RO         4314    i.__kernel_sin      m_wm.l(sin_i.o)
    0x080792d0   0x00000020   Code   RO         4360    i.__mathlib_dbl_underflow  m_wm.l(dunder.o)
    0x080792f0   0x0000000e   Code   RO         4414    i.__scatterload_copy  mc_w.l(handlers.o)
    0x080792fe   0x00000002   Code   RO         4415    i.__scatterload_null  mc_w.l(handlers.o)
    0x08079300   0x0000000e   Code   RO         4416    i.__scatterload_zeroinit  mc_w.l(handlers.o)
    0x0807930e   0x00000002   PAD
    0x08079310   0x0000000c   Code   RO         4342    i.__set_errno       mc_w.l(errno.o)
    0x0807931c   0x00000158   Code   RO         4267    i._fp_digits        mc_w.l(printfa.o)
    0x08079474   0x00000704   Code   RO         4268    i._printf_core      mc_w.l(printfa.o)
    0x08079b78   0x00000026   Code   RO         4269    i._printf_post_padding  mc_w.l(printfa.o)
    0x08079b9e   0x00000030   Code   RO         4270    i._printf_pre_padding  mc_w.l(printfa.o)
    0x08079bce   0x0000000a   Code   RO         4272    i._sputc            mc_w.l(printfa.o)
    0x08079bd8   0x00000020   Code   RO         4364    i.fabs              m_wm.l(fabs.o)
    0x08079bf8   0x00000c3d   Data   RO            5    .constdata          application.o
    0x0807a835   0x00000003   PAD
    0x0807a838   0x00000018   Data   RO          475    .constdata          bsp_button.o
    0x0807a850   0x00000012   Data   RO          537    .constdata          bsp_sdio_sd.o
    0x0807a862   0x0000000f   Data   RO          662    .constdata          rtc.o
    0x0807a871   0x00000003   PAD
    0x0807a874   0x0000000c   Data   RO          734    .constdata          bsp_text.o
    0x0807a880   0x0000001f   Data   RO          785    .constdata          bsp_ico.o
    0x0807a89f   0x000000a8   Data   RO         1620    .constdata          device.o
    0x0807a947   0x00000016   Data   RO         1637    .constdata          idle.o
    0x0807a95d   0x000001d7   Data   RO         1662    .constdata          ipc.o
    0x0807ab34   0x00000122   Data   RO         1698    .constdata          kservice.o
    0x0807ac56   0x00000002   PAD
    0x0807ac58   0x00000160   Data   RO         1715    .constdata          mem.o
    0x0807adb8   0x0000005e   Data   RO         1764    .constdata          object.o
    0x0807ae16   0x0000004e   Data   RO         1785    .constdata          scheduler.o
    0x0807ae64   0x000000aa   Data   RO         1805    .constdata          thread.o
    0x0807af0e   0x0000005c   Data   RO         1822    .constdata          timer.o
    0x0807af6a   0x00000013   Data   RO         1841    .constdata          cpuport.o
    0x0807af7d   0x00000003   PAD
    0x0807af80   0x00000293   Data   RO         2001    .constdata          cmd.o
    0x0807b213   0x00000023   Data   RO         2267    .constdata          dfs.o
    0x0807b236   0x0000005f   Data   RO         2297    .constdata          dfs_file.o
    0x0807b295   0x00000046   Data   RO         2323    .constdata          dfs_fs.o
    0x0807b2db   0x00000019   Data   RO         2349    .constdata          dfs_posix.o
    0x0807b2f4   0x000000ff   Data   RO         2368    .constdata          dfs_elm.o
    0x0807b3f3   0x00000001   PAD
    0x0807b3f4   0x0000002c   Data   RO         2399    .constdata          ff.o
    0x0807b420   0x0000015f   Data   RO         2417    .constdata          ui_application.o
    0x0807b57f   0x00000001   PAD
    0x0807b580   0x00003e8c   Data   RO         2496    .constdata          ui_home.o
    0x0807f40c   0x000000a8   Data   RO         2559    .constdata          ui_file.o
    0x0807f4b4   0x00000240   Data   RO         2587    .constdata          ui_step.o
    0x0807f6f4   0x00000128   Data   RO         2614    .constdata          ui_system.o
    0x0807f81c   0x00000094   Data   RO         2657    .constdata          ui_result.o
    0x0807f8b0   0x0000000c   Data   RO         2682    .constdata          ui_help.o
    0x0807f8bc   0x0000014b   Data   RO         2707    .constdata          ui_about.o
    0x0807fa07   0x00000001   PAD
    0x0807fa08   0x0000000c   Data   RO         2729    .constdata          ui_display.o
    0x0807fa14   0x00000038   Data   RO         2750    .constdata          ui_file_port.o
    0x0807fa4c   0x0000029c   Data   RO         2772    .constdata          ui_autocal.o
    0x0807fce8   0x0000000c   Data   RO         2798    .constdata          sui_window.o
    0x0807fcf4   0x00000800   Data   RO         2864    .constdata          asc16font.o
    0x080804f4   0x0003fe54   Data   RO         2882    .constdata          hz16font.o
    0x080c0348   0x00000cd0   Data   RO         2899    .constdata          asc20font.o
    0x080c1018   0x00000938   Data   RO         2918    .constdata          hz20font.o
    0x080c1950   0x00001800   Data   RO         2940    .constdata          asc24font.o
    0x080c3150   0x0000101c   Data   RO         2959    .constdata          hz24font.o
    0x080c416c   0x00000980   Data   RO         2982    .constdata          asc32font.o
    0x080c4aec   0x00001214   Data   RO         3009    .constdata          hz32font.o
    0x080c5d00   0x00000084   Data   RO         3222    .constdata          acw_routine.o
    0x080c5d84   0x00000084   Data   RO         3261    .constdata          dcw_routine.o
    0x080c5e08   0x0000003c   Data   RO         3289    .constdata          gr_routine.o
    0x080c5e44   0x00000044   Data   RO         3317    .constdata          lc_routine.o
    0x080c5e88   0x00000028   Data   RO         3471    .constdata          test_sched.o
    0x080c5eb0   0x000000b0   Data   RO         3526    .constdata          acw_gr_routine.o
    0x080c5f60   0x000000b0   Data   RO         3551    .constdata          dcw_gr_routine.o
    0x080c6010   0x00000044   Data   RO         3576    .constdata          pw_routine.o
    0x080c6054   0x00000034   Data   RO         3601    .constdata          ir_routine.o
    0x080c6088   0x00000018   Data   RO         3628    .constdata          ir.o
    0x080c60a0   0x0000026c   Data   RO         3727    .constdata          cs9931cinstructiontable.o
    0x080c630c   0x000000b4   Data   RO         3777    .constdata          scpi_parser.o
    0x080c63c0   0x00000c30   Data   RO         3813    .constdata          scpiinstruction.o
    0x080c6ff0   0x00000200   Data   RO         3847    .constdata          modbus.o
    0x080c71f0   0x0000000c   Data   RO         4003    .constdata          mc_w.l(mktime.o)
    0x080c71fc   0x00000004   PAD
    0x080c7200   0x00000030   Data   RO         4307    .constdata          m_wm.l(cos_i.o)
    0x080c7230   0x000000c8   Data   RO         4311    .constdata          m_wm.l(rred.o)
    0x080c72f8   0x00000028   Data   RO         4315    .constdata          m_wm.l(sin_i.o)
    0x080c7320   0x0000000c   Data   RO         4338    .constdata          mc_w.l(localtime_i.o)
    0x080c732c   0x00000081   Data   RO         4378    .constdata          mc_w.l(ctype_o.o)
    0x080c73ad   0x00000003   PAD
    0x080c73b0   0x00000004   Data   RO         4379    .constdata          mc_w.l(ctype_o.o)
    0x080c73b4   0x00000128   Data   RO          280    .conststring        cs99xx.o
    0x080c74dc   0x000000f6   Data   RO          476    .conststring        bsp_button.o
    0x080c75d2   0x0000004c   Data   RO          735    .conststring        bsp_text.o
    0x080c761e   0x000000e9   Data   RO         2002    .conststring        cmd.o
    0x080c7707   0x00000004   Data   RO         2369    .conststring        dfs_elm.o
    0x080c770b   0x0000034a   Data   RO         2497    .conststring        ui_home.o
    0x080c7a55   0x000000ed   Data   RO         2560    .conststring        ui_file.o
    0x080c7b42   0x00000611   Data   RO         2588    .conststring        ui_step.o
    0x080c8153   0x0000132d   Data   RO         2615    .conststring        ui_system.o
    0x080c9480   0x0000001b   Data   RO         2658    .conststring        ui_result.o
    0x080c949b   0x00000324   Data   RO         2683    .conststring        ui_help.o
    0x080c97bf   0x00000016   Data   RO         2773    .conststring        ui_autocal.o
    0x080c97d5   0x0000001b   Data   RO         3682    .conststring        communication.o
    0x080c97f0   0x00000018   Data   RO         3728    .conststring        cs9931cinstructiontable.o
    0x080c9808   0x00000153   Data   RO         3778    .conststring        scpi_parser.o
    0x080c995b   0x000001b8   Data   RO         3814    .conststring        scpiinstruction.o
    0x080c9b13   0x00000001   PAD
    0x080c9b14   0x0000000c   Data   RO         1717    FSymTab             mem.o
    0x080c9b20   0x00000090   Data   RO         2004    FSymTab             cmd.o
    0x080c9bb0   0x00000030   Data   RO         2298    FSymTab             dfs_file.o
    0x080c9be0   0x00000018   Data   RO         2324    FSymTab             dfs_fs.o
    0x080c9bf8   0x0000000c   Data   RO         2350    FSymTab             dfs_posix.o
    0x080c9c04   0x0000000c   Data   RO         2419    FSymTab             ui_application.o
    0x080c9c10   0x00000020   Data   RO         4412    Region$$Table       anon$$obj.o
    0x080c9c30   0x00000010   Data   RO         2005    VSymTab             cmd.o


    Execution Region RW_IRAM1 (Base: 0x20000000, Size: 0x00007f00, Max: 0x00020000, ABSOLUTE, COMPRESSED[0x000009d8])

    Base Addr    Size         Type   Attr      Idx    E Section Name        Object

    0x20000000   0x0000000a   Data   RW            6    .data               application.o
    0x2000000a   0x00000002   PAD
    0x2000000c   0x000001b1   Data   RW          281    .data               cs99xx.o
    0x200001bd   0x00000094   Data   RW          367    .data               cs9931_config.o
    0x20000251   0x00000003   PAD
    0x20000254   0x00000004   Data   RW          382    .data               board.o
    0x20000258   0x0000033c   Data   RW          477    .data               bsp_button.o
    0x20000594   0x00000018   Data   RW          538    .data               bsp_sdio_sd.o
    0x200005ac   0x00000001   Data   RW          565    .data               spi_flash.o
    0x200005ad   0x00000003   PAD
    0x200005b0   0x00000008   Data   RW          595    .data               memory.o
    0x200005b8   0x00000028   Data   RW          736    .data               bsp_text.o
    0x200005e0   0x0000000e   Data   RW          759    .data               bsp_listbox.o
    0x200005ee   0x00000006   Data   RW          786    .data               bsp_ico.o
    0x200005f4   0x00000001   Data   RW          836    .data               usart1.o
    0x200005f5   0x00000025   Data   RW          878    .data               ch376_usb_ui.o
    0x2000061a   0x00000002   PAD
    0x2000061c   0x0000001c   Data   RW          930    .data               spi_sw.o
    0x20000638   0x00000014   Data   RW          959    .data               system_stm32f4xx.o
    0x2000064c   0x00000010   Data   RW         1425    .data               stm32f4xx_rcc.o
    0x2000065c   0x00000004   Data   RW         1605    .data               clock.o
    0x20000660   0x00000004   Data   RW         1638    .data               idle.o
    0x20000664   0x00000001   Data   RW         1682    .data               irq.o
    0x20000665   0x00000003   PAD
    0x20000668   0x00000008   Data   RW         1699    .data               kservice.o
    0x20000670   0x00000020   Data   RW         1716    .data               mem.o
    0x20000690   0x000000a4   Data   RW         1765    .data               object.o
    0x20000734   0x0000001c   Data   RW         1786    .data               scheduler.o
    0x20000750   0x00000010   Data   RW         1823    .data               timer.o
    0x20000760   0x00000010   Data   RW         1842    .data               cpuport.o
    0x20000770   0x00000004   Data   RW         2003    .data               cmd.o
    0x20000774   0x00000004   Data   RW         2183    .data               finsh_var.o
    0x20000778   0x0000000c   Data   RW         2206    .data               finsh_vm.o
    0x20000784   0x00000010   Data   RW         2252    .data               symbol.o
    0x20000794   0x00000008   Data   RW         2370    .data               dfs_elm.o
    0x2000079c   0x0000000a   Data   RW         2400    .data               ff.o
    0x200007a6   0x00000002   PAD
    0x200007a8   0x00000050   Data   RW         2418    .data               ui_application.o
    0x200007f8   0x00000368   Data   RW         2498    .data               ui_home.o
    0x20000b60   0x00000088   Data   RW         2561    .data               ui_file.o
    0x20000be8   0x00000ce8   Data   RW         2589    .data               ui_step.o
    0x200018d0   0x000002b0   Data   RW         2616    .data               ui_system.o
    0x20001b80   0x00000064   Data   RW         2659    .data               ui_result.o
    0x20001be4   0x00000048   Data   RW         2684    .data               ui_help.o
    0x20001c2c   0x0000001a   Data   RW         2774    .data               ui_autocal.o
    0x20001c46   0x00000002   PAD
    0x20001c48   0x00000014   Data   RW         2865    .data               asc16font.o
    0x20001c5c   0x00000014   Data   RW         2900    .data               asc20font.o
    0x20001c70   0x00000014   Data   RW         2941    .data               asc24font.o
    0x20001c84   0x00000014   Data   RW         2983    .data               asc32font.o
    0x20001c98   0x00000003   Data   RW         3033    .data               ad_da.o
    0x20001c9b   0x00000002   Data   RW         3062    .data               key_led.o
    0x20001c9d   0x00000005   Data   RW         3087    .data               multiplexer.o
    0x20001ca2   0x00000002   PAD
    0x20001ca4   0x00000004   Data   RW         3112    .data               relay.o
    0x20001ca8   0x00000002   Data   RW         3138    .data               self_test.o
    0x20001caa   0x00000002   PAD
    0x20001cac   0x0000000d   Data   RW         3172    .data               spi_cpld.o
    0x20001cb9   0x00000003   PAD
    0x20001cbc   0x00000005   Data   RW         3223    .data               acw_routine.o
    0x20001cc1   0x00000003   PAD
    0x20001cc4   0x00000004   Data   RW         3262    .data               dcw_routine.o
    0x20001cc8   0x00000004   Data   RW         3290    .data               gr_routine.o
    0x20001ccc   0x00000004   Data   RW         3318    .data               lc_routine.o
    0x20001cd0   0x00000002   Data   RW         3344    .data               gr.o
    0x20001cd2   0x00000009   Data   RW         3372    .data               lc.o
    0x20001cdb   0x00000005   Data   RW         3407    .data               output_control.o
    0x20001ce0   0x00000002   Data   RW         3428    .data               relay_change.o
    0x20001ce2   0x00000002   PAD
    0x20001ce4   0x00000015   Data   RW         3472    .data               test_sched.o
    0x20001cf9   0x00000003   PAD
    0x20001cfc   0x00000004   Data   RW         3527    .data               acw_gr_routine.o
    0x20001d00   0x00000004   Data   RW         3552    .data               dcw_gr_routine.o
    0x20001d04   0x00000004   Data   RW         3577    .data               pw_routine.o
    0x20001d08   0x00000004   Data   RW         3602    .data               ir_routine.o
    0x20001d0c   0x0000003b   Data   RW         3683    .data               communication.o
    0x20001d47   0x00000001   PAD
    0x20001d48   0x00000024   Data   RW         3779    .data               scpi_parser.o
    0x20001d6c   0x00000030   Data   RW         3815    .data               scpiinstruction.o
    0x20001d9c   0x00000002   Data   RW         3885    .data               systick.o
    0x20001d9e   0x00000002   Data   RW         3913    .data               zwd414b.o
    0x20001da0   0x00000004   Data   RW         4343    .data               mc_w.l(errno.o)
    0x20001da4   0x000001e0   Zero   RW            4    .bss                application.o
    0x20001f84   0x00000848   Zero   RW          279    .bss                cs99xx.o
    0x200027cc   0x00000098   Zero   RW          474    .bss                bsp_button.o
    0x20002864   0x00000640   Zero   RW          510    .bss                ra8875.o
    0x20002ea4   0x00000004   PAD
    0x20002ea8   0x0000033c   Zero   RW          536    .bss                bsp_sdio_sd.o
    0x200031e4   0x0000101c   Zero   RW          564    .bss                spi_flash.o
    0x20004200   0x00000a0c   Zero   RW          594    .bss                memory.o
    0x20004c0c   0x000000a4   Zero   RW          626    .bss                memorymanagement.o
    0x20004cb0   0x00000040   Zero   RW          661    .bss                rtc.o
    0x20004cf0   0x00000064   Zero   RW          835    .bss                usart1.o
    0x20004d54   0x00000133   Zero   RW          877    .bss                ch376_usb_ui.o
    0x20004e87   0x00000001   PAD
    0x20004e88   0x00000480   Zero   RW         1636    .bss                idle.o
    0x20005308   0x00000080   Zero   RW         1697    .bss                kservice.o
    0x20005388   0x00000020   Zero   RW         1714    .bss                mem.o
    0x200053a8   0x00000100   Zero   RW         1784    .bss                scheduler.o
    0x200054a8   0x000000d4   Zero   RW         2266    .bss                dfs.o
    0x2000557c   0x00000124   Zero   RW         2296    .bss                dfs_file.o
    0x200056a0   0x000000b0   Zero   RW         2416    .bss                ui_application.o
    0x20005750   0x00000028   Zero   RW         2495    .bss                ui_home.o
    0x20005778   0x00000034   Zero   RW         2613    .bss                ui_system.o
    0x200057ac   0x000000a0   Zero   RW         2771    .bss                ui_autocal.o
    0x2000584c   0x0000000c   Zero   RW         2797    .bss                sui_window.o
    0x20005858   0x0000007e   Zero   RW         3032    .bss                ad_da.o
    0x200058d6   0x00000028   Zero   RW         3137    .bss                self_test.o
    0x200058fe   0x00000002   PAD
    0x20005900   0x00000020   Zero   RW         3171    .bss                spi_cpld.o
    0x20005920   0x00000060   Zero   RW         3221    .bss                acw_routine.o
    0x20005980   0x0000005c   Zero   RW         3260    .bss                dcw_routine.o
    0x200059dc   0x00000054   Zero   RW         3288    .bss                gr_routine.o
    0x20005a30   0x00000070   Zero   RW         3316    .bss                lc_routine.o
    0x20005aa0   0x000010f0   Zero   RW         3470    .bss                test_sched.o
    0x20006b90   0x00000800   Zero   RW         3499    .bss                cal.o
    0x20007390   0x00000090   Zero   RW         3525    .bss                acw_gr_routine.o
    0x20007420   0x00000090   Zero   RW         3550    .bss                dcw_gr_routine.o
    0x200074b0   0x00000048   Zero   RW         3575    .bss                pw_routine.o
    0x200074f8   0x0000005c   Zero   RW         3600    .bss                ir_routine.o
    0x20007554   0x000002e8   Zero   RW         3681    .bss                communication.o
    0x2000783c   0x0000015c   Zero   RW         3776    .bss                scpi_parser.o
    0x20007998   0x00000103   Zero   RW         3846    .bss                modbus.o
    0x20007a9b   0x00000001   PAD
    0x20007a9c   0x00000060   Zero   RW         3912    .bss                zwd414b.o
    0x20007afc   0x00000004   PAD
    0x20007b00   0x00000400   Zero   RW          949    STACK               startup_stm32f4xx.o


==============================================================================

Image component sizes


      Code (inc. data)   RO Data    RW Data    ZI Data      Debug   Object Name

      7616        768        176          4        144       7838   acw_gr_routine.o
      5392        674        132          5         96       6139   acw_routine.o
      1920         78          0          3        126       7376   ad_da.o
      1928        502       3133         10        480     371995   application.o
         0          0       2048         20          0        611   asc16font.o
         0          0       3280         20          0        611   asc20font.o
         0          0       6144         20          0        611   asc24font.o
       240         16       2432         20          0       1426   asc32font.o
       584         72          0          0          0       2481   bmp.o
       324         26          0          4          0      28147   board.o
      2416        138        270        828        152       7340   bsp_button.o
       908         34          0          0          0       4441   bsp_font.o
       288          0          0          0          0       2165   bsp_graph.o
       628         78         31          6          0       3199   bsp_ico.o
       200          8          0         14          0       1771   bsp_listbox.o
      7536        388         18         24        828      28695   bsp_sdio_sd.o
      1526         32         88         40          0       5111   bsp_text.o
      1280         26          0          0       2048       4968   cal.o
      1716         92          0         37        307      17899   ch376_usb_ui.o
       100          6          0          4          0       1604   clock.o
      3048       1194       1052          4          0      14802   cmd.o
      9360        456         27         59        744      48895   communication.o
       272         24          0          0          0        812   context_rvds.o
       432        220         19         16          0       3807   cpuport.o
         0          0          0        148          0       1300   cs9931_config.o
         0          0        644          0          0       1801   cs9931cinstructiontable.o
      1844         70        296        433       2120      15941   cs99xx.o
      7228        700        176          4        144       8004   dcw_gr_routine.o
      4352        394        132          4         92       5712   dcw_routine.o
      1032        166        168          0          0       5601   device.o
      1008        162         35          0        212       8812   dfs.o
      2888        262        259          8          0      18209   dfs_elm.o
      2444        324        143          0        292      13799   dfs_file.o
      1500        282         94          0          0      10380   dfs_fs.o
      1360         48         37          0          0       9119   dfs_posix.o
     10532        118         44         10          0      25865   ff.o
      1448          4          0          0          0      20289   file_sys.o
         0          0          0          4          0       5129   finsh_var.o
         0          0          0         12          0       5785   finsh_vm.o
      1152         22          0          2          0       2980   gr.o
      3128        424         60          4         84       4670   gr_routine.o
        60          0          0          0          0        800   hal_base.o
         0          0     261716          0          0        609   hz16font.o
       458          0       2360          0          0       1503   hz20font.o
       710          0       4124          0          0       1575   hz24font.o
       432          0       4628          0          0       1559   hz32font.o
       360        106         22          4       1152       2991   idle.o
      6672        464        471          0          0      23319   ipc.o
       388         16         24          0          0       1816   ir.o
      3720        562         52          4         92       5288   ir_routine.o
        72          6          0          1          0       1414   irq.o
       692         20          0          2          0       4061   key_led.o
      2484        168        290          8        128      11348   kservice.o
      3464         82          0          9          0      12535   lc.o
      5788        532         68          4        112       6992   lc_routine.o
      1216         18          0          0          0      10131   library.o
      2424        586        364         32         32      10302   mem.o
      2920         28          0          8       2572      10237   memory.o
      1940         88          0          0        164       7117   memorymanagement.o
       496         76          0          0          0       2173   misc.o
       816         20        512          0        259       7220   modbus.o
       668         12          0          5          0       4355   multiplexer.o
       816        186         94        164          0       6124   object.o
      2344         44          0          5          0       4753   output_control.o
       108          4          0          0          0       1035   plc.o
      2632        338         68          4         72       4046   pw_routine.o
      1168          4          0          0       1600       5667   ra8875.o
       692         26          0          4          0       4820   relay.o
       156         18          0          2          0       1103   relay_change.o
         0          0          0          0          0        296   ringbuffer.o
       680         78         15          0         64       2730   rtc.o
       804        182         78         28        256       4937   scheduler.o
      5476        144        519         36        348      29427   scpi_parser.o
        36         12       3560         48          0      16623   scpiinstruction.o
      1836        590          0          2         40       3714   self_test.o
      1200         74          0         13         32       4134   spi_cpld.o
      1608         62          0          1       4124       7647   spi_flash.o
       792         34          0         28          0       4361   spi_sw.o
       180         88          0          0          0       1391   startup.o
        36         10        392          0       1024        900   startup_stm32f4xx.o
      4220        152          0          0          0      13470   stm32f4xx_adc.o
      1524         74          0          0          0       5905   stm32f4xx_dac.o
      5052        354          0          0          0       9097   stm32f4xx_dma.o
       784         74          0          0          0       2847   stm32f4xx_exti.o
      3520        126          0          0          0       6951   stm32f4xx_fsmc.o
      2318        138          0          0          0       5553   stm32f4xx_gpio.o
       588         28          0          0          0       3549   stm32f4xx_it.o
       588         86          0          0          0       2968   stm32f4xx_pwr.o
      3440        266          0         16          0      13671   stm32f4xx_rcc.o
      5988        120          0          0          0      17536   stm32f4xx_rtc.o
      1632        104          0          0          0       8536   stm32f4xx_sdio.o
      3024        120          0          0          0       8685   stm32f4xx_spi.o
       392         76          0          0          0       1899   stm32f4xx_syscfg.o
     12832        670          0          0          0      31304   stm32f4xx_tim.o
      4064        166          0          0          0      11122   stm32f4xx_usart.o
        44          0          0          0          0       1725   sui_drivers.o
       396         16         12          0         12       2735   sui_window.o
         0          0          0         16          0       4137   symbol.o
       500         46          0         20          0       2063   system_stm32f4xx.o
       136         12          0          2          0       2642   systick.o
      2724        366         40         21       4336       7192   test_sched.o
      1712        244        170          0          0       8490   thread.o
      1364        150         92         16          0       8061   timer.o
      2676       1196        331          0          0       2448   ui_about.o
      2260        682        363         80        176       7041   ui_application.o
      6120        402        690         26        160       8384   ui_autocal.o
       128         20         12          0          0        584   ui_display.o
      8628        688        405        136          0       7964   ui_file.o
      3700        704         56          0          0       4230   ui_file_port.o
       324         50        816         72          0       1384   ui_help.o
     22756       2408      16854        872         40      19660   ui_home.o
     20292       3020        175        100          0      10644   ui_result.o
     58198       3104       2129       3304          0      39371   ui_step.o
     31820       3026       5205        688         52      34956   ui_system.o
        54          0          0          0          0        931   usart.o
       608         32          0          1        100       3691   usart1.o
      1260         60          0          2         96       6216   zwd414b.o
       164          0          0          0          0       2417   zwd414b_tools.o

    ----------------------------------------------------------------------
    359812      31266     327692       7584      24924    1297252   Object Totals
         0          0         32          0          0          0   (incl. Generated)
         8          0         15         33         12          0   (incl. Padding)

    ----------------------------------------------------------------------

      Code (inc. data)   RO Data    RW Data    ZI Data      Debug   Library Member Name

       216         16          0          0          0        156   cos.o
       368         46         48          0          0        204   cos_i.o
        32          8          0          0          0        124   dunder.o
        32          0          0          0          0        124   fabs.o
        48          0          0          0          0        124   fpclassify.o
       248          0          0          0          0        152   poly.o
      1104        142        200          0          0        188   rred.o
       304         24         40          0          0        208   sin_i.o
        96          0          0          0          0          0   __dclz77c.o
        28          0          0          0          0         68   _chval.o
       158          0          0          0          0         92   _strtoul.o
        26          0          0          0          0         80   atoi.o
         8          4        133          0          0         68   ctype_o.o
         0          0          0          0          0          0   entry.o
         8          4          0          0          0          0   entry2.o
         4          0          0          0          0          0   entry5.o
         0          0          0          0          0          0   entry7b.o
         8          4          0          0          0          0   entry8.o
        20         10          0          4          0        136   errno.o
        30          0          0          0          0          0   handlers.o
        36          8          0          0          0         68   init.o
         0          0          0          0          0          0   iusefp.o
        30          0          0          0          0         68   llshl.o
        36          0          0          0          0         68   llsshr.o
        32          0          0          0          0         68   llushr.o
       128          6         12          0          0         80   localtime_i.o
        26          0          0          0          0         80   memcmp.o
        36          0          0          0          0         68   memcpya.o
        38          0          0          0          0        108   memseta.o
       160         18         12          0          0         80   mktime.o
      2276         84          0          0          0        512   printfa.o
        28          0          0          0          0         68   strcat.o
        28          0          0          0          0         76   strcmp.o
        18          0          0          0          0         68   strcpy.o
        16          0          0          0          0         68   strlen.o
        30          0          0          0          0         80   strncmp.o
        24          0          0          0          0         76   strncpy.o
        32          0          0          0          0         68   strrchr.o
       112          0          0          0          0         88   strtol.o
        44          0          0          0          0         80   uidiv.o
        98          0          0          0          0         92   uldiv.o
        40          2          0          0          0         68   cdrcmple.o
        56          0          0          0          0         88   d2f.o
       332          0          0          0          0        148   dadd.o
       222          0          0          0          0        100   ddiv.o
       190          0          0          0          0        176   depilogue.o
        62          0          0          0          0         80   dfixi.o
        46          0          0          0          0         68   dfixui.o
        48          0          0          0          0         68   dfixul.o
        34          0          0          0          0         76   dflti.o
        26          0          0          0          0         76   dfltui.o
       224          0          0          0          0         96   dmul.o
        44          0          0          0          0         68   f2d.o
       108          0          0          0          0        168   fepilogue.o

    ----------------------------------------------------------------------
      7404        376        452          4          0       4968   Library Totals
         6          0          7          0          0          0   (incl. Padding)

    ----------------------------------------------------------------------

      Code (inc. data)   RO Data    RW Data    ZI Data      Debug   Library Name

      2352        236        288          0          0       1280   m_wm.l
      3614        138        157          4          0       2408   mc_w.l
      1432          2          0          0          0       1280   mf_w.l

    ----------------------------------------------------------------------
      7404        376        452          4          0       4968   Library Totals

    ----------------------------------------------------------------------

==============================================================================


      Code (inc. data)   RO Data    RW Data    ZI Data      Debug   

    367216      31642     328144       7588      24924    1279440   Grand Totals
    367216      31642     328144       2520      24924    1279440   ELF Image Totals (compressed)
    367216      31642     328144       2520          0          0   ROM Totals

==============================================================================

    Total RO  Size (Code + RO Data)               695360 ( 679.06kB)
    Total RW  Size (RW Data + ZI Data)             32512 (  31.75kB)
    Total ROM Size (Code + RO Data + RW Data)     697880 ( 681.52kB)

==============================================================================

