ARM Linker, 4.1 [Build 894] [Standard]

==============================================================================

Section Cross References

    application.o(.text) refers to bsp_button.o(.text) for rt_hw_key_init
    application.o(.text) refers to ui_application.o(.text) for application_init
    application.o(.text) refers to rtc.o(.text) for rt_hw_rtc_init
    application.o(.text) refers to stm32f4xx_pwr.o(.text) for PWR_BackupRegulatorCmd
    application.o(.text) refers to cs99xx.o(.text) for cs99xx_init
    application.o(.text) refers to thread.o(.text) for rt_thread_delay
    application.o(.text) refers to spi_sw.o(.text) for USB_Device_Chg
    application.o(.text) refers to ch376_usb_ui.o(.text) for Wait376Interrupts
    application.o(.text) refers to sui_window.o(.text) for sui_window_create
    application.o(.text) refers to bsp_font.o(.text) for font_draw
    application.o(.text) refers to ipc.o(.text) for rt_mb_recv
    application.o(.text) refers to bsp_ico.o(.text) for ico_color_set
    application.o(.text) refers to bsp_sdio_sd.o(.text) for rt_hw_sdcard_init
    application.o(.text) refers to dfs.o(.text) for dfs_init
    application.o(.text) refers to dfs_elm.o(.text) for elm_init
    application.o(.text) refers to dfs_fs.o(.text) for dfs_mount
    application.o(.text) refers to kservice.o(.text) for rt_kprintf
    application.o(.text) refers to dfs_posix.o(.text) for open
    application.o(.text) refers to ra8875.o(.text) for RA8875_DrawBMP
    application.o(.text) refers to self_test.o(.text) for self_test_item_name
    application.o(.text) refers to ui_result.o(.data) for usb_mem_flag
    application.o(.text) refers to application.o(.data) for usb_host_flag
    application.o(.text) refers to cs99xx.o(.data) for panel_flag
    application.o(.text) refers to application.o(.constdata) for .constdata
    application.o(.text) refers to application.o(.bss) for modbus_mb
    application.o(.text) refers to cs9931_config.o(.data) for CS9931_Config
    application.o(.text) refers to ra8875.o(.bss) for bmp_buf
    startup.o(.text) refers to kservice.o(.text) for rt_kprintf
    startup.o(.text) refers to board.o(.text) for rt_hw_board_init
    startup.o(.text) refers to clock.o(.text) for rt_system_tick_init
    startup.o(.text) refers to object.o(.text) for rt_system_object_init
    startup.o(.text) refers to timer.o(.text) for rt_system_timer_init
    startup.o(.text) refers to mem.o(.text) for rt_system_heap_init
    startup.o(.text) refers to scheduler.o(.text) for rt_system_scheduler_init
    startup.o(.text) refers to application.o(.text) for rt_application_init
    startup.o(.text) refers to idle.o(.text) for rt_thread_idle_init
    startup.o(.text) refers to context_rvds.o(.text) for rt_hw_interrupt_disable
    cs99xx.o(.text) refers to memorymanagement.o(.text) for memorymanagement_init
    cs99xx.o(.text) refers to test_sched.o(.text) for Test_Sched_Environment_Init
    cs99xx.o(.text) refers to spi_sw.o(.text) for USB_Device_Chg
    cs99xx.o(.text) refers to ch376_usb_ui.o(.text) for USB_DEVICE_INIT
    cs99xx.o(.text) refers to usart1.o(.text) for usart2_init
    cs99xx.o(.text) refers to scpiinstruction.o(.text) for APP_RootParserContainerInfoGet
    cs99xx.o(.text) refers to scpi_parser.o(.text) for API_PEMInit
    cs99xx.o(.text) refers to communication.o(.text) for APP_CommProtocolLogicInit
    cs99xx.o(.text) refers to idle.o(.text) for rt_thread_idle_sethook
    cs99xx.o(.text) refers to stm32f4xx_rcc.o(.text) for RCC_AHB1PeriphClockCmd
    cs99xx.o(.text) refers to stm32f4xx_gpio.o(.text) for GPIO_PinAFConfig
    cs99xx.o(.text) refers to stm32f4xx_syscfg.o(.text) for SYSCFG_EXTILineConfig
    cs99xx.o(.text) refers to cs99xx.o(.bss) for system_parameter_t
    cs99xx.o(.text) refers to stm32f4xx_fsmc.o(.text) for FSMC_NORSRAMInit
    cs99xx.o(.text) refers to misc.o(.text) for NVIC_Init
    cs99xx.o(.text) refers to stm32f4xx_exti.o(.text) for EXTI_ClearITPendingBit
    cs99xx.o(.data) refers to cs99xx.o(.conststring) for .conststring
    board.o(.text) refers to irq.o(.text) for rt_interrupt_enter
    board.o(.text) refers to clock.o(.text) for rt_tick_increase
    board.o(.text) refers to systick.o(.text) for SysTick_Dispose
    board.o(.text) refers to test_sched.o(.text) for gfi_cycle_clear_count
    board.o(.text) refers to multiplexer.o(.text) for Multiplexer_Control_Init
    board.o(.text) refers to relay.o(.text) for Relay_Control_Init
    board.o(.text) refers to spi_cpld.o(.text) for spi_cpld_init
    board.o(.text) refers to lc.o(.text) for LC_Init
    board.o(.text) refers to output_control.o(.text) for AC_Output_Disable
    board.o(.text) refers to gr.o(.text) for GR_Output_Disable
    board.o(.text) refers to usart.o(.text) for rt_hw_usart_init
    board.o(.text) refers to kservice.o(.text) for rt_console_set_device
    board.o(.text) refers to cs99xx.o(.text) for CS99xx_GPIO_Config
    board.o(.text) refers to usart1.o(.text) for Usart1_init
[...]
    Get_ZWD414B                              0x08073ca5   Thumb Code   272  zwd414b.o(.text)
    CharToFloat                              0x08073dbd   Thumb Code    32  zwd414b_tools.o(.text)
    FloatTochar                              0x08073ddd   Thumb Code    28  zwd414b_tools.o(.text)
    CharToUint16                             0x08073df9   Thumb Code    12  zwd414b_tools.o(.text)
    Uint16ToChar                             0x08073e05   Thumb Code     8  zwd414b_tools.o(.text)
    Sort                                     0x08073e17   Thumb Code    74  zwd414b_tools.o(.text)
    __aeabi_uldivmod                         0x08073e61   Thumb Code    98  uldiv.o(.text)
    __aeabi_llsl                             0x08073ec3   Thumb Code    30  llshl.o(.text)
    _ll_shift_l                              0x08073ec3   Thumb Code     0  llshl.o(.text)
    mktime                                   0x08073ee1   Thumb Code   142  mktime.o(.text)
    __aeabi_memcpy                           0x08073f81   Thumb Code    36  memcpya.o(.text)
    __aeabi_memcpy4                          0x08073f81   Thumb Code     0  memcpya.o(.text)
    __aeabi_memcpy8                          0x08073f81   Thumb Code     0  memcpya.o(.text)
    __aeabi_memset                           0x08073fa5   Thumb Code    14  memseta.o(.text)
    __aeabi_memset4                          0x08073fa5   Thumb Code     0  memseta.o(.text)
    __aeabi_memset8                          0x08073fa5   Thumb Code     0  memseta.o(.text)
    __aeabi_memclr                           0x08073fb3   Thumb Code     4  memseta.o(.text)
    __aeabi_memclr4                          0x08073fb3   Thumb Code     0  memseta.o(.text)
    __aeabi_memclr8                          0x08073fb3   Thumb Code     0  memseta.o(.text)
    _memset$wrapper                          0x08073fb7   Thumb Code    20  memseta.o(.text)
    strcat                                   0x08073fcb   Thumb Code    28  strcat.o(.text)
    strncpy                                  0x08073fe7   Thumb Code    24  strncpy.o(.text)
    strlen                                   0x08073fff   Thumb Code    16  strlen.o(.text)
    strcmp                                   0x0807400f   Thumb Code    28  strcmp.o(.text)
    memcmp                                   0x0807402b   Thumb Code    26  memcmp.o(.text)
    strcpy                                   0x08074045   Thumb Code    18  strcpy.o(.text)
    strncmp                                  0x08074057   Thumb Code    30  strncmp.o(.text)
    strrchr                                  0x08074075   Thumb Code    32  strrchr.o(.text)
    atoi                                     0x08074095   Thumb Code    26  atoi.o(.text)
    __aeabi_dmul                             0x080740af   Thumb Code   224  dmul.o(.text)
    __aeabi_ddiv                             0x0807418f   Thumb Code   222  ddiv.o(.text)
    __aeabi_ui2d                             0x0807426d   Thumb Code    26  dfltui.o(.text)
    __aeabi_d2iz                             0x08074287   Thumb Code    62  dfixi.o(.text)
    __aeabi_d2uiz                            0x080742c5   Thumb Code    46  dfixui.o(.text)
    __aeabi_f2d                              0x080742f3   Thumb Code    44  f2d.o(.text)
    __aeabi_cdrcmple                         0x08074321   Thumb Code    38  cdrcmple.o(.text)
    __aeabi_d2f                              0x08074349   Thumb Code    56  d2f.o(.text)
    __aeabi_uidiv                            0x08074381   Thumb Code     0  uidiv.o(.text)
    __aeabi_uidivmod                         0x08074381   Thumb Code    44  uidiv.o(.text)
    __aeabi_llsr                             0x080743ad   Thumb Code    32  llushr.o(.text)
    _ll_ushift_r                             0x080743ad   Thumb Code     0  llushr.o(.text)
    _localtime                               0x080743cd   Thumb Code   122  localtime_i.o(.text)
    strtol                                   0x0807444d   Thumb Code   112  strtol.o(.text)
    __I$use$fp                               0x080744bd   Thumb Code     0  iusefp.o(.text)
    _float_round                             0x080744bd   Thumb Code    18  fepilogue.o(.text)
    _float_epilogue                          0x080744cf   Thumb Code    90  fepilogue.o(.text)
    _double_round                            0x08074529   Thumb Code    26  depilogue.o(.text)
    _double_epilogue                         0x08074543   Thumb Code   164  depilogue.o(.text)
    __aeabi_dadd                             0x080745e7   Thumb Code   320  dadd.o(.text)
    __aeabi_dsub                             0x08074727   Thumb Code     6  dadd.o(.text)
    __aeabi_drsub                            0x0807472d   Thumb Code     6  dadd.o(.text)
    __aeabi_d2ulz                            0x08074733   Thumb Code    48  dfixul.o(.text)
    __scatterload                            0x08074765   Thumb Code    28  init.o(.text)
    __scatterload_rt2                        0x08074765   Thumb Code     0  init.o(.text)
    __aeabi_lasr                             0x08074789   Thumb Code    36  llsshr.o(.text)
    _ll_sshift_r                             0x08074789   Thumb Code     0  llsshr.o(.text)
    __rt_ctype_table                         0x080747ad   Thumb Code     4  ctype_o.o(.text)
    _strtoul                                 0x080747b5   Thumb Code   158  _strtoul.o(.text)
    __aeabi_i2d                              0x08074853   Thumb Code    34  dflti.o(.text)
    _chval                                   0x08074875   Thumb Code    28  _chval.o(.text)
    __decompress                             0x08074891   Thumb Code     0  __dczerorl2.o(.text)
    __decompress1                            0x08074891   Thumb Code    92  __dczerorl2.o(.text)
    __0sprintf                               0x080748ed   Thumb Code    34  printfa.o(i.__0sprintf)
    __1sprintf                               0x080748ed   Thumb Code     0  printfa.o(i.__0sprintf)
    __2sprintf                               0x080748ed   Thumb Code     0  printfa.o(i.__0sprintf)
    __c89sprintf                             0x080748ed   Thumb Code     0  printfa.o(i.__0sprintf)
    sprintf                                  0x080748ed   Thumb Code     0  printfa.o(i.__0sprintf)
    __ARM_fpclassify                         0x08074915   Thumb Code    48  fpclassify.o(i.__ARM_fpclassify)
    __aeabi_errno_addr                       0x08074945   Thumb Code     4  errno.o(i.__aeabi_errno_addr)
    __rt_errno_addr                          0x08074945   Thumb Code     0  errno.o(i.__aeabi_errno_addr)
    __hardfp_cos                             0x08074951   Thumb Code   200  cos.o(i.__hardfp_cos)
    __ieee754_rem_pio2                       0x08074a29   Thumb Code   962  rred.o(i.__ieee754_rem_pio2)
    __kernel_cos                             0x08074e79   Thumb Code   322  cos_i.o(i.__kernel_cos)
    __kernel_poly                            0x08074fe9   Thumb Code   248  poly.o(i.__kernel_poly)
    __kernel_sin                             0x080750e1   Thumb Code   280  sin_i.o(i.__kernel_sin)
    __mathlib_dbl_underflow                  0x08075211   Thumb Code    24  dunder.o(i.__mathlib_dbl_underflow)
    __scatterload_copy                       0x08075231   Thumb Code    14  handlers.o(i.__scatterload_copy)
    __scatterload_null                       0x0807523f   Thumb Code     2  handlers.o(i.__scatterload_null)
    __scatterload_zeroinit                   0x08075241   Thumb Code    14  handlers.o(i.__scatterload_zeroinit)
    __set_errno                              0x08075251   Thumb Code     6  errno.o(i.__set_errno)
    fabs                                     0x08075b19   Thumb Code    32  fabs.o(i.fabs)
    gImage_logo                              0x08075b38   Data         804  application.o(.constdata)
    gImage_name                              0x08075e5c   Data         671  application.o(.constdata)
    gImage_http                              0x080760fb   Data         642  application.o(.constdata)
    gImage_model                             0x0807637d   Data         907  application.o(.constdata)
    ico1_data                                0x080767c0   Data          31  bsp_ico.o(.constdata)
    __lowest_bit_bitmap                      0x08076a74   Data         256  kservice.o(.constdata)
    __fsym_list_mem_name                     0x08076b98   Data           9  mem.o(.constdata)
    __fsym_list_mem_desc                     0x08076ba1   Data          30  mem.o(.constdata)
    __fsym_hello_name                        0x08076ec0   Data           6  cmd.o(.constdata)
    __fsym_hello_desc                        0x08076ec6   Data          16  cmd.o(.constdata)
    __fsym_version_name                      0x08076ed6   Data           8  cmd.o(.constdata)
    __fsym_version_desc                      0x08076ede   Data          35  cmd.o(.constdata)
    __fsym_list_thread_name                  0x08076f01   Data          12  cmd.o(.constdata)
    __fsym_list_thread_desc                  0x08076f0d   Data          12  cmd.o(.constdata)
    __fsym_list_sem_name                     0x08076f19   Data           9  cmd.o(.constdata)
    __fsym_list_sem_desc                     0x08076f22   Data          25  cmd.o(.constdata)
    __fsym_list_event_name                   0x08076f3b   Data          11  cmd.o(.constdata)
    __fsym_list_event_desc                   0x08076f46   Data          21  cmd.o(.constdata)
    __fsym_list_mutex_name                   0x08076f5b   Data          11  cmd.o(.constdata)
    __fsym_list_mutex_desc                   0x08076f66   Data          21  cmd.o(.constdata)
    __fsym_list_mailbox_name                 0x08076f7b   Data          13  cmd.o(.constdata)
    __fsym_list_mailbox_desc                 0x08076f88   Data          24  cmd.o(.constdata)
    __fsym_list_msgqueue_name                0x08076fa0   Data          14  cmd.o(.constdata)
    __fsym_list_msgqueue_desc                0x08076fae   Data          29  cmd.o(.constdata)
    __fsym_list_mempool_name                 0x08076fcb   Data          13  cmd.o(.constdata)
    __fsym_list_mempool_desc                 0x08076fd8   Data          27  cmd.o(.constdata)
    __fsym_list_timer_name                   0x08076ff3   Data          11  cmd.o(.constdata)
    __fsym_list_timer_desc                   0x08076ffe   Data          21  cmd.o(.constdata)
    __fsym_list_device_name                  0x08077013   Data          12  cmd.o(.constdata)
    __fsym_list_device_desc                  0x0807701f   Data          22  cmd.o(.constdata)
    __fsym_list_name                         0x08077035   Data           5  cmd.o(.constdata)
    __fsym_list_desc                         0x0807703a   Data          26  cmd.o(.constdata)
    __vsym_dummy_name                        0x08077054   Data           6  cmd.o(.constdata)
    __vsym_dummy_desc                        0x0807705a   Data          25  cmd.o(.constdata)
    __fsym_ls_name                           0x08077176   Data           3  dfs_file.o(.constdata)
    __fsym_ls_desc                           0x08077179   Data          24  dfs_file.o(.constdata)
    __fsym_rm_name                           0x08077191   Data           3  dfs_file.o(.constdata)
    __fsym_rm_desc                           0x08077194   Data          28  dfs_file.o(.constdata)
    __fsym_cat_name                          0x080771b0   Data           4  dfs_file.o(.constdata)
    __fsym_cat_desc                          0x080771b4   Data          11  dfs_file.o(.constdata)
    __fsym_copy_name                         0x080771bf   Data           5  dfs_file.o(.constdata)
    __fsym_copy_desc                         0x080771c4   Data          17  dfs_file.o(.constdata)
    __fsym_mkfs_name                         0x080771d5   Data           5  dfs_fs.o(.constdata)
    __fsym_mkfs_desc                         0x080771da   Data          19  dfs_fs.o(.constdata)
    __fsym_df_name                           0x080771ed   Data           3  dfs_fs.o(.constdata)
    __fsym_df_desc                           0x080771f0   Data          14  dfs_fs.o(.constdata)
    __fsym_mkdir_name                        0x0807721b   Data           6  dfs_posix.o(.constdata)
    __fsym_mkdir_desc                        0x08077221   Data          19  dfs_posix.o(.constdata)
    __fsym_application_name                  0x08077360   Data          12  ui_application.o(.constdata)
    __fsym_application_desc                  0x0807736c   Data          15  ui_application.o(.constdata)
    gImage_sw                                0x08077e08   Data        4154  ui_home.o(.constdata)
    gImage_sw22_up                           0x08078e42   Data         157  ui_home.o(.constdata)
    gImage_sw22_down                         0x08078edf   Data         157  ui_home.o(.constdata)
    gImage_sh_a                              0x08078f7c   Data          21  ui_home.o(.constdata)
    gImage_sh_b                              0x08078f91   Data          38  ui_home.o(.constdata)
    gImage_sl_a                              0x08078fb7   Data          20  ui_home.o(.constdata)
    gImage_sl_b                              0x08078fcb   Data          36  ui_home.o(.constdata)
    gImage_sw_on                             0x08078fef   Data          16  ui_home.o(.constdata)
    gImage_sw_off                            0x08078fff   Data          16  ui_home.o(.constdata)
    gImage_Es                                0x0807900f   Data        2884  ui_home.o(.constdata)
    gImage_Fs                                0x08079b53   Data        2884  ui_home.o(.constdata)
    gImage_Gs                                0x0807a697   Data        2884  ui_home.o(.constdata)
    mode_list                                0x0807b32c   Data          64  ui_step.o(.constdata)
    asc16_font                               0x0807bad4   Data        2048  asc16font.o(.constdata)
    hz16_font                                0x0807c2d4   Data       261696  hz16font.o(.constdata)
    hz16                                     0x080bc114   Data          20  hz16font.o(.constdata)
    asc20_font                               0x080bc128   Data        3280  asc20font.o(.constdata)
    hz20_font                                0x080bcdf8   Data        2340  hz20font.o(.constdata)
    hz20                                     0x080bd71c   Data          20  hz20font.o(.constdata)
    asc24_font                               0x080bd730   Data        6144  asc24font.o(.constdata)
    hz24_font                                0x080bef30   Data        4104  hz24font.o(.constdata)
    hz24                                     0x080bff38   Data          20  hz24font.o(.constdata)
    asc32_font                               0x080bff4c   Data        2304  asc32font.o(.constdata)
    hz32_font                                0x080c084c   Data        4480  hz32font.o(.constdata)
    hz32                                     0x080c19cc   Data          20  hz32font.o(.constdata)
    t_ParserContainer_Root_CS9931            0x080c1d80   Data          56  cs9931cinstructiontable.o(.constdata)
    t_InstructionStruct_Result               0x080c1dc0   Data          12  cs9931cinstructiontable.o(.constdata)
    t_InstructionStruct_System               0x080c1dd4   Data          12  cs9931cinstructiontable.o(.constdata)
    st_ParamStruct_StepInsertMode            0x080c1f54   Data           8  cs9931cinstructiontable.o(.constdata)
    t_ParamTotalContainer_StepInsertMode     0x080c1f5c   Data           8  cs9931cinstructiontable.o(.constdata)
    API_PEM_pParserExeModulerErrCodeArray    0x080c1fec   Data          52  scpi_parser.o(.constdata)
    t_InstructionStruct_RST                  0x080c20a0   Data          16  scpiinstruction.o(.constdata)
    t_InstructionStruct_IDN                  0x080c20b0   Data          16  scpiinstruction.o(.constdata)
    t_InstructionStruct_SourceListFIndex     0x080c20c0   Data          16  scpiinstruction.o(.constdata)
    t_InstructionStruct_SrcListMode          0x080c20d0   Data          16  scpiinstruction.o(.constdata)
    t_InstructionStruct_Source               0x080c2124   Data          12  scpiinstruction.o(.constdata)
    t_ParserContainer_SrcTest                0x080c221c   Data          40  scpiinstruction.o(.constdata)
    t_ParserContainer_SrcLoad                0x080c2264   Data          16  scpiinstruction.o(.constdata)
    t_InstructionStruct_SrcListSindex        0x080c2274   Data          16  scpiinstruction.o(.constdata)
    t_InstructionStruct_SrcListSmessage      0x080c2284   Data          16  scpiinstruction.o(.constdata)
    t_InstructionStruct_SrcTest              0x080c2294   Data          12  scpiinstruction.o(.constdata)
    t_InstructionStruct_SrcLoad              0x080c22a0   Data          12  scpiinstruction.o(.constdata)
    t_CharacterParamUnit_StepLcPHASe         0x080c2530   Data          32  scpiinstruction.o(.constdata)
    st_ParamContainer_StepLcPHASe            0x080c2558   Data           8  scpiinstruction.o(.constdata)
    st_TotalContainer_StepLcPHASe            0x080c2654   Data           8  scpiinstruction.o(.constdata)
    t_InstructionStruct_StepDcwVolt          0x080c265c   Data          16  scpiinstruction.o(.constdata)
    t_InstructionStruct_StepDcwRange         0x080c266c   Data          16  scpiinstruction.o(.constdata)
    t_InstructionStruct_StepDcwCurLow        0x080c267c   Data          16  scpiinstruction.o(.constdata)
    t_InstructionStruct_StepDcwCurHigh       0x080c268c   Data          16  scpiinstruction.o(.constdata)
    t_InstructionStruct_StepDcwTtime         0x080c269c   Data          16  scpiinstruction.o(.constdata)
    t_InstructionStruct_StepDcwRtime         0x080c26ac   Data          16  scpiinstruction.o(.constdata)
    t_InstructionStruct_StepDcwItime         0x080c26bc   Data          16  scpiinstruction.o(.constdata)
    t_InstructionStruct_StepDcwFtime         0x080c26cc   Data          16  scpiinstruction.o(.constdata)
    t_InstructionStruct_StepDcwArc           0x080c26dc   Data          16  scpiinstruction.o(.constdata)
    t_InstructionStruct_StepAcwVolt          0x080c26ec   Data          16  scpiinstruction.o(.constdata)
    t_InstructionStruct_StepAcwRange         0x080c26fc   Data          16  scpiinstruction.o(.constdata)
    t_InstructionStruct_StepAcwCurLow        0x080c270c   Data          16  scpiinstruction.o(.constdata)
    t_InstructionStruct_StepAcwCurHigh       0x080c271c   Data          16  scpiinstruction.o(.constdata)
    t_InstructionStruct_StepAcwTtime         0x080c272c   Data          16  scpiinstruction.o(.constdata)
    t_InstructionStruct_StepAcwRtime         0x080c273c   Data          16  scpiinstruction.o(.constdata)
    t_InstructionStruct_StepAcwItime         0x080c274c   Data          16  scpiinstruction.o(.constdata)
    t_InstructionStruct_StepAcwFtime         0x080c275c   Data          16  scpiinstruction.o(.constdata)
    t_InstructionStruct_StepAcwArc           0x080c276c   Data          16  scpiinstruction.o(.constdata)
    t_InstructionStruct_StepAcwFREQuency     0x080c277c   Data          16  scpiinstruction.o(.constdata)
    t_InstructionStruct_StepGrCurr           0x080c278c   Data          16  scpiinstruction.o(.constdata)
    t_InstructionStruct_StepGrLow            0x080c279c   Data          16  scpiinstruction.o(.constdata)
    t_InstructionStruct_StepGrHigh           0x080c27ac   Data          16  scpiinstruction.o(.constdata)
    t_InstructionStruct_StepGrTtime          0x080c27bc   Data          16  scpiinstruction.o(.constdata)
    t_InstructionStruct_StepGrItime          0x080c27cc   Data          16  scpiinstruction.o(.constdata)
    t_InstructionStruct_StepGrFREQuency      0x080c27dc   Data          16  scpiinstruction.o(.constdata)
    t_InstructionStruct_StepIrVolt           0x080c27ec   Data          16  scpiinstruction.o(.constdata)
    t_InstructionStruct_StepIrVolt_2676N     0x080c27fc   Data          16  scpiinstruction.o(.constdata)
    t_InstructionStruct_StepIrArange         0x080c280c   Data          16  scpiinstruction.o(.constdata)
    t_InstructionStruct_StepIrHigh           0x080c281c   Data          16  scpiinstruction.o(.constdata)
    t_InstructionStruct_StepIrHighMax        0x080c282c   Data          16  scpiinstruction.o(.constdata)
    t_InstructionStruct_StepIrHighMin        0x080c283c   Data          16  scpiinstruction.o(.constdata)
    t_InstructionStruct_StepIrLowMax         0x080c284c   Data          16  scpiinstruction.o(.constdata)
    t_InstructionStruct_StepIrLowMin         0x080c285c   Data          16  scpiinstruction.o(.constdata)
    t_InstructionStruct_StepIrLow            0x080c286c   Data          16  scpiinstruction.o(.constdata)
    t_InstructionStruct_StepIrTtime          0x080c287c   Data          16  scpiinstruction.o(.constdata)
    t_InstructionStruct_StepIrRtime          0x080c288c   Data          16  scpiinstruction.o(.constdata)
    t_InstructionStruct_StepIrItime          0x080c289c   Data          16  scpiinstruction.o(.constdata)
    t_InstructionStruct_StepIrDtime          0x080c28ac   Data          16  scpiinstruction.o(.constdata)
    t_InstructionStruct_StepIrFtime          0x080c28bc   Data          16  scpiinstruction.o(.constdata)
    t_InstructionStruct_StepIrHrange         0x080c28cc   Data          16  scpiinstruction.o(.constdata)
    t_InstructionStruct_StepIrOmode          0x080c28dc   Data          16  scpiinstruction.o(.constdata)
    t_InstructionStruct_StepLcVolt           0x080c28ec   Data          16  scpiinstruction.o(.constdata)
    t_InstructionStruct_StepLcRange          0x080c28fc   Data          16  scpiinstruction.o(.constdata)
    t_InstructionStruct_StepLcCurLow         0x080c290c   Data          16  scpiinstruction.o(.constdata)
    t_InstructionStruct_StepLcCurHigh        0x080c291c   Data          16  scpiinstruction.o(.constdata)
    t_InstructionStruct_StepLcTtime          0x080c292c   Data          16  scpiinstruction.o(.constdata)
    t_InstructionStruct_StepLcRtime          0x080c293c   Data          16  scpiinstruction.o(.constdata)
    t_InstructionStruct_StepLcItime          0x080c294c   Data          16  scpiinstruction.o(.constdata)
    t_InstructionStruct_StepLcFREQuency      0x080c295c   Data          16  scpiinstruction.o(.constdata)
    t_InstructionStruct_StepLcPHASe          0x080c296c   Data          16  scpiinstruction.o(.constdata)
    t_CharacterParamUnit_StepLcMDNEt         0x080c297c   Data          24  scpiinstruction.o(.constdata)
    st_ParamContainer_StepLcMDNEt            0x080c299c   Data           8  scpiinstruction.o(.constdata)
    st_TotalContainer_StepLcMDNEt            0x080c29a4   Data           8  scpiinstruction.o(.constdata)
    t_InstructionStruct_StepLcMDNEt          0x080c29ac   Data          16  scpiinstruction.o(.constdata)
    t_InstructionStruct_StepLcMDVOl          0x080c29bc   Data          16  scpiinstruction.o(.constdata)
    t_InstructionStruct_StepLcASSVOl         0x080c29cc   Data          16  scpiinstruction.o(.constdata)
    t_InstructionStruct_StepLcMDCOm          0x080c29f4   Data          16  scpiinstruction.o(.constdata)
    t_ParamContainer_SysDateYear             0x080c2a0c   Data           8  scpiinstruction.o(.constdata)
    t_ParamContainer_SysDateMonth            0x080c2a14   Data           8  scpiinstruction.o(.constdata)
    t_ParamContainer_SysDateDay              0x080c2a1c   Data           8  scpiinstruction.o(.constdata)
    t_ParamContainer_SysTimeHour             0x080c2a34   Data           8  scpiinstruction.o(.constdata)
    t_ParamContainer_SysTimeMinute           0x080c2a3c   Data           8  scpiinstruction.o(.constdata)
    t_ParamContainer_SysTimeSecond           0x080c2a44   Data           8  scpiinstruction.o(.constdata)
    t_InstructionStruct_SystemOALArm         0x080c2a68   Data          16  scpiinstruction.o(.constdata)
    t_InstructionStruct_SystemKeyVolume      0x080c2ae8   Data          16  scpiinstruction.o(.constdata)
    t_InstructionStruct_ResuFetch            0x080c2ba0   Data          12  scpiinstruction.o(.constdata)
    __t_ParamContainer_FileRange             0x080c2bb0   Data           8  scpiinstruction.o(.constdata)
    __t_ParamTotalContainer_FileRange        0x080c2bb8   Data           8  scpiinstruction.o(.constdata)
    t_ParamContainer_CommSaddr_1             0x080c2bc4   Data           8  scpiinstruction.o(.constdata)
    t_ParamContainer_CommStr                 0x080c2bcc   Data           8  scpiinstruction.o(.constdata)
    t_ParserContainer_Communication          0x080c2c50   Data          32  scpiinstruction.o(.constdata)
    t_InstructionStruct_Communication        0x080c2c70   Data          12  scpiinstruction.o(.constdata)
    __t_InstructionStruct_File               0x080c2c8c   Data          12  scpiinstruction.o(.constdata)
    __ctype_table                            0x080c300c   Data         129  ctype_o.o(.constdata)
    FSymTab$$Base                            0x080c52fc   Number         0  mem.o(FSymTab)
    __fsym_list_mem                          0x080c52fc   Data          12  mem.o(FSymTab)
    __fsym_hello                             0x080c5308   Data          12  cmd.o(FSymTab)
    __fsym_version                           0x080c5314   Data          12  cmd.o(FSymTab)
    __fsym_list_thread                       0x080c5320   Data          12  cmd.o(FSymTab)
    __fsym_list_sem                          0x080c532c   Data          12  cmd.o(FSymTab)
    __fsym_list_event                        0x080c5338   Data          12  cmd.o(FSymTab)
    __fsym_list_mutex                        0x080c5344   Data          12  cmd.o(FSymTab)
    __fsym_list_mailbox                      0x080c5350   Data          12  cmd.o(FSymTab)
    __fsym_list_msgqueue                     0x080c535c   Data          12  cmd.o(FSymTab)
    __fsym_list_mempool                      0x080c5368   Data          12  cmd.o(FSymTab)
    __fsym_list_timer                        0x080c5374   Data          12  cmd.o(FSymTab)
    __fsym_list_device                       0x080c5380   Data          12  cmd.o(FSymTab)
    __fsym_list                              0x080c538c   Data          12  cmd.o(FSymTab)
    __fsym_ls                                0x080c5398   Data          12  dfs_file.o(FSymTab)
    __fsym_rm                                0x080c53a4   Data          12  dfs_file.o(FSymTab)
    __fsym_cat                               0x080c53b0   Data          12  dfs_file.o(FSymTab)
    __fsym_copy                              0x080c53bc   Data          12  dfs_file.o(FSymTab)
    __fsym_mkfs                              0x080c53c8   Data          12  dfs_fs.o(FSymTab)
    __fsym_df                                0x080c53d4   Data          12  dfs_fs.o(FSymTab)
    __fsym_mkdir                             0x080c53e0   Data          12  dfs_posix.o(FSymTab)
    __fsym_application                       0x080c53ec   Data          12  ui_application.o(FSymTab)
    FSymTab$$Limit                           0x080c53f8   Number         0  ui_application.o(FSymTab)
    Region$$Table$$Base                      0x080c53f8   Number         0  anon$$obj.o(Region$$Table)
    Region$$Table$$Limit                     0x080c5418   Number         0  anon$$obj.o(Region$$Table)
    VSymTab$$Base                            0x080c5418   Number         0  cmd.o(VSymTab)
    __vsym_dummy                             0x080c5418   Data          16  cmd.o(VSymTab)
    VSymTab$$Limit                           0x080c5428   Number         0  cmd.o(VSymTab)
    usb_host_flag                            0x20000000   Data           1  application.o(.data)
    selfcheck                                0x20000001   Data           1  application.o(.data)
    panel_flag                               0x2000000c   Data           1  cs99xx.o(.data)
    startup_flag                             0x2000000d   Data           1  cs99xx.o(.data)
    current_step_num                         0x2000000e   Data           1  cs99xx.o(.data)
    version_name                             0x2000000f   Data          80  cs99xx.o(.data)
    mode_name                                0x20000060   Data          52  cs99xx.o(.data)
    curgear_name                             0x20000094   Data          24  cs99xx.o(.data)
    curgear_name_LC                          0x200000ac   Data          24  cs99xx.o(.data)
    curgear_name_DCW                         0x200000c4   Data          24  cs99xx.o(.data)
    boolean_name                             0x200000dc   Data          16  cs99xx.o(.data)
    single_boolean_name                      0x200000ec   Data          16  cs99xx.o(.data)
    sw_status_name                           0x200000fc   Data          16  cs99xx.o(.data)
    sw_status_name_static                    0x2000010c   Data          16  cs99xx.o(.data)
    lc_phase_name                            0x2000011c   Data          16  cs99xx.o(.data)
    lc_detection_name                        0x2000012c   Data          16  cs99xx.o(.data)
    lc_MDnetwork_name                        0x2000013c   Data          32  cs99xx.o(.data)
    workmode_name                            0x2000015c   Data           8  cs99xx.o(.data)
    error_name                               0x20000164   Data          80  cs99xx.o(.data)
    test_flag                                0x200001b4   Data           8  cs99xx.o(.data)
    current_file_num                         0x200001bc   Data           1  cs99xx.o(.data)
    CS9931_Config                            0x200001bd   Data          88  cs9931_config.o(.data)
    KEY_BUFFER                               0x2000021c   Data           2  bsp_button.o(.data)
    LED_SINGLE                               0x20000220   Data           4  bsp_button.o(.data)
    keyf_down_flag                           0x20000224   Data           1  bsp_button.o(.data)
    keyf_name                                0x20000228   Data         800  bsp_button.o(.data)
    buzzer_timer                             0x20000548   Data           1  bsp_button.o(.data)
    keym_disable                             0x20000550   Data           1  bsp_button.o(.data)
    StopCondition                            0x20000560   Data           4  bsp_sdio_sd.o(.data)
    TransferError                            0x20000564   Data           1  bsp_sdio_sd.o(.data)
    TransferEnd                              0x20000568   Data           4  bsp_sdio_sd.o(.data)
    DMAEndOfTransfer                         0x2000056c   Data           4  bsp_sdio_sd.o(.data)
    chipselect                               0x20000570   Data           1  spi_flash.o(.data)
    g_cur_step                               0x20000578   Data           4  memory.o(.data)
    num_keys                                 0x2000057c   Data          40  bsp_text.o(.data)
    listbox_font                             0x200005a4   Data          12  bsp_listbox.o(.data)
    mem_item                                 0x200005b0   Data           2  bsp_listbox.o(.data)
    ICO_ALPHA                                0x200005b2   Data           1  bsp_ico.o(.data)
    ICO_COLOR                                0x200005b4   Data           2  bsp_ico.o(.data)
    ICO_BCOLOR                               0x200005b6   Data           2  bsp_ico.o(.data)
    ReceiveDataNum                           0x200005b8   Data           1  usart1.o(.data)
    SetupGetHidDes                           0x200005b9   Data           8  ch376_usb_ui.o(.data)
    SetupSetReport                           0x200005c1   Data           8  ch376_usb_ui.o(.data)
    receive_mode                             0x200005c9   Data           1  ch376_usb_ui.o(.data)
    send_mode                                0x200005ca   Data           1  ch376_usb_ui.o(.data)
    Endpoint_tog                             0x200005cb   Data           2  ch376_usb_ui.o(.data)
    NumLock                                  0x200005cd   Data           1  ch376_usb_ui.o(.data)
    scan_buf_w                               0x200005ce   Data           1  ch376_usb_ui.o(.data)
    scan_buf_r                               0x200005cf   Data           1  ch376_usb_ui.o(.data)
    Endpoint_desc                            0x200005d0   Data           7  ch376_usb_ui.o(.data)
    Endpoint_desc2                           0x200005d7   Data           7  ch376_usb_ui.o(.data)
    SystemCoreClock                          0x200005fc   Data           4  system_stm32f4xx.o(.data)
    AHBPrescTable                            0x20000600   Data          16  system_stm32f4xx.o(.data)
    rt_interrupt_nest                        0x20000628   Data           1  irq.o(.data)
    rt_object_container                      0x20000654   Data         144  object.o(.data)
    rt_object_trytake_hook                   0x200006ec   Data           4  object.o(.data)
    rt_object_take_hook                      0x200006f0   Data           4  object.o(.data)
    rt_object_put_hook                       0x200006f4   Data           4  object.o(.data)
    rt_current_thread                        0x200006fc   Data           4  scheduler.o(.data)
    rt_current_priority                      0x20000700   Data           1  scheduler.o(.data)
    rt_thread_ready_priority_group           0x20000704   Data           4  scheduler.o(.data)
    rt_thread_defunct                        0x20000708   Data           8  scheduler.o(.data)
    rt_interrupt_from_thread                 0x20000728   Data           4  cpuport.o(.data)
    rt_interrupt_to_thread                   0x2000072c   Data           4  cpuport.o(.data)
    rt_thread_switch_interrupt_flag          0x20000730   Data           4  cpuport.o(.data)
    global_sysvar_list                       0x20000738   Data           4  finsh_var.o(.data)
    global_syscall_list                      0x2000073c   Data           4  finsh_vm.o(.data)
    finsh_sp                                 0x20000740   Data           4  finsh_vm.o(.data)
    finsh_pc                                 0x20000744   Data           4  finsh_vm.o(.data)
    _syscall_table_begin                     0x20000748   Data           4  symbol.o(.data)
    _syscall_table_end                       0x2000074c   Data           4  symbol.o(.data)
    _sysvar_table_begin                      0x20000750   Data           4  symbol.o(.data)
    _sysvar_table_end                        0x20000754   Data           4  symbol.o(.data)
    panel_title                              0x2000076c   Data          12  ui_application.o(.data)
    panel_menu                               0x20000778   Data          12  ui_application.o(.data)
    panel_key                                0x20000784   Data          12  ui_application.o(.data)
    panel_home                               0x20000790   Data          12  ui_application.o(.data)
    panel_homeback                           0x2000079c   Data          12  ui_application.o(.data)
    panel_status                             0x200007a8   Data          12  ui_application.o(.data)
    com_tid                                  0x200007b8   Data           4  ui_application.o(.data)
    bar_code_flag                            0x200007bc   Data           1  ui_home.o(.data)
    test                                     0x200007be   Data          10  ui_home.o(.data)
    name_list                                0x200007c8   Data          24  ui_home.o(.data)
    SW_ST                                    0x200007e0   Data           8  ui_home.o(.data)
    file_title_name                          0x20000b0c   Data          60  ui_file.o(.data)
    list_box                                 0x20000b50   Data          20  ui_file.o(.data)
    file_new_name                            0x20000b64   Data          48  ui_file.o(.data)
    step_title_name                          0x20000b94   Data          60  ui_step.o(.data)
    step_list_box                            0x20000bd8   Data          20  ui_step.o(.data)
    step_acw_name                            0x20000bec   Data         144  ui_step.o(.data)
    step_dcw_name                            0x20000c7c   Data         136  ui_step.o(.data)
    step_ir_name                             0x20000d04   Data          96  ui_step.o(.data)
    step_gr_name                             0x20000d64   Data          96  ui_step.o(.data)
    step_lc_name                             0x20000dc4   Data         128  ui_step.o(.data)
    step_pw_name                             0x20000e44   Data         128  ui_step.o(.data)
    step_acw_gr_name                         0x20000ec4   Data         144  ui_step.o(.data)
    step_dcw_gr_name                         0x20000f54   Data         136  ui_step.o(.data)
    IR_Gear_Name                             0x20000fdc   Data          24  ui_step.o(.data)
    step_set_help_name                       0x20000ff4   Data        2080  ui_step.o(.data)
    CW_GR_name                               0x20001814   Data         104  ui_step.o(.data)
    system_title_name                        0x2000187c   Data          12  ui_system.o(.data)
    system_list_box                          0x20001888   Data          20  ui_system.o(.data)
    usb_mem_flag                             0x20001b2c   Data           1  ui_result.o(.data)
    result_title_name                        0x20001b30   Data          60  ui_result.o(.data)
    result_list_box                          0x20001b74   Data          20  ui_result.o(.data)
    help_title                               0x20001b90   Data           8  ui_help.o(.data)
    help_list                                0x20001b98   Data          64  ui_help.o(.data)
    autocal_title                            0x20001be4   Data           4  ui_autocal.o(.data)
    asc16                                    0x20001bf4   Data          20  asc16font.o(.data)
    asc20                                    0x20001c08   Data          20  asc20font.o(.data)
    asc24                                    0x20001c1c   Data          20  asc24font.o(.data)
    asc32                                    0x20001c30   Data          20  asc32font.o(.data)
    t_InstrumentAttrConfig                   0x20001cb8   Data          12  communication.o(.data)
    mem_str_realcur                          0x20001cc4   Data          20  communication.o(.data)
    Usart2_Tx_Pra                            0x20001cdc   Data           8  communication.o(.data)
    Usart2_Rx_Flag                           0x20001ce4   Data           8  communication.o(.data)
    t_EnvParam                               0x20001cf0   Data           2  communication.o(.data)
    usart2_send_st                           0x20001cf2   Data           1  communication.o(.data)
    t_ParamContainer_SysDate                 0x20001d20   Data          12  scpiinstruction.o(.data)
    t_ParamContainer_SysTime                 0x20001d2c   Data          12  scpiinstruction.o(.data)
    t_Stringhehe                             0x20001d38   Data           4  scpiinstruction.o(.data)
    t_ParamContainer_CommSaddr               0x20001d3c   Data          12  scpiinstruction.o(.data)
    this_target_address                      0x20001d4a   Data           1  zwd414b.o(.data)
    receive_timeout_counter                  0x20001d4b   Data           1  zwd414b.o(.data)
    thread_led                               0x20001e50   Data         128  application.o(.bss)
    startup_mb                               0x20001ed0   Data          48  application.o(.bss)
    modbus_mb                                0x20001f00   Data          48  application.o(.bss)
    system_parameter_t                       0x20001f30   Data          80  cs99xx.o(.bss)
    file_info                                0x20001f80   Data        2040  cs99xx.o(.bss)
    key_mb                                   0x200027a0   Data          48  bsp_button.o(.bss)
    bmp_buf                                  0x20002810   Data        1600  ra8875.o(.bss)
    SDCardInfo                               0x20002e80   Data          88  bsp_sdio_sd.o(.bss)
    SDIO_InitStructure                       0x20002ed8   Data          24  bsp_sdio_sd.o(.bss)
    SDIO_CmdInitStructure                    0x20002ef0   Data          20  bsp_sdio_sd.o(.bss)
    SDIO_DataInitStructure                   0x20002f04   Data          24  bsp_sdio_sd.o(.bss)
    g_tSF                                    0x2000318c   Data          28  spi_flash.o(.bss)
    step_pool                                0x200041a8   Data        2560  memory.o(.bss)
    cs99xx_list                              0x20004ba8   Data          12  memory.o(.bss)
    flash_info                               0x20004c28   Data          20  memorymanagement.o(.bss)
    result_headinfo                          0x20004c3c   Data          28  memorymanagement.o(.bss)
    Usart1Receive_Data                       0x20004c98   Data         100  usart1.o(.bss)
    Device_desc                              0x20004cfc   Data          18  ch376_usb_ui.o(.bss)
    Config_desc                              0x20004d0e   Data           9  ch376_usb_ui.o(.bss)
    Interface_desc                           0x20004d17   Data           9  ch376_usb_ui.o(.bss)
    Class_desc                               0x20004d20   Data           9  ch376_usb_ui.o(.bss)
    data_buf                                 0x20004d29   Data         180  ch376_usb_ui.o(.bss)
    Interface_desc2                          0x20004ddd   Data           9  ch376_usb_ui.o(.bss)
    Class_desc2                              0x20004de6   Data           9  ch376_usb_ui.o(.bss)
    scan_buf                                 0x20004def   Data          64  ch376_usb_ui.o(.bss)
    rt_thread_priority_table                 0x20005350   Data         256  scheduler.o(.bss)
    filesystem_operation_table               0x20005450   Data          16  dfs.o(.bss)
    filesystem_table                         0x20005460   Data          32  dfs.o(.bss)
    fd_table                                 0x200054a4   Data         128  dfs.o(.bss)
    screen_mb                                0x20005648   Data          48  ui_application.o(.bss)
    bar_code                                 0x200056f8   Data          40  ui_home.o(.bss)
    __panel                                  0x200057c0   Data          12  sui_window.o(.bss)
    DAC_DATA                                 0x200057e0   Data          16  ad_da.o(.bss)
    ADC_VALUE                                0x200057f0   Data          80  ad_da.o(.bss)
    Wrong_info                               0x2000584a   Data          40  self_test.o(.bss)
    Test_Sched_Param                         0x20005a14   Data          16  test_sched.o(.bss)
    test_sever_mb                            0x20005a24   Data          48  test_sched.o(.bss)
    test_sever_clock_mb                      0x20005a54   Data          48  test_sched.o(.bss)
    thread_Test_Sched_Sever                  0x20005a84   Data         128  test_sched.o(.bss)
    Global_Cal_Facter                        0x20006b04   Data        2048  cal.o(.bss)
    mem_str_vol                              0x200074c8   Data          20  communication.o(.bss)
    mem_str_cur                              0x200074dc   Data          20  communication.o(.bss)
    mem_str_res                              0x200074f0   Data          20  communication.o(.bss)
    mem_str_time                             0x20007504   Data          20  communication.o(.bss)
    st_InsulationInfo                        0x20007518   Data          48  communication.o(.bss)
    st_ParamInfo                             0x20007548   Data          88  communication.o(.bss)
    t_FentchInfo                             0x200075a0   Data          16  communication.o(.bss)
    Usart2_tx_buf                            0x200075b0   Data         256  communication.o(.bss)
    Usart2_rx_buf                            0x200076b0   Data         256  communication.o(.bss)
    t_ParserExeModuler                       0x200077b0   Data         248  scpi_parser.o(.bss)
    paramQueue                               0x200078a8   Data         100  scpi_parser.o(.bss)
    send_msg                                 0x2000790c   Data         259  modbus.o(.bss)
    Zwd414b_Receive_data                     0x20007a10   Data          96  zwd414b.o(.bss)
    Image$$RW_IRAM1$$ZI$$Limit               0x20007e70   Number         0  startup_stm32f4xx.o(STACK)
    __initial_sp                             0x20007e70   Data           0  startup_stm32f4xx.o(STACK)



==============================================================================

Memory Map of the image

  Image Entry point : 0x08020189

  Load Region LR_IROM1 (Base: 0x08020000, Size: 0x000a7178, Max: 0x00100000, ABSOLUTE, COMPRESSED[0x000a5cb4])

    Execution Region ER_IROM1 (Base: 0x08020000, Size: 0x000a5428, Max: 0x00100000, ABSOLUTE)

    Base Addr    Size         Type   Attr      Idx    E Section Name        Object

    0x08020000   0x00000188   Data   RO          951    RESET               startup_stm32f4xx.o
    0x08020188   0x00000000   Code   RO         3978  * .ARM.Collect$$$$00000000  mc_w.l(entry.o)
    0x08020188   0x00000004   Code   RO         4303    .ARM.Collect$$$$00000001  mc_w.l(entry2.o)
    0x0802018c   0x00000004   Code   RO         4306    .ARM.Collect$$$$00000004  mc_w.l(entry5.o)
    0x08020190   0x00000000   Code   RO         4308    .ARM.Collect$$$$00000008  mc_w.l(entry7b.o)
    0x08020190   0x00000008   Code   RO         4309    .ARM.Collect$$$$00000009  mc_w.l(entry8.o)
    0x08020198   0x00000004   Code   RO         4304    .ARM.Collect$$$$00002712  mc_w.l(entry2.o)
    0x0802019c   0x000006d8   Code   RO            3    .text               application.o
    0x08020874   0x000000b4   Code   RO          247    .text               startup.o
    0x08020928   0x00000734   Code   RO          278    .text               cs99xx.o
    0x0802105c   0x00000144   Code   RO          381    .text               board.o
    0x080211a0   0x0000024c   Code   RO          409    .text               stm32f4xx_it.o
    0x080213ec   0x00000036   Code   RO          444    .text               usart.o
    0x08021422   0x00000002   PAD
    0x08021424   0x00000970   Code   RO          473    .text               bsp_button.o
    0x08021d94   0x00000490   Code   RO          509    .text               ra8875.o
    0x08022224   0x00001d70   Code   RO          535    .text               bsp_sdio_sd.o
    0x08023f94   0x00000648   Code   RO          563    .text               spi_flash.o
    0x080245dc   0x00000b68   Code   RO          593    .text               memory.o
    0x08025144   0x00000794   Code   RO          625    .text               memorymanagement.o
    0x080258d8   0x000002a8   Code   RO          660    .text               rtc.o
    0x08025b80   0x00000248   Code   RO          686    .text               bmp.o
    0x08025dc8   0x0000038c   Code   RO          709    .text               bsp_font.o
    0x08026154   0x000005f6   Code   RO          733    .text               bsp_text.o
    0x0802674a   0x00000002   PAD
    0x0802674c   0x000000c8   Code   RO          758    .text               bsp_listbox.o
    0x08026814   0x00000274   Code   RO          784    .text               bsp_ico.o
    0x08026a88   0x00000120   Code   RO          811    .text               bsp_graph.o
    0x08026ba8   0x00000260   Code   RO          834    .text               usart1.o
    0x08026e08   0x000006b4   Code   RO          876    .text               ch376_usb_ui.o
    0x080274bc   0x000005a8   Code   RO          900    .text               file_sys.o
    0x08027a64   0x0000003c   Code   RO          915    .text               hal_base.o
    0x08027aa0   0x00000318   Code   RO          929    .text               spi_sw.o
    0x08027db8   0x00000024   Code   RO          952    .text               startup_stm32f4xx.o
    0x08027ddc   0x000001f4   Code   RO          958    .text               system_stm32f4xx.o
    0x08027fd0   0x000001f0   Code   RO          984    .text               misc.o
    0x080281c0   0x0000107c   Code   RO         1004    .text               stm32f4xx_adc.o
    0x0802923c   0x000005f4   Code   RO         1144    .text               stm32f4xx_dac.o
    0x08029830   0x000013bc   Code   RO         1204    .text               stm32f4xx_dma.o
    0x0802abec   0x00000310   Code   RO         1224    .text               stm32f4xx_exti.o
    0x0802aefc   0x00000dc0   Code   RO         1264    .text               stm32f4xx_fsmc.o
    0x0802bcbc   0x0000090e   Code   RO         1284    .text               stm32f4xx_gpio.o
    0x0802c5ca   0x00000002   PAD
    0x0802c5cc   0x0000024c   Code   RO         1404    .text               stm32f4xx_pwr.o
    0x0802c818   0x00000d70   Code   RO         1424    .text               stm32f4xx_rcc.o
    0x0802d588   0x00001764   Code   RO         1466    .text               stm32f4xx_rtc.o
    0x0802ecec   0x00000660   Code   RO         1486    .text               stm32f4xx_sdio.o
    0x0802f34c   0x00000bd0   Code   RO         1506    .text               stm32f4xx_spi.o
    0x0802ff1c   0x00000188   Code   RO         1526    .text               stm32f4xx_syscfg.o
    0x080300a4   0x00003220   Code   RO         1546    .text               stm32f4xx_tim.o
    0x080332c4   0x00000fe0   Code   RO         1566    .text               stm32f4xx_usart.o
    0x080342a4   0x00000064   Code   RO         1604    .text               clock.o
    0x08034308   0x00000408   Code   RO         1619    .text               device.o
    0x08034710   0x00000168   Code   RO         1635    .text               idle.o
    0x08034878   0x00001a10   Code   RO         1661    .text               ipc.o
    0x08036288   0x00000048   Code   RO         1681    .text               irq.o
    0x080362d0   0x000009b4   Code   RO         1696    .text               kservice.o
    0x08036c84   0x00000978   Code   RO         1713    .text               mem.o
    0x080375fc   0x00000330   Code   RO         1763    .text               object.o
    0x0803792c   0x00000324   Code   RO         1783    .text               scheduler.o
    0x08037c50   0x000006b0   Code   RO         1804    .text               thread.o
    0x08038300   0x00000554   Code   RO         1821    .text               timer.o
    0x08038854   0x000001b0   Code   RO         1840    .text               cpuport.o
    0x08038a04   0x00000110   Code   RO         1856    .text               context_rvds.o
    0x08038b14   0x00000be8   Code   RO         2000    .text               cmd.o
    0x080396fc   0x000003f0   Code   RO         2265    .text               dfs.o
    0x08039aec   0x0000098c   Code   RO         2295    .text               dfs_file.o
    0x0803a478   0x000005dc   Code   RO         2322    .text               dfs_fs.o
    0x0803aa54   0x00000550   Code   RO         2348    .text               dfs_posix.o
    0x0803afa4   0x00000b48   Code   RO         2367    .text               dfs_elm.o
    0x0803baec   0x00002924   Code   RO         2398    .text               ff.o
    0x0803e410   0x00000744   Code   RO         2415    .text               ui_application.o
    0x0803eb54   0x00004c4c   Code   RO         2494    .text               ui_home.o
    0x080437a0   0x00001e4c   Code   RO         2558    .text               ui_file.o
    0x080455ec   0x0000deb0   Code   RO         2586    .text               ui_step.o
    0x0805349c   0x00007244   Code   RO         2612    .text               ui_system.o
    0x0805a6e0   0x00004094   Code   RO         2647    .text               ui_result.o
    0x0805e774   0x00000144   Code   RO         2672    .text               ui_help.o
    0x0805e8b8   0x000006d0   Code   RO         2697    .text               ui_about.o
    0x0805ef88   0x00000080   Code   RO         2719    .text               ui_display.o
    0x0805f008   0x00000bd8   Code   RO         2740    .text               ui_file_port.o
    0x0805fbe0   0x000017ac   Code   RO         2761    .text               ui_autocal.o
    0x0806138c   0x0000018c   Code   RO         2787    .text               sui_window.o
    0x08061518   0x0000002c   Code   RO         2817    .text               sui_drivers.o
    0x08061544   0x000001ca   Code   RO         2908    .text               hz20font.o
    0x0806170e   0x000002c6   Code   RO         2949    .text               hz24font.o
    0x080619d4   0x000000e0   Code   RO         2972    .text               asc32font.o
    0x08061ab4   0x000001ba   Code   RO         2999    .text               hz32font.o
    0x08061c6e   0x00000002   PAD
    0x08061c70   0x00000780   Code   RO         3022    .text               ad_da.o
    0x080623f0   0x000002b4   Code   RO         3052    .text               key_led.o
    0x080626a4   0x0000029c   Code   RO         3077    .text               multiplexer.o
    0x08062940   0x000002b4   Code   RO         3102    .text               relay.o
    0x08062bf4   0x00000554   Code   RO         3127    .text               self_test.o
    0x08063148   0x000004b0   Code   RO         3157    .text               spi_cpld.o
    0x080635f8   0x0000006c   Code   RO         3184    .text               plc.o
    0x08063664   0x000013d0   Code   RO         3207    .text               acw_routine.o
    0x08064a34   0x00001100   Code   RO         3246    .text               dcw_routine.o
    0x08065b34   0x00000b28   Code   RO         3274    .text               gr_routine.o
    0x0806665c   0x000015a8   Code   RO         3302    .text               lc_routine.o
    0x08067c04   0x00000480   Code   RO         3330    .text               gr.o
    0x08068084   0x00000d88   Code   RO         3358    .text               lc.o
    0x08068e0c   0x00000928   Code   RO         3389    .text               output_control.o
    0x08069734   0x0000009c   Code   RO         3410    .text               relay_change.o
    0x080697d0   0x00000a4c   Code   RO         3452    .text               test_sched.o
    0x0806a21c   0x00000500   Code   RO         3481    .text               cal.o
    0x0806a71c   0x00001c24   Code   RO         3507    .text               acw_gr_routine.o
    0x0806c340   0x00001a94   Code   RO         3532    .text               dcw_gr_routine.o
    0x0806ddd4   0x000009a4   Code   RO         3557    .text               pw_routine.o
    0x0806e778   0x00000d44   Code   RO         3582    .text               ir_routine.o
    0x0806f4bc   0x00000184   Code   RO         3610    .text               ir.o
    0x0806f640   0x00002490   Code   RO         3663    .text               communication.o
    0x08071ad0   0x000004c0   Code   RO         3730    .text               library.o
    0x08071f90   0x00001564   Code   RO         3758    .text               scpi_parser.o
    0x080734f4   0x00000024   Code   RO         3795    .text               scpiinstruction.o
    0x08073518   0x00000330   Code   RO         3828    .text               modbus.o
    0x08073848   0x00000088   Code   RO         3867    .text               systick.o
    0x080738d0   0x000004ec   Code   RO         3894    .text               zwd414b.o
    0x08073dbc   0x000000a4   Code   RO         3922    .text               zwd414b_tools.o
    0x08073e60   0x00000062   Code   RO         3981    .text               mc_w.l(uldiv.o)
    0x08073ec2   0x0000001e   Code   RO         3983    .text               mc_w.l(llshl.o)
    0x08073ee0   0x000000a0   Code   RO         3985    .text               mc_w.l(mktime.o)
    0x08073f80   0x00000024   Code   RO         3988    .text               mc_w.l(memcpya.o)
    0x08073fa4   0x00000026   Code   RO         3990    .text               mc_w.l(memseta.o)
    0x08073fca   0x0000001c   Code   RO         3992    .text               mc_w.l(strcat.o)
    0x08073fe6   0x00000018   Code   RO         3994    .text               mc_w.l(strncpy.o)
    0x08073ffe   0x00000010   Code   RO         3996    .text               mc_w.l(strlen.o)
    0x0807400e   0x0000001c   Code   RO         3998    .text               mc_w.l(strcmp.o)
    0x0807402a   0x0000001a   Code   RO         4000    .text               mc_w.l(memcmp.o)
    0x08074044   0x00000012   Code   RO         4002    .text               mc_w.l(strcpy.o)
    0x08074056   0x0000001e   Code   RO         4004    .text               mc_w.l(strncmp.o)
    0x08074074   0x00000020   Code   RO         4006    .text               mc_w.l(strrchr.o)
    0x08074094   0x0000001a   Code   RO         4271    .text               mc_w.l(atoi.o)
    0x080740ae   0x000000e0   Code   RO         4273    .text               mf_w.l(dmul.o)
    0x0807418e   0x000000de   Code   RO         4275    .text               mf_w.l(ddiv.o)
    0x0807426c   0x0000001a   Code   RO         4277    .text               mf_w.l(dfltui.o)
    0x08074286   0x0000003e   Code   RO         4279    .text               mf_w.l(dfixi.o)
    0x080742c4   0x0000002e   Code   RO         4281    .text               mf_w.l(dfixui.o)
    0x080742f2   0x0000002c   Code   RO         4283    .text               mf_w.l(f2d.o)
    0x0807431e   0x00000002   PAD
    0x08074320   0x00000028   Code   RO         4285    .text               mf_w.l(cdrcmple.o)
    0x08074348   0x00000038   Code   RO         4287    .text               mf_w.l(d2f.o)
    0x08074380   0x0000002c   Code   RO         4313    .text               mc_w.l(uidiv.o)
    0x080743ac   0x00000020   Code   RO         4315    .text               mc_w.l(llushr.o)
    0x080743cc   0x00000080   Code   RO         4320    .text               mc_w.l(localtime_i.o)
    0x0807444c   0x00000070   Code   RO         4330    .text               mc_w.l(strtol.o)
    0x080744bc   0x00000000   Code   RO         4332    .text               mc_w.l(iusefp.o)
    0x080744bc   0x0000006c   Code   RO         4333    .text               mf_w.l(fepilogue.o)
    0x08074528   0x000000be   Code   RO         4335    .text               mf_w.l(depilogue.o)
    0x080745e6   0x0000014c   Code   RO         4337    .text               mf_w.l(dadd.o)
    0x08074732   0x00000030   Code   RO         4341    .text               mf_w.l(dfixul.o)
    0x08074762   0x00000002   PAD
    0x08074764   0x00000024   Code   RO         4355    .text               mc_w.l(init.o)
    0x08074788   0x00000024   Code   RO         4358    .text               mc_w.l(llsshr.o)
    0x080747ac   0x00000008   Code   RO         4360    .text               mc_w.l(ctype_o.o)
    0x080747b4   0x0000009e   Code   RO         4388    .text               mc_w.l(_strtoul.o)
    0x08074852   0x00000022   Code   RO         4391    .text               mf_w.l(dflti.o)
    0x08074874   0x0000001c   Code   RO         4393    .text               mc_w.l(_chval.o)
    0x08074890   0x0000005c   Code   RO         4403    .text               mc_w.l(__dczerorl2.o)
    0x080748ec   0x00000028   Code   RO         4245    i.__0sprintf        mc_w.l(printfa.o)
    0x08074914   0x00000030   Code   RO         4351    i.__ARM_fpclassify  m_wm.l(fpclassify.o)
    0x08074944   0x00000008   Code   RO         4323    i.__aeabi_errno_addr  mc_w.l(errno.o)
    0x0807494c   0x00000004   PAD
    0x08074950   0x000000d8   Code   RO         3966    i.__hardfp_cos      m_wm.l(cos.o)
    0x08074a28   0x00000450   Code   RO         4292    i.__ieee754_rem_pio2  m_wm.l(rred.o)
    0x08074e78   0x00000170   Code   RO         4289    i.__kernel_cos      m_wm.l(cos_i.o)
    0x08074fe8   0x000000f8   Code   RO         4353    i.__kernel_poly     m_wm.l(poly.o)
    0x080750e0   0x00000130   Code   RO         4297    i.__kernel_sin      m_wm.l(sin_i.o)
    0x08075210   0x00000020   Code   RO         4343    i.__mathlib_dbl_underflow  m_wm.l(dunder.o)
    0x08075230   0x0000000e   Code   RO         4397    i.__scatterload_copy  mc_w.l(handlers.o)
    0x0807523e   0x00000002   Code   RO         4398    i.__scatterload_null  mc_w.l(handlers.o)
    0x08075240   0x0000000e   Code   RO         4399    i.__scatterload_zeroinit  mc_w.l(handlers.o)
    0x0807524e   0x00000002   PAD
    0x08075250   0x0000000c   Code   RO         4325    i.__set_errno       mc_w.l(errno.o)
    0x0807525c   0x00000158   Code   RO         4250    i._fp_digits        mc_w.l(printfa.o)
    0x080753b4   0x00000704   Code   RO         4251    i._printf_core      mc_w.l(printfa.o)
    0x08075ab8   0x00000026   Code   RO         4252    i._printf_post_padding  mc_w.l(printfa.o)
    0x08075ade   0x00000030   Code   RO         4253    i._printf_pre_padding  mc_w.l(printfa.o)
    0x08075b0e   0x0000000a   Code   RO         4255    i._sputc            mc_w.l(printfa.o)
    0x08075b18   0x00000020   Code   RO         4347    i.fabs              m_wm.l(fabs.o)
    0x08075b38   0x00000c3d   Data   RO            5    .constdata          application.o
    0x08076775   0x00000003   PAD
    0x08076778   0x00000018   Data   RO          475    .constdata          bsp_button.o
    0x08076790   0x00000012   Data   RO          537    .constdata          bsp_sdio_sd.o
    0x080767a2   0x0000000f   Data   RO          662    .constdata          rtc.o
    0x080767b1   0x00000003   PAD
    0x080767b4   0x0000000c   Data   RO          734    .constdata          bsp_text.o
    0x080767c0   0x0000001f   Data   RO          785    .constdata          bsp_ico.o
    0x080767df   0x000000a8   Data   RO         1620    .constdata          device.o
    0x08076887   0x00000016   Data   RO         1637    .constdata          idle.o
    0x0807689d   0x000001d7   Data   RO         1662    .constdata          ipc.o
    0x08076a74   0x00000122   Data   RO         1698    .constdata          kservice.o
    0x08076b96   0x00000002   PAD
    0x08076b98   0x00000160   Data   RO         1715    .constdata          mem.o
    0x08076cf8   0x0000005e   Data   RO         1764    .constdata          object.o
    0x08076d56   0x0000004e   Data   RO         1785    .constdata          scheduler.o
    0x08076da4   0x000000aa   Data   RO         1805    .constdata          thread.o
    0x08076e4e   0x0000005c   Data   RO         1822    .constdata          timer.o
    0x08076eaa   0x00000013   Data   RO         1841    .constdata          cpuport.o
    0x08076ebd   0x00000003   PAD
    0x08076ec0   0x00000293   Data   RO         2001    .constdata          cmd.o
    0x08077153   0x00000023   Data   RO         2267    .constdata          dfs.o
    0x08077176   0x0000005f   Data   RO         2297    .constdata          dfs_file.o
    0x080771d5   0x00000046   Data   RO         2323    .constdata          dfs_fs.o
    0x0807721b   0x00000019   Data   RO         2349    .constdata          dfs_posix.o
    0x08077234   0x000000ff   Data   RO         2368    .constdata          dfs_elm.o
    0x08077333   0x00000001   PAD
    0x08077334   0x0000002c   Data   RO         2399    .constdata          ff.o
    0x08077360   0x000000a8   Data   RO         2417    .constdata          ui_application.o
    0x08077408   0x00003e7c   Data   RO         2496    .constdata          ui_home.o
    0x0807b284   0x000000a8   Data   RO         2559    .constdata          ui_file.o
    0x0807b32c   0x00000240   Data   RO         2587    .constdata          ui_step.o
    0x0807b56c   0x00000128   Data   RO         2613    .constdata          ui_system.o
    0x0807b694   0x00000094   Data   RO         2648    .constdata          ui_result.o
    0x0807b728   0x0000000c   Data   RO         2673    .constdata          ui_help.o
    0x0807b734   0x000000b4   Data   RO         2698    .constdata          ui_about.o
    0x0807b7e8   0x0000000c   Data   RO         2720    .constdata          ui_display.o
    0x0807b7f4   0x00000038   Data   RO         2741    .constdata          ui_file_port.o
    0x0807b82c   0x0000029c   Data   RO         2763    .constdata          ui_autocal.o
    0x0807bac8   0x0000000c   Data   RO         2789    .constdata          sui_window.o
    0x0807bad4   0x00000800   Data   RO         2855    .constdata          asc16font.o
    0x0807c2d4   0x0003fe54   Data   RO         2873    .constdata          hz16font.o
    0x080bc128   0x00000cd0   Data   RO         2890    .constdata          asc20font.o
    0x080bcdf8   0x00000938   Data   RO         2909    .constdata          hz20font.o
    0x080bd730   0x00001800   Data   RO         2931    .constdata          asc24font.o
    0x080bef30   0x0000101c   Data   RO         2950    .constdata          hz24font.o
    0x080bff4c   0x00000900   Data   RO         2973    .constdata          asc32font.o
    0x080c084c   0x00001194   Data   RO         3000    .constdata          hz32font.o
    0x080c19e0   0x00000084   Data   RO         3209    .constdata          acw_routine.o
    0x080c1a64   0x00000084   Data   RO         3248    .constdata          dcw_routine.o
    0x080c1ae8   0x0000003c   Data   RO         3276    .constdata          gr_routine.o
    0x080c1b24   0x00000044   Data   RO         3304    .constdata          lc_routine.o
    0x080c1b68   0x00000028   Data   RO         3454    .constdata          test_sched.o
    0x080c1b90   0x000000b0   Data   RO         3509    .constdata          acw_gr_routine.o
    0x080c1c40   0x000000b0   Data   RO         3534    .constdata          dcw_gr_routine.o
    0x080c1cf0   0x00000044   Data   RO         3559    .constdata          pw_routine.o
    0x080c1d34   0x00000034   Data   RO         3584    .constdata          ir_routine.o
    0x080c1d68   0x00000018   Data   RO         3611    .constdata          ir.o
    0x080c1d80   0x0000026c   Data   RO         3710    .constdata          cs9931cinstructiontable.o
    0x080c1fec   0x000000b4   Data   RO         3760    .constdata          scpi_parser.o
    0x080c20a0   0x00000c30   Data   RO         3796    .constdata          scpiinstruction.o
    0x080c2cd0   0x00000200   Data   RO         3830    .constdata          modbus.o
    0x080c2ed0   0x0000000c   Data   RO         3986    .constdata          mc_w.l(mktime.o)
    0x080c2edc   0x00000004   PAD
    0x080c2ee0   0x00000030   Data   RO         4290    .constdata          m_wm.l(cos_i.o)
    0x080c2f10   0x000000c8   Data   RO         4294    .constdata          m_wm.l(rred.o)
    0x080c2fd8   0x00000028   Data   RO         4298    .constdata          m_wm.l(sin_i.o)
    0x080c3000   0x0000000c   Data   RO         4321    .constdata          mc_w.l(localtime_i.o)
    0x080c300c   0x00000081   Data   RO         4361    .constdata          mc_w.l(ctype_o.o)
    0x080c308d   0x00000003   PAD
    0x080c3090   0x00000004   Data   RO         4362    .constdata          mc_w.l(ctype_o.o)
    0x080c3094   0x0000012c   Data   RO          280    .conststring        cs99xx.o
    0x080c31c0   0x000000e4   Data   RO          476    .conststring        bsp_button.o
    0x080c32a4   0x0000004c   Data   RO          735    .conststring        bsp_text.o
    0x080c32f0   0x000000e9   Data   RO         2002    .conststring        cmd.o
    0x080c33d9   0x00000004   Data   RO         2369    .conststring        dfs_elm.o
    0x080c33dd   0x000001aa   Data   RO         2497    .conststring        ui_home.o
    0x080c3587   0x0000008c   Data   RO         2560    .conststring        ui_file.o
    0x080c3613   0x00000329   Data   RO         2588    .conststring        ui_step.o
    0x080c393c   0x00001324   Data   RO         2614    .conststring        ui_system.o
    0x080c4c60   0x00000022   Data   RO         2649    .conststring        ui_result.o
    0x080c4c82   0x00000324   Data   RO         2674    .conststring        ui_help.o
    0x080c4fa6   0x00000016   Data   RO         2764    .conststring        ui_autocal.o
    0x080c4fbc   0x0000001b   Data   RO         3665    .conststring        communication.o
    0x080c4fd7   0x00000018   Data   RO         3711    .conststring        cs9931cinstructiontable.o
    0x080c4fef   0x00000153   Data   RO         3761    .conststring        scpi_parser.o
    0x080c5142   0x000001b8   Data   RO         3797    .conststring        scpiinstruction.o
    0x080c52fa   0x00000002   PAD
    0x080c52fc   0x0000000c   Data   RO         1717    FSymTab             mem.o
    0x080c5308   0x00000090   Data   RO         2004    FSymTab             cmd.o
    0x080c5398   0x00000030   Data   RO         2298    FSymTab             dfs_file.o
    0x080c53c8   0x00000018   Data   RO         2324    FSymTab             dfs_fs.o
    0x080c53e0   0x0000000c   Data   RO         2350    FSymTab             dfs_posix.o
    0x080c53ec   0x0000000c   Data   RO         2419    FSymTab             ui_application.o
    0x080c53f8   0x00000020   Data   RO         4395    Region$$Table       anon$$obj.o
    0x080c5418   0x00000010   Data   RO         2005    VSymTab             cmd.o


    Execution Region RW_IRAM1 (Base: 0x20000000, Size: 0x00007e70, Max: 0x00020000, ABSOLUTE, COMPRESSED[0x0000088c])

    Base Addr    Size         Type   Attr      Idx    E Section Name        Object

    0x20000000   0x0000000a   Data   RW            6    .data               application.o
    0x2000000a   0x00000002   PAD
    0x2000000c   0x000001b1   Data   RW          281    .data               cs99xx.o
    0x200001bd   0x00000058   Data   RW          367    .data               cs9931_config.o
    0x20000215   0x00000003   PAD
    0x20000218   0x00000004   Data   RW          382    .data               board.o
    0x2000021c   0x0000033c   Data   RW          477    .data               bsp_button.o
    0x20000558   0x00000018   Data   RW          538    .data               bsp_sdio_sd.o
    0x20000570   0x00000001   Data   RW          565    .data               spi_flash.o
    0x20000571   0x00000003   PAD
    0x20000574   0x00000008   Data   RW          595    .data               memory.o
    0x2000057c   0x00000028   Data   RW          736    .data               bsp_text.o
    0x200005a4   0x0000000e   Data   RW          759    .data               bsp_listbox.o
    0x200005b2   0x00000006   Data   RW          786    .data               bsp_ico.o
    0x200005b8   0x00000001   Data   RW          836    .data               usart1.o
    0x200005b9   0x00000025   Data   RW          878    .data               ch376_usb_ui.o
    0x200005de   0x00000002   PAD
    0x200005e0   0x0000001c   Data   RW          930    .data               spi_sw.o
    0x200005fc   0x00000014   Data   RW          959    .data               system_stm32f4xx.o
    0x20000610   0x00000010   Data   RW         1425    .data               stm32f4xx_rcc.o
    0x20000620   0x00000004   Data   RW         1605    .data               clock.o
    0x20000624   0x00000004   Data   RW         1638    .data               idle.o
    0x20000628   0x00000001   Data   RW         1682    .data               irq.o
    0x20000629   0x00000003   PAD
    0x2000062c   0x00000008   Data   RW         1699    .data               kservice.o
    0x20000634   0x00000020   Data   RW         1716    .data               mem.o
    0x20000654   0x000000a4   Data   RW         1765    .data               object.o
    0x200006f8   0x0000001c   Data   RW         1786    .data               scheduler.o
    0x20000714   0x00000010   Data   RW         1823    .data               timer.o
    0x20000724   0x00000010   Data   RW         1842    .data               cpuport.o
    0x20000734   0x00000004   Data   RW         2003    .data               cmd.o
    0x20000738   0x00000004   Data   RW         2183    .data               finsh_var.o
    0x2000073c   0x0000000c   Data   RW         2206    .data               finsh_vm.o
    0x20000748   0x00000010   Data   RW         2252    .data               symbol.o
    0x20000758   0x00000008   Data   RW         2370    .data               dfs_elm.o
    0x20000760   0x0000000a   Data   RW         2400    .data               ff.o
    0x2000076a   0x00000002   PAD
    0x2000076c   0x00000050   Data   RW         2418    .data               ui_application.o
    0x200007bc   0x00000350   Data   RW         2498    .data               ui_home.o
    0x20000b0c   0x00000088   Data   RW         2561    .data               ui_file.o
    0x20000b94   0x00000ce8   Data   RW         2589    .data               ui_step.o
    0x2000187c   0x000002b0   Data   RW         2615    .data               ui_system.o
    0x20001b2c   0x00000064   Data   RW         2650    .data               ui_result.o
    0x20001b90   0x00000048   Data   RW         2675    .data               ui_help.o
    0x20001bd8   0x0000001a   Data   RW         2765    .data               ui_autocal.o
    0x20001bf2   0x00000002   PAD
    0x20001bf4   0x00000014   Data   RW         2856    .data               asc16font.o
    0x20001c08   0x00000014   Data   RW         2891    .data               asc20font.o
    0x20001c1c   0x00000014   Data   RW         2932    .data               asc24font.o
    0x20001c30   0x00000014   Data   RW         2974    .data               asc32font.o
    0x20001c44   0x00000003   Data   RW         3024    .data               ad_da.o
    0x20001c47   0x00000002   Data   RW         3053    .data               key_led.o
    0x20001c49   0x00000005   Data   RW         3078    .data               multiplexer.o
    0x20001c4e   0x00000002   PAD
    0x20001c50   0x00000004   Data   RW         3103    .data               relay.o
    0x20001c54   0x00000002   Data   RW         3129    .data               self_test.o
    0x20001c56   0x00000002   PAD
    0x20001c58   0x0000000d   Data   RW         3159    .data               spi_cpld.o
    0x20001c65   0x00000003   PAD
    0x20001c68   0x00000005   Data   RW         3210    .data               acw_routine.o
    0x20001c6d   0x00000003   PAD
    0x20001c70   0x00000004   Data   RW         3249    .data               dcw_routine.o
    0x20001c74   0x00000004   Data   RW         3277    .data               gr_routine.o
    0x20001c78   0x00000004   Data   RW         3305    .data               lc_routine.o
    0x20001c7c   0x00000002   Data   RW         3331    .data               gr.o
    0x20001c7e   0x00000009   Data   RW         3359    .data               lc.o
    0x20001c87   0x00000005   Data   RW         3390    .data               output_control.o
    0x20001c8c   0x00000002   Data   RW         3411    .data               relay_change.o
    0x20001c8e   0x00000002   PAD
    0x20001c90   0x00000015   Data   RW         3455    .data               test_sched.o
    0x20001ca5   0x00000003   PAD
    0x20001ca8   0x00000004   Data   RW         3510    .data               acw_gr_routine.o
    0x20001cac   0x00000004   Data   RW         3535    .data               dcw_gr_routine.o
    0x20001cb0   0x00000004   Data   RW         3560    .data               pw_routine.o
    0x20001cb4   0x00000004   Data   RW         3585    .data               ir_routine.o
    0x20001cb8   0x0000003b   Data   RW         3666    .data               communication.o
    0x20001cf3   0x00000001   PAD
    0x20001cf4   0x00000024   Data   RW         3762    .data               scpi_parser.o
    0x20001d18   0x00000030   Data   RW         3798    .data               scpiinstruction.o
    0x20001d48   0x00000002   Data   RW         3868    .data               systick.o
    0x20001d4a   0x00000002   Data   RW         3896    .data               zwd414b.o
    0x20001d4c   0x00000004   Data   RW         4326    .data               mc_w.l(errno.o)
    0x20001d50   0x000001e0   Zero   RW            4    .bss                application.o
    0x20001f30   0x00000848   Zero   RW          279    .bss                cs99xx.o
    0x20002778   0x00000098   Zero   RW          474    .bss                bsp_button.o
    0x20002810   0x00000640   Zero   RW          510    .bss                ra8875.o
    0x20002e50   0x0000033c   Zero   RW          536    .bss                bsp_sdio_sd.o
    0x2000318c   0x0000101c   Zero   RW          564    .bss                spi_flash.o
    0x200041a8   0x00000a0c   Zero   RW          594    .bss                memory.o
    0x20004bb4   0x000000a4   Zero   RW          626    .bss                memorymanagement.o
    0x20004c58   0x00000040   Zero   RW          661    .bss                rtc.o
    0x20004c98   0x00000064   Zero   RW          835    .bss                usart1.o
    0x20004cfc   0x00000133   Zero   RW          877    .bss                ch376_usb_ui.o
    0x20004e2f   0x00000001   PAD
    0x20004e30   0x00000480   Zero   RW         1636    .bss                idle.o
    0x200052b0   0x00000080   Zero   RW         1697    .bss                kservice.o
    0x20005330   0x00000020   Zero   RW         1714    .bss                mem.o
    0x20005350   0x00000100   Zero   RW         1784    .bss                scheduler.o
    0x20005450   0x000000d4   Zero   RW         2266    .bss                dfs.o
    0x20005524   0x00000124   Zero   RW         2296    .bss                dfs_file.o
    0x20005648   0x000000b0   Zero   RW         2416    .bss                ui_application.o
    0x200056f8   0x00000028   Zero   RW         2495    .bss                ui_home.o
    0x20005720   0x000000a0   Zero   RW         2762    .bss                ui_autocal.o
    0x200057c0   0x0000000c   Zero   RW         2788    .bss                sui_window.o
    0x200057cc   0x0000007e   Zero   RW         3023    .bss                ad_da.o
    0x2000584a   0x00000028   Zero   RW         3128    .bss                self_test.o
    0x20005872   0x00000002   PAD
    0x20005874   0x00000020   Zero   RW         3158    .bss                spi_cpld.o
    0x20005894   0x00000060   Zero   RW         3208    .bss                acw_routine.o
    0x200058f4   0x0000005c   Zero   RW         3247    .bss                dcw_routine.o
    0x20005950   0x00000054   Zero   RW         3275    .bss                gr_routine.o
    0x200059a4   0x00000070   Zero   RW         3303    .bss                lc_routine.o
    0x20005a14   0x000010f0   Zero   RW         3453    .bss                test_sched.o
    0x20006b04   0x00000800   Zero   RW         3482    .bss                cal.o
    0x20007304   0x00000090   Zero   RW         3508    .bss                acw_gr_routine.o
    0x20007394   0x00000090   Zero   RW         3533    .bss                dcw_gr_routine.o
    0x20007424   0x00000048   Zero   RW         3558    .bss                pw_routine.o
    0x2000746c   0x0000005c   Zero   RW         3583    .bss                ir_routine.o
    0x200074c8   0x000002e8   Zero   RW         3664    .bss                communication.o
    0x200077b0   0x0000015c   Zero   RW         3759    .bss                scpi_parser.o
    0x2000790c   0x00000103   Zero   RW         3829    .bss                modbus.o
    0x20007a0f   0x00000001   PAD
    0x20007a10   0x00000060   Zero   RW         3895    .bss                zwd414b.o
    0x20007a70   0x00000400   Zero   RW          949    STACK               startup_stm32f4xx.o


==============================================================================

Image component sizes


      Code (inc. data)   RO Data    RW Data    ZI Data      Debug   Object Name

      7204        568        176          4        144       7586   acw_gr_routine.o
      5072        504        132          5         96       5923   acw_routine.o
      1920         78          0          3        126       7308   ad_da.o
      1752        382       3133         10        480     371033   application.o
         0          0       2048         20          0        563   asc16font.o
         0          0       3280         20          0        563   asc20font.o
         0          0       6144         20          0        563   asc24font.o
       224         16       2304         20          0       1350   asc32font.o
       584         72          0          0          0       2437   bmp.o
       324         26          0          4          0      28103   board.o
      2416        138        252        828        152       7252   bsp_button.o
       908         34          0          0          0       4373   bsp_font.o
       288          0          0          0          0       2117   bsp_graph.o
       628         78         31          6          0       3135   bsp_ico.o
       200          8          0         14          0       1687   bsp_listbox.o
      7536        380         18         24        828      28579   bsp_sdio_sd.o
      1526         32         88         40          0       5047   bsp_text.o
      1280         26          0          0       2048       4904   cal.o
      1716         92          0         37        307      17815   ch376_usb_ui.o
       100          6          0          4          0       1564   clock.o
      3048       1194       1052          4          0      14698   cmd.o
      9360        456         27         59        744      48739   communication.o
       272         24          0          0          0        780   context_rvds.o
       432        220         19         16          0       3743   cpuport.o
         0          0          0         88          0       1072   cs9931_config.o
         0          0        644          0          0       1761   cs9931cinstructiontable.o
      1844         70        300        433       2120      15555   cs99xx.o
      6804        490        176          4        144       7760   dcw_gr_routine.o
      4352        394        132          4         92       5648   dcw_routine.o
      1032        166        168          0          0       5553   device.o
      1008        162         35          0        212       8704   dfs.o
      2888        262        259          8          0      18089   dfs_elm.o
      2444        324        143          0        292      13695   dfs_file.o
      1500        282         94          0          0      10276   dfs_fs.o
      1360         48         37          0          0       9027   dfs_posix.o
     10532        118         44         10          0      25797   ff.o
      1448          4          0          0          0      20249   file_sys.o
         0          0          0          4          0       5033   finsh_var.o
         0          0          0         12          0       5677   finsh_vm.o
      1152         22          0          2          0       2960   gr.o
      2856        276         60          4         84       4482   gr_routine.o
        60          0          0          0          0        780   hal_base.o
         0          0     261716          0          0        569   hz16font.o
       458          0       2360          0          0       1443   hz20font.o
       710          0       4124          0          0       1515   hz24font.o
       442          0       4500          0          0       1431   hz32font.o
       360        106         22          4       1152       2907   idle.o
      6672        464        471          0          0      23247   ipc.o
       388         16         24          0          0       1748   ir.o
      3396        384         52          4         92       5056   ir_routine.o
        72          6          0          1          0       1354   irq.o
       692         20          0          2          0       3997   key_led.o
      2484        168        290          8        128      11284   kservice.o
      3464         82          0          9          0      12447   lc.o
      5544        398         68          4        112       6760   lc_routine.o
      1216         18          0          0          0      10087   library.o
      2424        586        364         32         32      10218   mem.o
      2920         28          0          8       2572      10149   memory.o
      1940         88          0          0        164       7037   memorymanagement.o
       496         76          0          0          0       2129   misc.o
       816         20        512          0        259       7088   modbus.o
       668         12          0          5          0       4295   multiplexer.o
       816        186         94        164          0       6036   object.o
      2344         44          0          5          0       4729   output_control.o
       108          4          0          0          0       1011   plc.o
      2468        250         68          4         72       3914   pw_routine.o
      1168          4          0          0       1600       5603   ra8875.o
       692         26          0          4          0       4752   relay.o
       156         18          0          2          0       1055   relay_change.o
         0          0          0          0          0        296   ringbuffer.o
       680         78         15          0         64       2662   rtc.o
       804        182         78         28        256       4849   scheduler.o
      5476        144        519         36        348      29335   scpi_parser.o
        36         12       3560         48          0      16551   scpiinstruction.o
      1364        250          0          2         40       3466   self_test.o
      1200         74          0         13         32       4086   spi_cpld.o
      1608         62          0          1       4124       7555   spi_flash.o
       792         34          0         28          0       4293   spi_sw.o
       180         88          0          0          0       1351   startup.o
        36         10        392          0       1024        868   startup_stm32f4xx.o
      4220        152          0          0          0      13426   stm32f4xx_adc.o
      1524         74          0          0          0       5865   stm32f4xx_dac.o
      5052        354          0          0          0       9049   stm32f4xx_dma.o
       784         74          0          0          0       2807   stm32f4xx_exti.o
      3520        126          0          0          0       6907   stm32f4xx_fsmc.o
      2318        138          0          0          0       5509   stm32f4xx_gpio.o
       588         28          0          0          0       3509   stm32f4xx_it.o
       588         86          0          0          0       2948   stm32f4xx_pwr.o
      3440        266          0         16          0      13603   stm32f4xx_rcc.o
      5988        120          0          0          0      17492   stm32f4xx_rtc.o
      1632        104          0          0          0       8488   stm32f4xx_sdio.o
      3024        120          0          0          0       8641   stm32f4xx_spi.o
       392         76          0          0          0       1879   stm32f4xx_syscfg.o
     12832        670          0          0          0      31256   stm32f4xx_tim.o
      4064        166          0          0          0      11078   stm32f4xx_usart.o
        44          0          0          0          0       1665   sui_drivers.o
       396         16         12          0         12       2647   sui_window.o
         0          0          0         16          0       4097   symbol.o
       500         46          0         20          0       1995   system_stm32f4xx.o
       136         12          0          2          0       2554   systick.o
      2636        302         40         21       4336       7076   test_sched.o
      1712        244        170          0          0       8422   thread.o
      1364        150         92         16          0       7973   timer.o
      1744        584        180          0          0       2088   ui_about.o
      1860        496        180         80        176       6701   ui_application.o
      6060        356        690         26        160       8304   ui_autocal.o
       128         20         12          0          0        560   ui_display.o
      7756        492        308        136          0       7236   ui_file.o
      3032        372         56          0          0       3882   ui_file_port.o
       324         50        816         72          0       1324   ui_help.o
     19532       1760      16422        848         40      17242   ui_home.o
     16532       1810        182        100          0       8656   ui_result.o
     57008       2750       1385       3304          0      38867   ui_step.o
     29252       1906       5196        688          0      25445   ui_system.o
        54          0          0          0          0        907   usart.o
       608         32          0          1        100       3603   usart1.o
      1260         60          0          2         96       6128   zwd414b.o
       164          0          0          0          0       2373   zwd414b_tools.o

    ----------------------------------------------------------------------
    343236      24902     325812       7500      24864    1271355   Object Totals
         0          0         32          0          0          0   (incl. Generated)
         8          0         14         33          4          0   (incl. Padding)

    ----------------------------------------------------------------------

      Code (inc. data)   RO Data    RW Data    ZI Data      Debug   Library Member Name

       216         16          0          0          0        156   cos.o
       368         46         48          0          0        204   cos_i.o
        32          8          0          0          0        124   dunder.o
        32          0          0          0          0        124   fabs.o
        48          0          0          0          0        124   fpclassify.o
       248          0          0          0          0        152   poly.o
      1104        142        200          0          0        188   rred.o
       304         24         40          0          0        208   sin_i.o
        92          0          0          0          0          0   __dczerorl2.o
        28          0          0          0          0         68   _chval.o
       158          0          0          0          0         92   _strtoul.o
        26          0          0          0          0         80   atoi.o
         8          4        133          0          0         68   ctype_o.o
         0          0          0          0          0          0   entry.o
         8          4          0          0          0          0   entry2.o
         4          0          0          0          0          0   entry5.o
         0          0          0          0          0          0   entry7b.o
         8          4          0          0          0          0   entry8.o
        20         10          0          4          0        136   errno.o
        30          0          0          0          0          0   handlers.o
        36          8          0          0          0         68   init.o
         0          0          0          0          0          0   iusefp.o
        30          0          0          0          0         68   llshl.o
        36          0          0          0          0         68   llsshr.o
        32          0          0          0          0         68   llushr.o
       128          6         12          0          0         80   localtime_i.o
        26          0          0          0          0         80   memcmp.o
        36          0          0          0          0         68   memcpya.o
        38          0          0          0          0        108   memseta.o
       160         18         12          0          0         80   mktime.o
      2276         84          0          0          0        512   printfa.o
        28          0          0          0          0         68   strcat.o
        28          0          0          0          0         76   strcmp.o
        18          0          0          0          0         68   strcpy.o
        16          0          0          0          0         68   strlen.o
        30          0          0          0          0         80   strncmp.o
        24          0          0          0          0         76   strncpy.o
        32          0          0          0          0         68   strrchr.o
       112          0          0          0          0         88   strtol.o
        44          0          0          0          0         80   uidiv.o
        98          0          0          0          0         92   uldiv.o
        40          2          0          0          0         68   cdrcmple.o
        56          0          0          0          0         88   d2f.o
       332          0          0          0          0        148   dadd.o
       222          0          0          0          0        100   ddiv.o
       190          0          0          0          0        176   depilogue.o
        62          0          0          0          0         80   dfixi.o
        46          0          0          0          0         68   dfixui.o
        48          0          0          0          0         68   dfixul.o
        34          0          0          0          0         76   dflti.o
        26          0          0          0          0         76   dfltui.o
       224          0          0          0          0         96   dmul.o
        44          0          0          0          0         68   f2d.o
       108          0          0          0          0        168   fepilogue.o

    ----------------------------------------------------------------------
      7404        380        452          4          0       4968   Library Totals
        10          4          7          0          0          0   (incl. Padding)

    ----------------------------------------------------------------------

      Code (inc. data)   RO Data    RW Data    ZI Data      Debug   Library Name

      2352        236        288          0          0       1280   m_wm.l
      3610        138        157          4          0       2408   mc_w.l
      1432          2          0          0          0       1280   mf_w.l

    ----------------------------------------------------------------------
      7404        380        452          4          0       4968   Library Totals

    ----------------------------------------------------------------------

==============================================================================


      Code (inc. data)   RO Data    RW Data    ZI Data      Debug   

    350640      25282     326264       7504      24864    1253543   Grand Totals
    350640      25282     326264       2188      24864    1253543   ELF Image Totals (compressed)
    350640      25282     326264       2188          0          0   ROM Totals

==============================================================================

    Total RO  Size (Code + RO Data)               676904 ( 661.04kB)
    Total RW  Size (RW Data + ZI Data)             32368 (  31.61kB)
    Total ROM Size (Code + RO Data + RW Data)     679092 ( 663.18kB)

==============================================================================

